
 Start         Length     Name                   Class
 0001:00401000 000ADCB4H .text                   CODE
 0002:004AF000 00000BECH .itext                  ICODE
 0003:004B0000 00002884H .data                   DATA
 0004:004B3000 00004E88H .bss                    BSS
 0005:00000000 00000044H .tls                    TLS


Detailed map of segments

 0001:00000000 00006341 C=CODE     S=.text    G=(none)   M=System   ACBP=A9
 0001:00006344 00000105 C=CODE     S=.text    G=(none)   M=SysInit  ACBP=A9
 0001:0000644C 00000111 C=CODE     S=.text    G=(none)   M=Types    ACBP=A9
 0001:00006560 00000D8C C=CODE     S=.text    G=(none)   M=Windows  ACBP=A9
 0001:000072EC 0000001E C=CODE     S=.text    G=(none)   M=ActiveX  ACBP=A9
 0001:0000730C 00000310 C=CODE     S=.text    G=(none)   M=SysConst ACBP=A9
 0001:0000761C 00006CFD C=CODE     S=.text    G=(none)   M=SysUtils ACBP=A9
 0001:0000E31C 000007EE C=CODE     S=.text    G=(none)   M=VarUtils ACBP=A9
 0001:0000EB0C 00006634 C=CODE     S=.text    G=(none)   M=Variants ACBP=A9
 0001:00015140 00000118 C=CODE     S=.text    G=(none)   M=RTLConsts ACBP=A9
 0001:00015258 00000EDF C=CODE     S=.text    G=(none)   M=TypInfo  ACBP=A9
 0001:00016138 0000DA91 C=CODE     S=.text    G=(none)   M=Classes  ACBP=A9
 0001:00023BCC 0000211D C=CODE     S=.text    G=(none)   M=IniFiles ACBP=A9
 0001:00025CEC 000021D5 C=CODE     S=.text    G=(none)   M=Registry ACBP=A9
 0001:00027EC4 00006D33 C=CODE     S=.text    G=(none)   M=TestFramework ACBP=A9
 0001:0002EBF8 00000025 C=CODE     S=.text    G=(none)   M=Math     ACBP=A9
 0001:0002EC20 00000191 C=CODE     S=.text    G=(none)   M=Contnrs  ACBP=A9
 0001:0002EDB4 00001262 C=CODE     S=.text    G=(none)   M=HelpIntfs ACBP=A9
 0001:00030018 00000772 C=CODE     S=.text    G=(none)   M=MultiMon ACBP=A9
 0001:0003078C 000003BE C=CODE     S=.text    G=(none)   M=CommCtrl ACBP=A9
 0001:00030B4C 00000308 C=CODE     S=.text    G=(none)   M=Consts   ACBP=A9
 0001:00030E54 00008FFA C=CODE     S=.text    G=(none)   M=Graphics ACBP=A9
 0001:00039E50 0000016A C=CODE     S=.text    G=(none)   M=SyncObjs ACBP=A9
 0001:00039FBC 00000BB9 C=CODE     S=.text    G=(none)   M=UxTheme  ACBP=A9
 0001:0003AB78 00000194 C=CODE     S=.text    G=(none)   M=DwmApi   ACBP=A9
 0001:0003AD0C 00000033 C=CODE     S=.text    G=(none)   M=ShlObj   ACBP=A9
 0001:0003AD40 00004025 C=CODE     S=.text    G=(none)   M=StdCtrls ACBP=A9
 0001:0003ED68 0000001E C=CODE     S=.text    G=(none)   M=WinSpool ACBP=A9
 0001:0003ED88 0000100A C=CODE     S=.text    G=(none)   M=Printers ACBP=A9
 0001:0003FD94 000000B0 C=CODE     S=.text    G=(none)   M=StrUtils ACBP=A9
 0001:0003FE44 00001792 C=CODE     S=.text    G=(none)   M=GraphUtil ACBP=A9
 0001:000415D8 000025E6 C=CODE     S=.text    G=(none)   M=ExtCtrls ACBP=A9
 0001:00043BC0 000006A4 C=CODE     S=.text    G=(none)   M=Dialogs  ACBP=A9
 0001:00044264 000006DA C=CODE     S=.text    G=(none)   M=Clipbrd  ACBP=A9
 0001:00044940 0000012D C=CODE     S=.text    G=(none)   M=StdActns ACBP=A9
 0001:00044A70 0000030E C=CODE     S=.text    G=(none)   M=FlatSB   ACBP=A9
 0001:00044D80 00007AE1 C=CODE     S=.text    G=(none)   M=Menus    ACBP=A9
 0001:0004C864 00014418 C=CODE     S=.text    G=(none)   M=Controls ACBP=A9
 0001:00060C7C 00000C0E C=CODE     S=.text    G=(none)   M=Themes   ACBP=A9
 0001:0006188C 00001841 C=CODE     S=.text    G=(none)   M=ImgList  ACBP=A9
 0001:000630D0 00001A42 C=CODE     S=.text    G=(none)   M=ActnList ACBP=A9
 0001:00064B14 0000F2AC C=CODE     S=.text    G=(none)   M=Forms    ACBP=A9
 0001:00073DC0 00000AD6 C=CODE     S=.text    G=(none)   M=ToolWin  ACBP=A9
 0001:00074898 000000CD C=CODE     S=.text    G=(none)   M=Buttons  ACBP=A9
 0001:00074968 0000007C C=CODE     S=.text    G=(none)   M=ExtDlgs  ACBP=A9
 0001:000749E4 00000062 C=CODE     S=.text    G=(none)   M=Mapi     ACBP=A9
 0001:00074A48 0000004D C=CODE     S=.text    G=(none)   M=ExtActns ACBP=A9
 0001:00074A98 00000038 C=CODE     S=.text    G=(none)   M=ComStrs  ACBP=A9
 0001:00074AD0 000020A2 C=CODE     S=.text    G=(none)   M=ListActns ACBP=A9
 0001:00076B74 0001D9AC C=CODE     S=.text    G=(none)   M=ComCtrls ACBP=A9
 0001:00094520 000061B6 C=CODE     S=.text    G=(none)   M=GUITestRunner ACBP=A9
 0001:0009A6D8 000006F2 C=CODE     S=.text    G=(none)   M=Utils    ACBP=A9
 0001:0009ADCC 00000DD5 C=CODE     S=.text    G=(none)   M=StrLib   ACBP=A9
 0001:0009BBA4 000011A1 C=CODE     S=.text    G=(none)   M=WinNative ACBP=A9
 0001:0009CD48 00000350 C=CODE     S=.text    G=(none)   M=Alg      ACBP=A9
 0001:0009D098 000016B8 C=CODE     S=.text    G=(none)   M=Lists    ACBP=A9
 0001:0009E750 0000010C C=CODE     S=.text    G=(none)   M=Crypto   ACBP=A9
 0001:0009E85C 00002234 C=CODE     S=.text    G=(none)   M=AssocArrays ACBP=A9
 0001:000A0A90 00000480 C=CODE     S=.text    G=(none)   M=DataLib  ACBP=A9
 0001:000A0F10 0000152C C=CODE     S=.text    G=(none)   M=VfsUtils ACBP=A9
 0001:000A243C 00000356 C=CODE     S=.text    G=(none)   M=hde32    ACBP=A9
 0001:000A2794 00001D8A C=CODE     S=.text    G=(none)   M=PatchForge ACBP=A9
 0001:000A4520 0000052E C=CODE     S=.text    G=(none)   M=VfsMatching ACBP=A9
 0001:000A4A50 00000033 C=CODE     S=.text    G=(none)   M=Concur   ACBP=A9
 0001:000A4A84 00000D62 C=CODE     S=.text    G=(none)   M=VfsBase  ACBP=A9
 0001:000A57E8 00000059 C=CODE     S=.text    G=(none)   M=DlgMesLng ACBP=A9
 0001:000A5844 0000004F C=CODE     S=.text    G=(none)   M=CLang    ACBP=A9
 0001:000A5894 0000010A C=CODE     S=.text    G=(none)   M=CLngPack ACBP=A9
 0001:000A59A0 00000230 C=CODE     S=.text    G=(none)   M=CFiles   ACBP=A9
 0001:000A5BD0 0000042A C=CODE     S=.text    G=(none)   M=Log      ACBP=A9
 0001:000A5FFC 0000003C C=CODE     S=.text    G=(none)   M=WinWrappers ACBP=A9
 0001:000A6038 0000099D C=CODE     S=.text    G=(none)   M=Files    ACBP=A9
 0001:000A69D8 000002B4 C=CODE     S=.text    G=(none)   M=Lang     ACBP=A9
 0001:000A6C8C 0000007A C=CODE     S=.text    G=(none)   M=DlgMes   ACBP=A9
 0001:000A6D08 000002F2 C=CODE     S=.text    G=(none)   M=VfsDebug ACBP=A9
 0001:000A6FFC 00000266 C=CODE     S=.text    G=(none)   M=VfsApiDigger ACBP=A9
 0001:000A7264 00000436 C=CODE     S=.text    G=(none)   M=VfsOpenFiles ACBP=A9
 0001:000A769C 000004D5 C=CODE     S=.text    G=(none)   M=VfsPatching ACBP=A9
 0001:000A7B74 00001EF6 C=CODE     S=.text    G=(none)   M=VfsHooks ACBP=A9
 0001:000A9A6C 0000016E C=CODE     S=.text    G=(none)   M=WinUtils ACBP=A9
 0001:000A9BDC 00000085 C=CODE     S=.text    G=(none)   M=VfsControl ACBP=A9
 0001:000A9C64 0000006F C=CODE     S=.text    G=(none)   M=VfsExport ACBP=A9
 0001:000A9CD4 00000264 C=CODE     S=.text    G=(none)   M=VfsTestHelper ACBP=A9
 0001:000A9F38 0000058A C=CODE     S=.text    G=(none)   M=VfsMatchingTest ACBP=A9
 0001:000AA4C4 00000566 C=CODE     S=.text    G=(none)   M=VfsDebugTest ACBP=A9
 0001:000AAA2C 000007CE C=CODE     S=.text    G=(none)   M=VfsUtilsTest ACBP=A9
 0001:000AB1FC 00000546 C=CODE     S=.text    G=(none)   M=VfsBaseTest ACBP=A9
 0001:000AB744 0000035E C=CODE     S=.text    G=(none)   M=VfsApiDiggerTest ACBP=A9
 0001:000ABAA4 0000072A C=CODE     S=.text    G=(none)   M=VfsOpenFilesTest ACBP=A9
 0001:000AC1D0 0000174A C=CODE     S=.text    G=(none)   M=VfsIntegratedTest ACBP=A9
 0001:000AD91C 00000398 C=CODE     S=.text    G=(none)   M=VfsTest  ACBP=A9
 0002:00000000 00000095 C=ICODE    S=.itext   G=(none)   M=System   ACBP=A9
 0002:00000098 00000011 C=ICODE    S=.itext   G=(none)   M=Windows  ACBP=A9
 0002:000000AC 00000088 C=ICODE    S=.itext   G=(none)   M=SysUtils ACBP=A9
 0002:00000134 0000000F C=ICODE    S=.itext   G=(none)   M=VarUtils ACBP=A9
 0002:00000144 000000AA C=ICODE    S=.itext   G=(none)   M=Variants ACBP=A9
 0002:000001F0 00000008 C=ICODE    S=.itext   G=(none)   M=TypInfo  ACBP=A9
 0002:000001F8 00000092 C=ICODE    S=.itext   G=(none)   M=Classes  ACBP=A9
 0002:0000028C 00000008 C=ICODE    S=.itext   G=(none)   M=IniFiles ACBP=A9
 0002:00000294 00000008 C=ICODE    S=.itext   G=(none)   M=Registry ACBP=A9
 0002:0000029C 0000000C C=ICODE    S=.itext   G=(none)   M=TestFramework ACBP=A9
 0002:000002A8 00000008 C=ICODE    S=.itext   G=(none)   M=HelpIntfs ACBP=A9
 0002:000002B0 0000000F C=ICODE    S=.itext   G=(none)   M=MultiMon ACBP=A9
 0002:000002C0 000000FB C=ICODE    S=.itext   G=(none)   M=Graphics ACBP=A9
 0002:000003BC 0000001B C=ICODE    S=.itext   G=(none)   M=UxTheme  ACBP=A9
 0002:000003D8 00000008 C=ICODE    S=.itext   G=(none)   M=DwmApi   ACBP=A9
 0002:000003E0 00000008 C=ICODE    S=.itext   G=(none)   M=Printers ACBP=A9
 0002:000003E8 00000098 C=ICODE    S=.itext   G=(none)   M=GraphUtil ACBP=A9
 0002:00000480 00000044 C=ICODE    S=.itext   G=(none)   M=ExtCtrls ACBP=A9
 0002:000004C4 0000003D C=ICODE    S=.itext   G=(none)   M=Dialogs  ACBP=A9
 0002:00000504 00000058 C=ICODE    S=.itext   G=(none)   M=Clipbrd  ACBP=A9
 0002:0000055C 0000000F C=ICODE    S=.itext   G=(none)   M=FlatSB   ACBP=A9
 0002:0000056C 00000085 C=ICODE    S=.itext   G=(none)   M=Menus    ACBP=A9
 0002:000005F4 0000008F C=ICODE    S=.itext   G=(none)   M=Controls ACBP=A9
 0002:00000684 00000008 C=ICODE    S=.itext   G=(none)   M=Themes   ACBP=A9
 0002:0000068C 0000002A C=ICODE    S=.itext   G=(none)   M=ActnList ACBP=A9
 0002:000006B8 00000070 C=ICODE    S=.itext   G=(none)   M=Forms    ACBP=A9
 0002:00000728 00000025 C=ICODE    S=.itext   G=(none)   M=Buttons  ACBP=A9
 0002:00000750 00000014 C=ICODE    S=.itext   G=(none)   M=ExtDlgs  ACBP=A9
 0002:00000764 00000008 C=ICODE    S=.itext   G=(none)   M=Mapi     ACBP=A9
 0002:0000076C 00000008 C=ICODE    S=.itext   G=(none)   M=ExtActns ACBP=A9
 0002:00000774 00000008 C=ICODE    S=.itext   G=(none)   M=ComCtrls ACBP=A9
 0002:0000077C 00000008 C=ICODE    S=.itext   G=(none)   M=StrLib   ACBP=A9
 0002:00000784 00000022 C=ICODE    S=.itext   G=(none)   M=VfsBase  ACBP=A9
 0002:000007A8 00000008 C=ICODE    S=.itext   G=(none)   M=DlgMesLng ACBP=A9
 0002:000007B0 0000001B C=ICODE    S=.itext   G=(none)   M=Log      ACBP=A9
 0002:000007CC 00000085 C=ICODE    S=.itext   G=(none)   M=Lang     ACBP=A9
 0002:00000854 00000078 C=ICODE    S=.itext   G=(none)   M=DlgMes   ACBP=A9
 0002:000008CC 0000001F C=ICODE    S=.itext   G=(none)   M=VfsDebug ACBP=A9
 0002:000008EC 00000016 C=ICODE    S=.itext   G=(none)   M=VfsApiDigger ACBP=A9
 0002:00000904 00000020 C=ICODE    S=.itext   G=(none)   M=VfsOpenFiles ACBP=A9
 0002:00000924 0000003B C=ICODE    S=.itext   G=(none)   M=VfsHooks ACBP=A9
 0002:00000960 00000014 C=ICODE    S=.itext   G=(none)   M=WinUtils ACBP=A9
 0002:00000974 00000051 C=ICODE    S=.itext   G=(none)   M=VfsMatchingTest ACBP=A9
 0002:000009C8 00000051 C=ICODE    S=.itext   G=(none)   M=VfsDebugTest ACBP=A9
 0002:00000A1C 00000051 C=ICODE    S=.itext   G=(none)   M=VfsUtilsTest ACBP=A9
 0002:00000A70 00000051 C=ICODE    S=.itext   G=(none)   M=VfsBaseTest ACBP=A9
 0002:00000AC4 00000051 C=ICODE    S=.itext   G=(none)   M=VfsApiDiggerTest ACBP=A9
 0002:00000B18 00000051 C=ICODE    S=.itext   G=(none)   M=VfsOpenFilesTest ACBP=A9
 0002:00000B6C 00000051 C=ICODE    S=.itext   G=(none)   M=VfsIntegratedTest ACBP=A9
 0002:00000BC0 0000002C C=ICODE    S=.itext   G=(none)   M=VfsTest  ACBP=A9
 0003:00000000 0000078C C=DATA     S=.data    G=DGROUP   M=System   ACBP=A9
 0003:0000078C 00000020 C=DATA     S=.data    G=DGROUP   M=SysInit  ACBP=A9
 0003:000007AC 0000024C C=DATA     S=.data    G=DGROUP   M=SysUtils ACBP=A9
 0003:000009F8 00000008 C=DATA     S=.data    G=DGROUP   M=VarUtils ACBP=A9
 0003:00000A00 00000136 C=DATA     S=.data    G=DGROUP   M=Variants ACBP=A9
 0003:00000B38 0000000C C=DATA     S=.data    G=DGROUP   M=TypInfo  ACBP=A9
 0003:00000B44 000000E4 C=DATA     S=.data    G=DGROUP   M=Classes  ACBP=A9
 0003:00000C28 00000008 C=DATA     S=.data    G=DGROUP   M=IniFiles ACBP=A9
 0003:00000C30 00000008 C=DATA     S=.data    G=DGROUP   M=Registry ACBP=A9
 0003:00000C38 00000014 C=DATA     S=.data    G=DGROUP   M=TestFramework ACBP=A9
 0003:00000C4C 0000030C C=DATA     S=.data    G=DGROUP   M=Graphics ACBP=A9
 0003:00000F58 00000010 C=DATA     S=.data    G=DGROUP   M=ShlObj   ACBP=A9
 0003:00000F68 00000088 C=DATA     S=.data    G=DGROUP   M=StdCtrls ACBP=A9
 0003:00000FF0 00000004 C=DATA     S=.data    G=DGROUP   M=Printers ACBP=A9
 0003:00000FF4 000004B8 C=DATA     S=.data    G=DGROUP   M=GraphUtil ACBP=A9
 0003:000014AC 00000020 C=DATA     S=.data    G=DGROUP   M=ExtCtrls ACBP=A9
 0003:000014CC 00000074 C=DATA     S=.data    G=DGROUP   M=Dialogs  ACBP=A9
 0003:00001540 0000012C C=DATA     S=.data    G=DGROUP   M=Menus    ACBP=A9
 0003:0000166C 00000140 C=DATA     S=.data    G=DGROUP   M=Controls ACBP=A9
 0003:000017AC 00000068 C=DATA     S=.data    G=DGROUP   M=Themes   ACBP=A9
 0003:00001814 00000020 C=DATA     S=.data    G=DGROUP   M=ImgList  ACBP=A9
 0003:00001834 0000013C C=DATA     S=.data    G=DGROUP   M=Forms    ACBP=A9
 0003:00001970 00000020 C=DATA     S=.data    G=DGROUP   M=ToolWin  ACBP=A9
 0003:00001990 0000002C C=DATA     S=.data    G=DGROUP   M=Buttons  ACBP=A9
 0003:000019BC 00000018 C=DATA     S=.data    G=DGROUP   M=ExtDlgs  ACBP=A9
 0003:000019D4 00000008 C=DATA     S=.data    G=DGROUP   M=Mapi     ACBP=A9
 0003:000019DC 000001D0 C=DATA     S=.data    G=DGROUP   M=ComCtrls ACBP=A9
 0003:00001BAC 00000034 C=DATA     S=.data    G=DGROUP   M=StrLib   ACBP=A9
 0003:00001BE0 00000500 C=DATA     S=.data    G=DGROUP   M=Crypto   ACBP=A9
 0003:000020E0 00000288 C=DATA     S=.data    G=DGROUP   M=PatchForge ACBP=A9
 0003:00002368 00000010 C=DATA     S=.data    G=DGROUP   M=VfsBase  ACBP=A9
 0003:00002378 00000004 C=DATA     S=.data    G=DGROUP   M=DlgMesLng ACBP=A9
 0003:0000237C 0000000C C=DATA     S=.data    G=DGROUP   M=Lang     ACBP=A9
 0003:00002388 00000004 C=DATA     S=.data    G=DGROUP   M=DlgMes   ACBP=A9
 0003:0000238C 00000001 C=DATA     S=.data    G=DGROUP   M=VfsDebug ACBP=A9
 0003:00002390 00000001 C=DATA     S=.data    G=DGROUP   M=VfsHooks ACBP=A9
 0003:00002394 00000008 C=DATA     S=.data    G=DGROUP   M=WinUtils ACBP=A9
 0004:00000000 000027EC C=BSS      S=.bss     G=DGROUP   M=System   ACBP=A9
 0004:000027EC 0000000C C=BSS      S=.bss     G=DGROUP   M=SysInit  ACBP=A9
 0004:000027F8 00000008 C=BSS      S=.bss     G=DGROUP   M=Windows  ACBP=A9
 0004:00002800 00002108 C=BSS      S=.bss     G=DGROUP   M=SysUtils ACBP=A9
 0004:00004908 0000005C C=BSS      S=.bss     G=DGROUP   M=VarUtils ACBP=A9
 0004:00004964 00000040 C=BSS      S=.bss     G=DGROUP   M=Variants ACBP=A9
 0004:000049A4 00000004 C=BSS      S=.bss     G=DGROUP   M=TypInfo  ACBP=A9
 0004:000049A8 00000040 C=BSS      S=.bss     G=DGROUP   M=Classes  ACBP=A9
 0004:000049E8 00000004 C=BSS      S=.bss     G=DGROUP   M=IniFiles ACBP=A9
 0004:000049EC 00000004 C=BSS      S=.bss     G=DGROUP   M=Registry ACBP=A9
 0004:000049F0 00000004 C=BSS      S=.bss     G=DGROUP   M=TestFramework ACBP=A9
 0004:000049F4 00000008 C=BSS      S=.bss     G=DGROUP   M=HelpIntfs ACBP=A9
 0004:000049FC 00000031 C=BSS      S=.bss     G=DGROUP   M=MultiMon ACBP=A9
 0004:00004A30 00000008 C=BSS      S=.bss     G=DGROUP   M=CommCtrl ACBP=A9
 0004:00004A38 00000060 C=BSS      S=.bss     G=DGROUP   M=Graphics ACBP=A9
 0004:00004A98 000000DC C=BSS      S=.bss     G=DGROUP   M=UxTheme  ACBP=A9
 0004:00004B74 00000010 C=BSS      S=.bss     G=DGROUP   M=DwmApi   ACBP=A9
 0004:00004B84 00000004 C=BSS      S=.bss     G=DGROUP   M=Printers ACBP=A9
 0004:00004B88 00000010 C=BSS      S=.bss     G=DGROUP   M=GraphUtil ACBP=A9
 0004:00004B98 00000008 C=BSS      S=.bss     G=DGROUP   M=ExtCtrls ACBP=A9
 0004:00004BA0 0000000C C=BSS      S=.bss     G=DGROUP   M=Dialogs  ACBP=A9
 0004:00004BAC 0000000C C=BSS      S=.bss     G=DGROUP   M=Clipbrd  ACBP=A9
 0004:00004BB8 00000034 C=BSS      S=.bss     G=DGROUP   M=FlatSB   ACBP=A9
 0004:00004BEC 00000010 C=BSS      S=.bss     G=DGROUP   M=Menus    ACBP=A9
 0004:00004BFC 00000088 C=BSS      S=.bss     G=DGROUP   M=Controls ACBP=A9
 0004:00004C84 0000000C C=BSS      S=.bss     G=DGROUP   M=Themes   ACBP=A9
 0004:00004C90 00000008 C=BSS      S=.bss     G=DGROUP   M=ImgList  ACBP=A9
 0004:00004C98 00000004 C=BSS      S=.bss     G=DGROUP   M=ActnList ACBP=A9
 0004:00004C9C 00000031 C=BSS      S=.bss     G=DGROUP   M=Forms    ACBP=A9
 0004:00004CD0 00000030 C=BSS      S=.bss     G=DGROUP   M=Buttons  ACBP=A9
 0004:00004D00 00000004 C=BSS      S=.bss     G=DGROUP   M=ExtDlgs  ACBP=A9
 0004:00004D04 00000004 C=BSS      S=.bss     G=DGROUP   M=Mapi     ACBP=A9
 0004:00004D08 00000009 C=BSS      S=.bss     G=DGROUP   M=ExtActns ACBP=A9
 0004:00004D14 00000039 C=BSS      S=.bss     G=DGROUP   M=ComCtrls ACBP=A9
 0004:00004D50 00000004 C=BSS      S=.bss     G=DGROUP   M=StrLib   ACBP=A9
 0004:00004D54 00000020 C=BSS      S=.bss     G=DGROUP   M=VfsBase  ACBP=A9
 0004:00004D74 00000004 C=BSS      S=.bss     G=DGROUP   M=DlgMesLng ACBP=A9
 0004:00004D78 00000008 C=BSS      S=.bss     G=DGROUP   M=Log      ACBP=A9
 0004:00004D80 00000014 C=BSS      S=.bss     G=DGROUP   M=Lang     ACBP=A9
 0004:00004D94 0000000C C=BSS      S=.bss     G=DGROUP   M=DlgMes   ACBP=A9
 0004:00004DA0 00000020 C=BSS      S=.bss     G=DGROUP   M=VfsDebug ACBP=A9
 0004:00004DC0 00000008 C=BSS      S=.bss     G=DGROUP   M=VfsApiDigger ACBP=A9
 0004:00004DC8 00000020 C=BSS      S=.bss     G=DGROUP   M=VfsOpenFiles ACBP=A9
 0004:00004DE8 00000064 C=BSS      S=.bss     G=DGROUP   M=VfsHooks ACBP=A9
 0004:00004E4C 0000001C C=BSS      S=.bss     G=DGROUP   M=WinUtils ACBP=A9
 0004:00004E68 00000004 C=BSS      S=.bss     G=DGROUP   M=VfsMatchingTest ACBP=A9
 0004:00004E6C 00000008 C=BSS      S=.bss     G=DGROUP   M=VfsDebugTest ACBP=A9
 0004:00004E74 00000004 C=BSS      S=.bss     G=DGROUP   M=VfsUtilsTest ACBP=A9
 0004:00004E78 00000004 C=BSS      S=.bss     G=DGROUP   M=VfsBaseTest ACBP=A9
 0004:00004E7C 00000004 C=BSS      S=.bss     G=DGROUP   M=VfsApiDiggerTest ACBP=A9
 0004:00004E80 00000004 C=BSS      S=.bss     G=DGROUP   M=VfsOpenFilesTest ACBP=A9
 0004:00004E84 00000004 C=BSS      S=.bss     G=DGROUP   M=VfsIntegratedTest ACBP=A9
 0005:00000000 00000008 C=TLS      S=.tls     G=(none)   M=System   ACBP=A9
 0005:00000008 00000008 C=TLS      S=.tls     G=(none)   M=Classes  ACBP=A9
 0005:00000010 00000030 C=TLS      S=.tls     G=(none)   M=GraphUtil ACBP=A9
 0005:00000040 00000001 C=TLS      S=.tls     G=(none)   M=VfsBase  ACBP=A9


  Address             Publics by Name

 0001:000072FC       ActiveX.CoCreateInstance
 0001:000072EC       ActiveX.CoInitialize
 0001:00007304       ActiveX.CoTaskMemAlloc
 0001:000072F4       ActiveX.CoUninitialize
 0004:00004C98       ActnList..9
 0001:0006375C       ActnList..TAction
 0001:00063A64       ActnList..TActionLink
 0001:0006336C       ActnList..TActionList
 0001:000630D0       ActnList..TContainedAction
 0001:00063654       ActnList..TCustomAction
 0001:0006328C       ActnList..TCustomActionList
 0001:000634FC       ActnList..TShortCutList
 0002:0000068C       ActnList.ActnList
 0001:00064AE4       ActnList.Finalization
 0001:00064A64       ActnList.TAction.Create
 0001:00064154       ActnList.TActionLink.IsCaptionLinked
 0001:00064168       ActnList.TActionLink.IsCheckedLinked
 0001:0006417C       ActnList.TActionLink.IsEnabledLinked
 0001:00064190       ActnList.TActionLink.IsGroupIndexLinked
 0001:000641A4       ActnList.TActionLink.IsHelpContextLinked
 0001:000641B8       ActnList.TActionLink.IsHelpLinked
 0001:000641CC       ActnList.TActionLink.IsHintLinked
 0001:000641E0       ActnList.TActionLink.IsImageIndexLinked
 0001:000641F4       ActnList.TActionLink.IsShortCutLinked
 0001:00064208       ActnList.TActionLink.IsVisibleLinked
 0001:0006421C       ActnList.TActionLink.SetAutoCheck
 0001:00064220       ActnList.TActionLink.SetCaption
 0001:00064224       ActnList.TActionLink.SetChecked
 0001:00064228       ActnList.TActionLink.SetEnabled
 0001:0006422C       ActnList.TActionLink.SetGroupIndex
 0001:00064230       ActnList.TActionLink.SetHelpContext
 0001:00064234       ActnList.TActionLink.SetHelpKeyword
 0001:00064238       ActnList.TActionLink.SetHelpType
 0001:0006423C       ActnList.TActionLink.SetHint
 0001:00064240       ActnList.TActionLink.SetImageIndex
 0001:00064244       ActnList.TActionLink.SetShortCut
 0001:00064248       ActnList.TActionLink.SetVisible
 0001:00063B34       ActnList.TContainedAction.Destroy
 0001:00063CA0       ActnList.TContainedAction.Execute
 0001:00063B68       ActnList.TContainedAction.GetIndex
 0001:00063B84       ActnList.TContainedAction.GetParentComponent
 0001:00063B94       ActnList.TContainedAction.HasParent
 0001:00063B80       ActnList.TContainedAction.IsCategoryStored
 0001:00063BA4       ActnList.TContainedAction.ReadState
 0001:00063C4C       ActnList.TContainedAction.SetActionList
 0001:00063C20       ActnList.TContainedAction.SetCategory
 0001:00063BD8       ActnList.TContainedAction.SetIndex
 0001:00063C74       ActnList.TContainedAction.SetParentComponent
 0001:00063CF8       ActnList.TContainedAction.Update
 0001:000642F0       ActnList.TCustomAction.AssignTo
 0001:0006424C       ActnList.TCustomAction.Create
 0001:000642A0       ActnList.TCustomAction.Destroy
 0001:00064920       ActnList.TCustomAction.DoHint
 0001:00064948       ActnList.TCustomAction.Execute
 0001:000649AC       ActnList.TCustomAction.GetSecondaryShortCuts
 0001:00064A2C       ActnList.TCustomAction.HandleShortCut
 0001:00064A08       ActnList.TCustomAction.IsSecondaryShortCutsStored
 0001:000643A0       ActnList.TCustomAction.SetAutoCheck
 0001:00064400       ActnList.TCustomAction.SetCaption
 0001:00064460       ActnList.TCustomAction.SetChecked
 0001:00064568       ActnList.TCustomAction.SetEnabled
 0001:000645E4       ActnList.TCustomAction.SetGroupIndex
 0001:000646FC       ActnList.TCustomAction.SetHelpContext
 0001:00064694       ActnList.TCustomAction.SetHelpKeyword
 0001:0006463C       ActnList.TCustomAction.SetHelpType
 0001:00064754       ActnList.TCustomAction.SetHint
 0001:000647B4       ActnList.TCustomAction.SetImageIndex
 0001:000648D4       ActnList.TCustomAction.SetName
 0001:000649D4       ActnList.TCustomAction.SetSecondaryShortCuts
 0001:00064810       ActnList.TCustomAction.SetShortCut
 0001:00064874       ActnList.TCustomAction.SetVisible
 0001:00063F28       ActnList.TCustomActionList.AddAction
 0001:00063F64       ActnList.TCustomActionList.Change
 0001:00063D50       ActnList.TCustomActionList.Create
 0001:00063DBC       ActnList.TCustomActionList.Destroy
 0001:00064070       ActnList.TCustomActionList.ExecuteAction
 0001:00063E84       ActnList.TCustomActionList.GetAction
 0001:00063E98       ActnList.TCustomActionList.GetActionCount
 0001:00063E0C       ActnList.TCustomActionList.GetChildren
 0001:00063ED4       ActnList.TCustomActionList.ImageListChange
 0001:00063FCC       ActnList.TCustomActionList.IsShortCut
 0001:00063EE0       ActnList.TCustomActionList.Notification
 0001:00063F48       ActnList.TCustomActionList.RemoveAction
 0001:00063E54       ActnList.TCustomActionList.SetChildOrder
 0001:00063EA0       ActnList.TCustomActionList.SetImages
 0001:000640B0       ActnList.TCustomActionList.SetState
 0001:00064090       ActnList.TCustomActionList.UpdateAction
 0001:00064A38       ActnList.TShortCutList.Add
 0001:00064AA0       ActnList.TShortCutList.IndexOfShortCut
 0001:0009CEFC       Alg.CustomQuickSort
 0001:0009CECC       Alg.ExchangeItems
 0001:0009CDFC       Alg.IntLog2
 0001:0009CD48       Alg.IntRoundToBoundary
 0001:0009CE88       Alg.IsCustomSortedArr
 0001:0009CDD4       Alg.ToRange
 0001:0009E8FC       AssocArrays..TAssocArray
 0001:0009E9EC       AssocArrays..TObjArray
 0001:0009F004       AssocArrays.AssocArrayCompareNodes
 0001:0009F118       AssocArrays.InsertNode
 0001:000A027C       AssocArrays.InsertNode
 0001:0009F1D0       AssocArrays.InsertNodeRange
 0001:000A0334       AssocArrays.InsertNodeRange
 0001:000A08D8       AssocArrays.NewAssocArr
 0001:000A09BC       AssocArrays.NewObjArr
 0001:000A0174       AssocArrays.ObjArrayCompareNodes
 0001:0009ED14       AssocArrays.TAssocArray.Assign
 0001:0009F924       AssocArrays.TAssocArray.BeginIterate
 0001:0009EFF4       AssocArrays.TAssocArray.CalcCritDepth
 0001:0009EF24       AssocArrays.TAssocArray.Clear
 0001:0009EB88       AssocArrays.TAssocArray.CloneItem
 0001:0009ECC8       AssocArrays.TAssocArray.CloneNode
 0001:0009F024       AssocArrays.TAssocArray.ConvertToLinearNodeArray
 0001:0009EA58       AssocArrays.TAssocArray.Create
 0001:0009EB60       AssocArrays.TAssocArray.Destroy
 0001:0009F89C       AssocArrays.TAssocArray.EndIterate
 0001:0009F438       AssocArrays.TAssocArray.FindItem
 0001:0009EE14       AssocArrays.TAssocArray.FreeItemValue
 0001:0009EEBC       AssocArrays.TAssocArray.FreeNode
 0001:0009EFBC       AssocArrays.TAssocArray.GetPreprocessedKey
 0001:0009F630       AssocArrays.TAssocArray.GetValue
 0001:0009EFE4       AssocArrays.TAssocArray.IsValidValue
 0001:0009F9FC       AssocArrays.TAssocArray.IterateNext
 0001:0009F304       AssocArrays.TAssocArray.Rebuild
 0001:0009F6E4       AssocArrays.TAssocArray.SetValue
 0001:000A0084       AssocArrays.TObjArray.Assign
 0001:0009FC44       AssocArrays.TObjArray.CalcCritDepth
 0001:0009FEC8       AssocArrays.TObjArray.Clear
 0001:0009FF5C       AssocArrays.TObjArray.CloneNode
 0001:000A0194       AssocArrays.TObjArray.ConvertToLinearNodeArray
 0001:0009FB2C       AssocArrays.TObjArray.Create
 0001:000A0814       AssocArrays.TObjArray.DeleteItem
 0001:0009FC04       AssocArrays.TObjArray.Destroy
 0001:000A0594       AssocArrays.TObjArray.FindItem
 0001:0009FCFC       AssocArrays.TObjArray.FreeNode
 0001:0009FC54       AssocArrays.TObjArray.FreeNodeValue
 0001:000A06C4       AssocArrays.TObjArray.GetValue
 0001:0009FC34       AssocArrays.TObjArray.IsValidValue
 0001:0009FC2C       AssocArrays.TObjArray.KeyToHash
 0001:000A0468       AssocArrays.TObjArray.Rebuild
 0001:0009FD3C       AssocArrays.TObjArray.RemoveNode
 0001:000A06FC       AssocArrays.TObjArray.SetValue
 0004:00004CD0       Buttons..5
 0003:00001990       Buttons.BitBtnCaptions
 0004:00004CD4       Buttons.BitBtnGlyphs
 0002:00000728       Buttons.Buttons
 0001:00074898       Buttons.DestroyLocals
 0001:00074930       Buttons.Finalization
 0001:000A59A0       CFiles..TAbstractFile
 0001:000A5A08       CFiles.TAbstractFile.Read
 0001:000A5B08       CFiles.TAbstractFile.ReadAllToStr
 0001:000A5AC4       CFiles.TAbstractFile.ReadStr
 0001:000A5878       CLang.IsValidClientName
 0001:000A5844       CLang.IsValidLangName
 0004:000049B4       Classes..95
 0001:000166D8       Classes..EBitsError
 0001:000165C8       Classes..EClassNotFound
 0001:00016790       Classes..EComponentError
 0001:0001640C       Classes..EFCreateError
 0001:000164C0       Classes..EFilerError
 0001:000163AC       Classes..EFileStreamError
 0001:00016468       Classes..EFOpenError
 0001:00016848       Classes..EInvalidOperation
 0001:00016680       Classes..EListError
 0001:000167EC       Classes..EOutOfResources
 0001:00016518       Classes..EReadError
 0001:00016624       Classes..EResNotFound
 0001:00016350       Classes..EStreamError
 0001:00016730       Classes..EStringListError
 0001:00017828       Classes..EThread
 0001:00016570       Classes..EWriteError
 0001:00017B50       Classes..TBasicAction
 0001:00017AD0       Classes..TBasicActionLink
 0001:00016B10       Classes..TBits
 0001:00017654       Classes..TClassFinder
 0001:00016DC0       Classes..TCollection
 0001:00016D08       Classes..TCollectionItem
 0001:00017970       Classes..TComponent
 0001:00017348       Classes..TCustomMemoryStream
 0001:000176B0       Classes..TFiler
 0001:000172C0       Classes..TFileStream
 0001:00017248       Classes..THandleStream
 0001:00018A14       Classes..TIntConst
 0001:00016C54       Classes..TInterfacedPersistent
 0001:00016AB4       Classes..TInterfaceList
 0001:000168A8       Classes..TList
 0001:000173C4       Classes..TMemoryStream
 0001:00016E94       Classes..TOwnedCollection
 0001:00016B64       Classes..TPersistent
 0001:0001CFB0       Classes..TPropFixup
 0001:0001D028       Classes..TPropIntfFixup
 0001:00017714       Classes..TReader
 0001:00017CF0       Classes..TRegGroup
 0001:00017D48       Classes..TRegGroups
 0001:00017440       Classes..TResourceStream
 0001:000171D8       Classes..TStream
 0001:000175CC       Classes..TStreamAdapter
 0001:000170C0       Classes..TStringList
 0001:00016F88       Classes..TStrings
 0001:0001690C       Classes..TThreadList
 0001:000177A8       Classes..TWriter
 0001:000189B8       Classes.ActivateClassGroup
 0003:00000B44       Classes.AddDataModule
 0001:0001D288       Classes.AddFinished
 0001:0001D2C0       Classes.AddNotFinished
 0001:0001DE34       Classes.AddSubComponentsToLoaded
 0001:00023A40       Classes.AllocateHWnd
 0001:00020D68       Classes.AncestorIsValid
 0003:00000B54       Classes.ApplicationHandleException
 0003:00000B5C       Classes.ApplicationShowException
 0001:00018D8C       Classes.BeginGlobalLoading
 0001:000225E4       Classes.BinToHex
 0003:00000BFC       Classes.BlockCode
 0001:00017C98       Classes.Bounds
 0001:0002397C       Classes.CalcJmpOffset
 0001:0001DE70       Classes.CheckSubComponents
 0001:000226EC       Classes.CheckSynchronize
 0002:000001F8       Classes.Classes
 0001:0001877C       Classes.ClassNotFound
 0001:0001904C       Classes.CollectionsEqual
 0001:0001DF50       Classes.ComponentCreated
 0003:00000B88       Classes.Convert
 0003:00000B78       Classes.Convert
 0001:0001DFD0       Classes.CreateComponent
 0001:00023AF4       Classes.DeallocateHWnd
 0001:000226AC       Classes.DoneThreadSynchronization
 0001:0001AEF0       Classes.DoWrite
 0001:00018E14       Classes.EndGlobalLoading
 0001:0001CDE8       Classes.Error
 0001:0001831C       Classes.Error
 0003:00000B6C       Classes.FilerSignature
 0001:00023B1C       Classes.Finalization
 0001:00020454       Classes.FindAncestor
 0001:0001883C       Classes.FindClass
 0001:0001E180       Classes.FindExistingComponent
 0001:00018CA4       Classes.FindGlobalComponent
 0004:000049C0       Classes.FindGlobalComponentProcs
 0001:00018B4C       Classes.FindIdentToInt
 0001:00018AD0       Classes.FindIntToIdent
 0001:000211F4       Classes.FindMethodName
 0001:0001D1BC       Classes.FindNestedComponent
 0001:0001F124       Classes.FindUniqueName
 0001:000238E8       Classes.FreeIntConstList
 0001:00023A1C       Classes.FreeObjectInstance
 0001:000187E8       Classes.GetClass
 0001:000218E4       Classes.GetComponentValue
 0001:0001A470       Classes.GetDesigner
 0001:00018770       Classes.GetFieldClassTable
 0004:000049C4       Classes.GlobalFixupList
 0001:0001D308       Classes.GlobalFixupReferences
 0005:0000000C       Classes.GlobalLists
 0005:00000008       Classes.GlobalLoaded
 0004:000049A8       Classes.GlobalNameSpace
 0001:00018964       Classes.GroupDescendentsWith
 0001:0001E8F4       Classes.HandleException
 0001:00022620       Classes.HexToBin
 0001:00018BC8       Classes.IdentToInt
 0001:00018E70       Classes.InitComponent
 0001:00018F18       Classes.InitInheritedComponent
 0001:00022678       Classes.InitThreadSynchronization
 0004:000049E0       Classes.InstBlockList
 0004:000049E4       Classes.InstFreeList
 0004:000049B8       Classes.IntConstList
 0001:00018D08       Classes.InternalReadComponentRes
 0001:00018C08       Classes.IntToIdent
 0001:00017CD4       Classes.InvalidPoint
 0001:00017CC0       Classes.InvalidPoint
 0001:00020F74       Classes.IsDefault
 0001:00020DF0       Classes.IsDefaultFloatProp
 0001:00020E4C       Classes.IsDefaultInt64Prop
 0001:00021118       Classes.IsDefaultInterfaceProp
 0001:00021260       Classes.IsDefaultMethodProp
 0001:00020FCC       Classes.IsDefaultObjectProp
 0001:00020D98       Classes.IsDefaultOrdProp
 0001:00021398       Classes.IsDefaultPropertyValue
 0001:00020EA4       Classes.IsDefaultStrProp
 0001:0002104C       Classes.IsDefaultValue
 0001:00021300       Classes.IsDefaultVariantProp
 0001:00018CE4       Classes.IsUniqueGlobalComponentName
 0004:000049AC       Classes.IsUniqueGlobalComponentNameProc
 0001:00023984       Classes.MakeObjectInstance
 0001:0001A07C       Classes.Min
 0001:00023954       Classes.ModuleUnload
 0003:00000B70       Classes.NilMethod
 0001:0001A510       Classes.NotifyDesigner
 0001:00018DE4       Classes.NotifyGlobalLoading
 0001:00020F34       Classes.ObjectAncestorMatch
 0001:000218CC       Classes.OwnedBy
 0001:00017C48       Classes.Point
 0001:000180A8       Classes.PointerInModule
 0001:0001D628       Classes.PropertyNotFound
 0001:0001E9F4       Classes.PropPathError
 0001:0001D61C       Classes.PropValueError
 0001:0001C574       Classes.RaiseException
 0001:0001FCD8       Classes.ReadCustomVariant
 0001:0001D604       Classes.ReadError
 0001:0001DF70       Classes.Recover
 0001:00017C70       Classes.Rect
 0004:000049BC       Classes.RegGroups
 0001:0001885C       Classes.RegisterClass
 0001:00018C4C       Classes.RegisterFindGlobalComponentProc
 0001:00018AA4       Classes.RegisterIntegerConsts
 0003:00000B4C       Classes.RemoveDataModule
 0001:0001D4D4       Classes.RemoveFixupReferences
 0001:0001D580       Classes.RemoveFixups
 0001:0001D918       Classes.RemoveGlobalFixup
 0001:000226C4       Classes.ResetSyncEvent
 0001:0001B050       Classes.ReturnAddr
 0001:00019238       Classes.ReturnAddr
 0001:0001E0E0       Classes.SetCompName
 0001:0001D654       Classes.SetElementValue
 0001:0001ED4C       Classes.SetInterfaceReference
 0001:0001EC68       Classes.SetIntIdent
 0001:0001ECB0       Classes.SetObjectIdent
 0001:0001DEE8       Classes.SetSubComponentState
 0001:0001ECF0       Classes.SetVariantReference
 0001:0001F7F8       Classes.SkipBinary
 0001:0001F828       Classes.SkipCollection
 0001:0001F7D0       Classes.SkipList
 0001:00017C60       Classes.SmallPoint
 0001:00018918       Classes.StartClassGroup
 0001:0002395C       Classes.StdWndProc
 0001:0001C384       Classes.StringListCompareStrings
 0004:000049B0       Classes.SyncEvent
 0003:00000BF8       Classes.SyncList
 0001:00023354       Classes.TBasicAction.Change
 0001:000231E8       Classes.TBasicAction.Create
 0001:0002322C       Classes.TBasicAction.Destroy
 0001:000232C0       Classes.TBasicAction.Execute
 0001:00023290       Classes.TBasicAction.ExecuteTarget
 0001:0002328C       Classes.TBasicAction.HandlesTarget
 0001:00023294       Classes.TBasicAction.Notification
 0001:00023368       Classes.TBasicAction.RegisterChanges
 0001:000233B4       Classes.TBasicAction.SetActionComponent
 0001:000232F8       Classes.TBasicAction.SetOnExecute
 0001:00023374       Classes.TBasicAction.UnRegisterChanges
 0001:000232DC       Classes.TBasicAction.Update
 0001:000232BC       Classes.TBasicAction.UpdateTarget
 0001:00023138       Classes.TBasicActionLink.AssignClient
 0001:00023170       Classes.TBasicActionLink.Change
 0001:000230F4       Classes.TBasicActionLink.Create
 0001:0002313C       Classes.TBasicActionLink.Destroy
 0001:00023188       Classes.TBasicActionLink.Execute
 0001:000231D0       Classes.TBasicActionLink.IsOnExecuteLinked
 0001:000231A4       Classes.TBasicActionLink.SetAction
 0001:000231D4       Classes.TBasicActionLink.SetOnExecute
 0001:000231DC       Classes.TBasicActionLink.Update
 0001:0001A034       Classes.TBits.Destroy
 0001:0001A064       Classes.TBits.Error
 0001:0001A158       Classes.TBits.GetBit
 0001:0001A170       Classes.TBits.OpenBit
 0001:0001A12C       Classes.TBits.SetBit
 0001:0001A088       Classes.TBits.SetSize
 0001:0001858C       Classes.TClassFinder.Create
 0001:000186B8       Classes.TClassFinder.Destroy
 0001:000186E8       Classes.TClassFinder.GetClass
 0001:0001A7F0       Classes.TCollection.Add
 0001:0001AC7C       Classes.TCollection.Added
 0001:0001A810       Classes.TCollection.Assign
 0001:0001A8A8       Classes.TCollection.BeginUpdate
 0001:0001A8AC       Classes.TCollection.Changed
 0001:0001A8BC       Classes.TCollection.Clear
 0001:0001A758       Classes.TCollection.Create
 0001:0001AC40       Classes.TCollection.Delete
 0001:0001AC80       Classes.TCollection.Deleting
 0001:0001A7A4       Classes.TCollection.Destroy
 0001:0001A924       Classes.TCollection.EndUpdate
 0001:0001A934       Classes.TCollection.GetAttr
 0001:0001A930       Classes.TCollection.GetAttrCount
 0001:0001A960       Classes.TCollection.GetCount
 0001:0001A968       Classes.TCollection.GetItem
 0001:0001A940       Classes.TCollection.GetItemAttr
 0001:0001A97C       Classes.TCollection.GetNamePath
 0001:0001AA44       Classes.TCollection.GetPropName
 0001:0001AB60       Classes.TCollection.Insert
 0001:0001AB7C       Classes.TCollection.InsertItem
 0001:0001AC84       Classes.TCollection.Notify
 0001:0001AC70       Classes.TCollection.Owner
 0001:0001ABE4       Classes.TCollection.RemoveItem
 0001:0001AC38       Classes.TCollection.SetItemName
 0001:0001AC3C       Classes.TCollection.Update
 0001:0001A5DC       Classes.TCollectionItem.Changed
 0001:0001A574       Classes.TCollectionItem.Create
 0001:0001A5AC       Classes.TCollectionItem.Destroy
 0001:0001A618       Classes.TCollectionItem.GetDisplayName
 0001:0001A600       Classes.TCollectionItem.GetIndex
 0001:0001A640       Classes.TCollectionItem.GetNamePath
 0001:0001A6F4       Classes.TCollectionItem.GetOwner
 0001:0001A6F8       Classes.TCollectionItem.SetCollection
 0001:0001A720       Classes.TCollectionItem.SetDisplayName
 0001:0001A728       Classes.TCollectionItem.SetIndex
 0001:0002298C       Classes.TComponent.BeforeDestruction
 0001:00022EC4       Classes.TComponent.ChangeName
 0001:000228C4       Classes.TComponent.Create
 0001:00022C54       Classes.TComponent.DefineProperties
 0001:00022910       Classes.TComponent.Destroy
 0001:00022B1C       Classes.TComponent.DestroyComponents
 0001:00022B78       Classes.TComponent.Destroying
 0001:00023000       Classes.TComponent.ExecuteAction
 0001:00022DE4       Classes.TComponent.FindComponent
 0001:00022998       Classes.TComponent.FreeNotification
 0001:00022CE8       Classes.TComponent.GetChildOwner
 0001:00022CEC       Classes.TComponent.GetChildParent
 0001:00022CE0       Classes.TComponent.GetChildren
 0001:00022ED8       Classes.TComponent.GetComponent
 0001:00022F04       Classes.TComponent.GetComponentCount
 0001:00022CF0       Classes.TComponent.GetNamePath
 0001:00022D04       Classes.TComponent.GetOwner
 0001:00022D0C       Classes.TComponent.GetParentComponent
 0001:00022CDC       Classes.TComponent.HasParent
 0001:00022A2C       Classes.TComponent.Insert
 0001:00022A80       Classes.TComponent.InsertComponent
 0001:000230F0       Classes.TComponent.IntfGetComponent
 0001:00022D2C       Classes.TComponent.Loaded
 0001:00022BF4       Classes.TComponent.Notification
 0001:00022D38       Classes.TComponent.PaletteCreated
 0001:00023070       Classes.TComponent.QueryInterface
 0001:000229EC       Classes.TComponent.ReadLeft
 0001:00022D3C       Classes.TComponent.ReadState
 0001:00022A00       Classes.TComponent.ReadTop
 0001:00022A58       Classes.TComponent.Remove
 0001:00022AE4       Classes.TComponent.RemoveComponent
 0001:00022BD8       Classes.TComponent.RemoveFreeNotification
 0001:00022BB4       Classes.TComponent.RemoveNotification
 0001:00023050       Classes.TComponent.SafeCallException
 0001:00022D08       Classes.TComponent.SetChildOrder
 0001:00022F14       Classes.TComponent.SetComponentIndex
 0001:00022F68       Classes.TComponent.SetDesigning
 0001:00022E34       Classes.TComponent.SetName
 0001:00022D10       Classes.TComponent.SetParentComponent
 0001:00022FB8       Classes.TComponent.SetReference
 0001:00023028       Classes.TComponent.UpdateAction
 0001:00022D20       Classes.TComponent.Updated
 0001:00023068       Classes.TComponent.UpdateRegistry
 0001:00022D14       Classes.TComponent.Updating
 0001:00022DCC       Classes.TComponent.ValidateContainer
 0001:00022DE0       Classes.TComponent.ValidateInsert
 0001:00022D4C       Classes.TComponent.ValidateRename
 0001:00022A14       Classes.TComponent.WriteLeft
 0001:00022D44       Classes.TComponent.WriteState
 0001:00022A20       Classes.TComponent.WriteTop
 0001:000230B0       Classes.TComponent._AddRef
 0001:000230D0       Classes.TComponent._Release
 0001:0001CB94       Classes.TCustomMemoryStream.Read
 0001:0001CBCC       Classes.TCustomMemoryStream.Seek
 0001:0001CB8C       Classes.TCustomMemoryStream.SetPointer
 0001:0001CF3C       Classes.TFiler.Create
 0001:0001CF84       Classes.TFiler.Destroy
 0001:0001CFAC       Classes.TFiler.SetRoot
 0001:0001C9A0       Classes.TFileStream.Create
 0001:0001C9E4       Classes.TFileStream.Create
 0001:0001CB58       Classes.TFileStream.Destroy
 0001:0001C8DC       Classes.THandleStream.Create
 0001:0001C918       Classes.THandleStream.Read
 0001:0001C938       Classes.THandleStream.Seek
 0001:0001C964       Classes.THandleStream.SetSize
 0001:0001C978       Classes.THandleStream.SetSize
 0001:0001C928       Classes.THandleStream.Write
 0004:000049C8       Classes.ThreadLock
 0001:00018A6C       Classes.TIntConst.Create
 0001:0001A3B8       Classes.TInterfacedPersistent.AfterConstruction
 0001:0001A448       Classes.TInterfacedPersistent.QueryInterface
 0001:0001A408       Classes.TInterfacedPersistent._AddRef
 0001:0001A428       Classes.TInterfacedPersistent._Release
 0001:00019D04       Classes.TInterfaceList.Add
 0001:00019AB4       Classes.TInterfaceList.Clear
 0001:00019A3C       Classes.TInterfaceList.Create
 0001:00019B24       Classes.TInterfaceList.Delete
 0001:00019A80       Classes.TInterfaceList.Destroy
 0001:00019FC8       Classes.TInterfaceList.Exchange
 0001:00019B84       Classes.TInterfaceList.First
 0001:00019B98       Classes.TInterfaceList.Get
 0001:00019C0C       Classes.TInterfaceList.GetCapacity
 0001:00019C5C       Classes.TInterfaceList.GetCount
 0001:00019CAC       Classes.TInterfaceList.IndexOf
 0001:00019D74       Classes.TInterfaceList.Insert
 0001:00019DDC       Classes.TInterfaceList.Last
 0001:0001A01C       Classes.TInterfaceList.Lock
 0001:00019E38       Classes.TInterfaceList.Put
 0001:00019EAC       Classes.TInterfaceList.Remove
 0001:00019F28       Classes.TInterfaceList.SetCapacity
 0001:00019F78       Classes.TInterfaceList.SetCount
 0001:0001A028       Classes.TInterfaceList.Unlock
 0001:00019190       Classes.TList.Add
 0001:000195A8       Classes.TList.Assign
 0001:000191C4       Classes.TList.Clear
 0001:000191DC       Classes.TList.Delete
 0001:00019170       Classes.TList.Destroy
 0001:0001923C       Classes.TList.Error
 0001:00019274       Classes.TList.Error
 0001:000192C8       Classes.TList.Exchange
 0001:00019318       Classes.TList.Expand
 0001:00019330       Classes.TList.First
 0001:00019338       Classes.TList.Get
 0001:00019360       Classes.TList.Grow
 0001:00019394       Classes.TList.IndexOf
 0001:000193B4       Classes.TList.Insert
 0001:00019420       Classes.TList.Last
 0001:0001942C       Classes.TList.Move
 0001:000195A4       Classes.TList.Notify
 0001:00019484       Classes.TList.Put
 0001:000194D4       Classes.TList.Remove
 0001:000194F4       Classes.TList.SetCapacity
 0001:00019530       Classes.TList.SetCount
 0001:0001CC1C       Classes.TMemoryStream.Clear
 0001:0001CBF0       Classes.TMemoryStream.Destroy
 0001:0001CC34       Classes.TMemoryStream.LoadFromStream
 0001:0001CCC0       Classes.TMemoryStream.Realloc
 0001:0001CC6C       Classes.TMemoryStream.SetCapacity
 0001:0001CC94       Classes.TMemoryStream.SetSize
 0001:0001CD40       Classes.TMemoryStream.Write
 0001:0001ACA8       Classes.TOwnedCollection.Create
 0001:0001ACEC       Classes.TOwnedCollection.GetOwner
 0001:0001A214       Classes.TPersistent.Assign
 0001:0001A228       Classes.TPersistent.AssignError
 0001:0001A2F8       Classes.TPersistent.AssignTo
 0001:0001A300       Classes.TPersistent.DefineProperties
 0001:0001A1E8       Classes.TPersistent.Destroy
 0001:0001A304       Classes.TPersistent.GetNamePath
 0001:0001A3B4       Classes.TPersistent.GetOwner
 0001:0001D088       Classes.TPropFixup.Create
 0001:0001D0E0       Classes.TPropFixup.MakeGlobalReference
 0001:0001D128       Classes.TPropFixup.ResolveReference
 0001:0001D138       Classes.TPropIntfFixup.ResolveReference
 0001:0001D6A8       Classes.TReader.CheckValue
 0001:0001D708       Classes.TReader.DefineBinaryProperty
 0001:0001D6CC       Classes.TReader.DefineProperty
 0001:0001D66C       Classes.TReader.Destroy
 0001:0001D994       Classes.TReader.DoFixupReferences
 0001:0001D7F0       Classes.TReader.EndOfList
 0001:0001D804       Classes.TReader.Error
 0001:0001FB24       Classes.TReader.FindAncestorComponent
 0001:0001FC1C       Classes.TReader.FindComponentClass
 0001:0001D8B0       Classes.TReader.FindMethod
 0001:0001D828       Classes.TReader.FindMethodInstance
 0001:0001DAD8       Classes.TReader.FlushBuffer
 0001:0001DAFC       Classes.TReader.FreeFixups
 0001:0001DB38       Classes.TReader.GetFieldClass
 0001:0001DBD0       Classes.TReader.GetPosition
 0001:0001DBE8       Classes.TReader.NextValue
 0001:0001DBF8       Classes.TReader.PropertyError
 0001:0001DC0C       Classes.TReader.Read
 0001:0001DC94       Classes.TReader.ReadBoolean
 0001:0001DC58       Classes.TReader.ReadBuffer
 0001:0001DCA8       Classes.TReader.ReadChar
 0001:0001DD64       Classes.TReader.ReadCollection
 0001:0001E224       Classes.TReader.ReadComponent
 0001:0001E664       Classes.TReader.ReadCurrency
 0001:0001E464       Classes.TReader.ReadData
 0001:0001E4D4       Classes.TReader.ReadDataInner
 0001:0001E6B4       Classes.TReader.ReadDate
 0001:0001E5DC       Classes.TReader.ReadDouble
 0001:0001E5A4       Classes.TReader.ReadFloat
 0001:0001E6F8       Classes.TReader.ReadIdent
 0001:0001E860       Classes.TReader.ReadInt64
 0001:0001E7F4       Classes.TReader.ReadInteger
 0001:0001E8A4       Classes.TReader.ReadListBegin
 0001:0001E8AC       Classes.TReader.ReadListEnd
 0001:0001E8B4       Classes.TReader.ReadPrefix
 0001:0001EA10       Classes.TReader.ReadProperty
 0001:0001EE0C       Classes.TReader.ReadPropValue
 0001:0001F184       Classes.TReader.ReadRootComponent
 0001:0001F4B8       Classes.TReader.ReadSet
 0001:0001F574       Classes.TReader.ReadSignature
 0001:0001E620       Classes.TReader.ReadSingle
 0001:0001F598       Classes.TReader.ReadStr
 0001:0001F5D4       Classes.TReader.ReadString
 0001:0001F774       Classes.TReader.ReadValue
 0001:0001FEA0       Classes.TReader.ReadVariant
 0001:0001DD08       Classes.TReader.ReadWideChar
 0001:0001F690       Classes.TReader.ReadWideString
 0001:0001FBDC       Classes.TReader.ReferenceName
 0001:0001FBF4       Classes.TReader.SetName
 0001:0001FC90       Classes.TReader.SkipBytes
 0001:0001FA7C       Classes.TReader.SkipComponent
 0001:0001FA34       Classes.TReader.SkipProperty
 0001:0001F788       Classes.TReader.SkipSetBody
 0001:0001F884       Classes.TReader.SkipValue
 0001:00017DA0       Classes.TRegGroup.AddClass
 0001:00017DAC       Classes.TRegGroup.BestClass
 0001:00017E0C       Classes.TRegGroup.BestGroup
 0001:00017E7C       Classes.TRegGroup.Create
 0001:00017ED8       Classes.TRegGroup.Destroy
 0001:00017F18       Classes.TRegGroup.GetClass
 0001:00017F80       Classes.TRegGroup.InGroup
 0001:00017FC4       Classes.TRegGroup.RegisterClass
 0001:00018084       Classes.TRegGroup.Registered
 0001:000180C8       Classes.TRegGroup.UnregisterModuleClasses
 0001:00018174       Classes.TRegGroups.Activate
 0001:000181C0       Classes.TRegGroups.Create
 0001:00018234       Classes.TRegGroups.Destroy
 0001:00018294       Classes.TRegGroups.FindGroup
 0001:000182D8       Classes.TRegGroups.GetClass
 0001:000183AC       Classes.TRegGroups.GroupWith
 0001:00018478       Classes.TRegGroups.Lock
 0001:00018484       Classes.TRegGroups.RegisterClass
 0001:0001849C       Classes.TRegGroups.Registered
 0001:000184E0       Classes.TRegGroups.StartGroup
 0001:00018530       Classes.TRegGroups.Unlock
 0001:0001853C       Classes.TRegGroups.UnregisterModuleClasses
 0001:0001CD90       Classes.TResourceStream.Create
 0001:0001CEF4       Classes.TResourceStream.Destroy
 0001:0001CE88       Classes.TResourceStream.Initialize
 0001:0001CF24       Classes.TResourceStream.Write
 0001:0001C724       Classes.TStream.CopyFrom
 0001:0001C488       Classes.TStream.GetPosition
 0001:0001C4BC       Classes.TStream.GetSize
 0001:0001C6B4       Classes.TStream.ReadBuffer
 0001:0001C818       Classes.TStream.ReadComponent
 0001:0001C5C0       Classes.TStream.Seek
 0001:0001C644       Classes.TStream.Seek
 0001:0001C4A8       Classes.TStream.SetPosition
 0001:0001C508       Classes.TStream.SetSize
 0001:0001C520       Classes.TStream.SetSize
 0001:0001C50C       Classes.TStream.SetSize64
 0001:0001C6EC       Classes.TStream.WriteBuffer
 0001:0001C878       Classes.TStream.WriteComponent
 0001:0001C880       Classes.TStream.WriteDescendent
 0001:000238D0       Classes.TStreamAdapter.Clone
 0001:00023824       Classes.TStreamAdapter.Commit
 0001:0002361C       Classes.TStreamAdapter.CopyTo
 0001:000233E0       Classes.TStreamAdapter.Create
 0001:0002342C       Classes.TStreamAdapter.Destroy
 0001:0002383C       Classes.TStreamAdapter.LockRegion
 0001:00023464       Classes.TStreamAdapter.Read
 0001:00023830       Classes.TStreamAdapter.Revert
 0001:00023534       Classes.TStreamAdapter.Seek
 0001:000235B8       Classes.TStreamAdapter.SetSize
 0001:00023854       Classes.TStreamAdapter.Stat
 0001:00023848       Classes.TStreamAdapter.UnlockRegion
 0001:000234CC       Classes.TStreamAdapter.Write
 0001:0001BDF0       Classes.TStringList.Add
 0001:0001BE00       Classes.TStringList.AddObject
 0001:0001BE64       Classes.TStringList.Changed
 0001:0001BE80       Classes.TStringList.Changing
 0001:0001BE9C       Classes.TStringList.Clear
 0001:0001C3EC       Classes.TStringList.CompareStrings
 0001:0001C3B4       Classes.TStringList.CustomSort
 0001:0001BEDC       Classes.TStringList.Delete
 0001:0001BD94       Classes.TStringList.Destroy
 0001:0001BF48       Classes.TStringList.Exchange
 0001:0001BFA4       Classes.TStringList.ExchangeItems
 0001:0001BFC8       Classes.TStringList.Find
 0001:0001C04C       Classes.TStringList.Get
 0001:0001C080       Classes.TStringList.GetCapacity
 0001:0001C084       Classes.TStringList.GetCount
 0001:0001C088       Classes.TStringList.GetObject
 0001:0001C0B0       Classes.TStringList.Grow
 0001:0001C0E4       Classes.TStringList.IndexOf
 0001:0001C120       Classes.TStringList.Insert
 0001:0001C184       Classes.TStringList.InsertItem
 0001:0001C130       Classes.TStringList.InsertObject
 0001:0001C200       Classes.TStringList.Put
 0001:0001C25C       Classes.TStringList.PutObject
 0001:0001C29C       Classes.TStringList.QuickSort
 0001:0001C330       Classes.TStringList.SetCapacity
 0001:0001C470       Classes.TStringList.SetCaseSensitive
 0001:0001C34C       Classes.TStringList.SetSorted
 0001:0001C36C       Classes.TStringList.SetUpdateState
 0001:0001C3A4       Classes.TStringList.Sort
 0001:0001AD20       Classes.TStrings.Add
 0001:0001AD44       Classes.TStrings.AddObject
 0001:0001AD68       Classes.TStrings.AddStrings
 0001:0001AE20       Classes.TStrings.Assign
 0001:0001AED8       Classes.TStrings.BeginUpdate
 0001:0001BD1C       Classes.TStrings.CompareStrings
 0001:0001AF48       Classes.TStrings.DefineProperties
 0001:0001ACF0       Classes.TStrings.Destroy
 0001:0001AF94       Classes.TStrings.EndUpdate
 0001:0001AFA8       Classes.TStrings.Equals
 0001:0001B08C       Classes.TStrings.Error
 0001:0001B054       Classes.TStrings.Error
 0001:0001B0E4       Classes.TStrings.Exchange
 0001:0001B1D0       Classes.TStrings.ExtractName
 0001:0001B24C       Classes.TStrings.GetCapacity
 0001:0001BCBC       Classes.TStrings.GetLineBreak
 0001:0001B254       Classes.TStrings.GetName
 0001:0001BD60       Classes.TStrings.GetNameValueSeparator
 0001:0001B2B4       Classes.TStrings.GetObject
 0001:0001B2B8       Classes.TStrings.GetText
 0001:0001B30C       Classes.TStrings.GetTextStr
 0001:0001B444       Classes.TStrings.IndexOf
 0001:0001B4D0       Classes.TStrings.IndexOfName
 0001:0001B5A4       Classes.TStrings.IndexOfObject
 0001:0001B5D8       Classes.TStrings.InsertObject
 0001:0001B608       Classes.TStrings.LoadFromFile
 0001:0001B65C       Classes.TStrings.LoadFromStream
 0001:0001B708       Classes.TStrings.Move
 0001:0001B7B8       Classes.TStrings.Put
 0001:0001B7E8       Classes.TStrings.PutObject
 0001:0001B7EC       Classes.TStrings.ReadData
 0001:0001B89C       Classes.TStrings.SaveToFile
 0001:0001B8F4       Classes.TStrings.SaveToStream
 0001:0001B954       Classes.TStrings.SetCapacity
 0001:0001BCF0       Classes.TStrings.SetLineBreak
 0001:0001BD78       Classes.TStrings.SetNameValueSeparator
 0001:0001B958       Classes.TStrings.SetStringsAdapter
 0001:0001B98C       Classes.TStrings.SetText
 0001:0001B9DC       Classes.TStrings.SetTextStr
 0001:0001BB80       Classes.TStrings.SetUpdateState
 0001:0001BB84       Classes.TStrings.SetValue
 0001:0001BC38       Classes.TStrings.WriteData
 0001:00019944       Classes.TThreadList.Add
 0001:00019874       Classes.TThreadList.Create
 0001:000198C8       Classes.TThreadList.Destroy
 0001:000199CC       Classes.TThreadList.LockList
 0001:000199E0       Classes.TThreadList.Remove
 0001:00019A30       Classes.TThreadList.UnlockList
 0001:000200EC       Classes.TWriter.AddAncestor
 0001:00020120       Classes.TWriter.DefineBinaryProperty
 0001:000200F8       Classes.TWriter.DefineProperty
 0001:000200C0       Classes.TWriter.Destroy
 0001:0002015C       Classes.TWriter.FindMethodName
 0001:000201B8       Classes.TWriter.FlushBuffer
 0001:000225C0       Classes.TWriter.GetLookupInfo
 0001:0002014C       Classes.TWriter.GetPosition
 0001:000201C0       Classes.TWriter.SetPosition
 0001:000201FC       Classes.TWriter.SetRoot
 0001:00020214       Classes.TWriter.Write
 0001:00020260       Classes.TWriter.WriteBinary
 0001:00020300       Classes.TWriter.WriteBoolean
 0001:000202E8       Classes.TWriter.WriteBuffer
 0001:00020314       Classes.TWriter.WriteChar
 0001:000203B4       Classes.TWriter.WriteCollection
 0001:000204A4       Classes.TWriter.WriteComponent
 0001:00020A70       Classes.TWriter.WriteCurrency
 0001:000205F8       Classes.TWriter.WriteData
 0001:00020A94       Classes.TWriter.WriteDate
 0001:00020A00       Classes.TWriter.WriteDescendent
 0001:00020A28       Classes.TWriter.WriteFloat
 0001:00020AB8       Classes.TWriter.WriteIdent
 0001:00020BF0       Classes.TWriter.WriteInteger
 0001:00020B7C       Classes.TWriter.WriteInteger
 0001:00020C48       Classes.TWriter.WriteListBegin
 0001:00020C50       Classes.TWriter.WriteListEnd
 0001:000223F4       Classes.TWriter.WriteMinStr
 0001:00020C58       Classes.TWriter.WritePrefix
 0001:00020CA0       Classes.TWriter.WriteProperties
 0001:00021DF0       Classes.TWriter.WriteProperty
 0001:00022344       Classes.TWriter.WritePropName
 0001:00022398       Classes.TWriter.WriteSignature
 0001:00020A4C       Classes.TWriter.WriteSingle
 0001:000223A8       Classes.TWriter.WriteStr
 0001:000224A0       Classes.TWriter.WriteString
 0001:000225AC       Classes.TWriter.WriteValue
 0001:00021F48       Classes.TWriter.WriteVariant
 0001:00020364       Classes.TWriter.WriteWideChar
 0001:000224F4       Classes.TWriter.WriteWideString
 0001:00018C8C       Classes.UnregisterFindGlobalComponentProc
 0001:000188CC       Classes.UnRegisterModuleClasses
 0003:00000C00       Classes.UtilWindowClass
 0001:000226D0       Classes.WaitForSyncEvent
 0003:00000B64       Classes.WakeMainThread
 0001:00018FE0       Classes.WriteCollection
 0001:00021654       Classes.WriteCollectionProp
 0001:000217F0       Classes.WriteFloatProp
 0001:00021830       Classes.WriteInt64Prop
 0001:00021C20       Classes.WriteInterfaceProp
 0001:000215E8       Classes.WriteIntProp
 0001:00021CFC       Classes.WriteMethodProp
 0001:00021A0C       Classes.WriteObjectProp
 0001:000216F8       Classes.WriteOrdProp
 0001:00021500       Classes.WritePropPath
 0001:00021554       Classes.WriteSet
 0001:0002186C       Classes.WriteStrProp
 0001:00021D8C       Classes.WriteVariantProp
 0004:00004BB0       Clipbrd..2
 0001:00044264       Clipbrd..TClipboard
 0004:00004BAE       Clipbrd.CF_COMPONENT
 0004:00004BAC       Clipbrd.CF_PICTURE
 0001:00044854       Clipbrd.Clipboard
 0002:00000504       Clipbrd.Clipbrd
 0004:00004BB4       Clipbrd.FClipboard
 0001:00044904       Clipbrd.Finalization
 0001:00044340       Clipbrd.TClipboard.Adding
 0001:00044808       Clipbrd.TClipboard.Assign
 0001:00044784       Clipbrd.TClipboard.AssignGraphic
 0001:00044700       Clipbrd.TClipboard.AssignPicture
 0001:00044698       Clipbrd.TClipboard.AssignTo
 0001:000445CC       Clipbrd.TClipboard.AssignToBitmap
 0001:00044634       Clipbrd.TClipboard.AssignToMetafile
 0001:00044514       Clipbrd.TClipboard.AssignToPicture
 0001:000442FC       Clipbrd.TClipboard.Clear
 0001:0004435C       Clipbrd.TClipboard.Close
 0001:000448D0       Clipbrd.TClipboard.Destroy
 0001:00044874       Clipbrd.TClipboard.MainWndProc
 0001:00044388       Clipbrd.TClipboard.Open
 0001:000444E8       Clipbrd.TClipboard.SetAsText
 0001:00044404       Clipbrd.TClipboard.SetBuffer
 0001:000443E4       Clipbrd.TClipboard.WndProc
 0001:000A5894       CLngPack..TLngPackReader
 0001:000A58F0       CLngPack.TLngPackReader.Create
 0001:000A596C       CLngPack.TLngPackReader.Destroy
 0004:00004D14       ComCtrls..76
 0001:00076E60       ComCtrls..ETreeViewError
 0001:0007E190       ComCtrls..TComboBoxExActionLink
 0001:0009319C       ComCtrls..TComboBoxExEnumerator
 0001:0007DE84       ComCtrls..TComboBoxExStrings
 0001:0007DC9C       ComCtrls..TComboExItem
 0001:0007DDD0       ComCtrls..TComboExItems
 0001:00078D24       ComCtrls..TConversion
 0001:0007DF9C       ComCtrls..TCustomComboBoxEx
 0001:0007ADB0       ComCtrls..TCustomListView
 0001:00078DAC       ComCtrls..TCustomRichEdit
 0001:00077414       ComCtrls..TCustomTreeView
 0001:0007A034       ComCtrls..TIconOptions
 0001:00079B08       ComCtrls..TListColumn
 0001:00079CCC       ComCtrls..TListColumns
 0001:00079D80       ComCtrls..TListItem
 0001:00079E18       ComCtrls..TListItems
 0001:0007B024       ComCtrls..TListView
 0001:0007C058       ComCtrls..TListViewActionLink
 0001:00078B58       ComCtrls..TParaAttributes
 0001:00078460       ComCtrls..TProgressBar
 0001:00078F7C       ComCtrls..TRichEdit
 0001:000845FC       ComCtrls..TRichEditStrings
 0001:00086820       ComCtrls..TSubItems
 0001:00078AC4       ComCtrls..TTextAttributes
 0001:0007CE38       ComCtrls..TToolBar
 0001:0007CDD8       ComCtrls..TToolBarEnumerator
 0001:0007C2D4       ComCtrls..TToolButton
 0001:0007C1DC       ComCtrls..TToolButtonActionLink
 0001:00076C70       ComCtrls..TTreeNode
 0001:00076D0C       ComCtrls..TTreeNodes
 0001:00077658       ComCtrls..TTreeView
 0001:00079EA4       ComCtrls..TWorkArea
 0001:00079F50       ComCtrls..TWorkAreas
 0001:00084C30       ComCtrls.AdjustLineBreaks
 0003:00001AB0       ComCtrls.Arrangements
 0003:00001AB8       ComCtrls.AutoArrange
 0003:00001A4C       ComCtrls.AutoExpandStyles
 0003:00001A90       ComCtrls.BorderStyles
 0003:00001A04       ComCtrls.BorderStyles
 0003:00001B3C       ComCtrls.ButtonStates
 0003:00001B4C       ComCtrls.ButtonStyles
 0003:00001A1C       ComCtrls.ButtonStyles
 0003:000019F8       ComCtrls.cAddMode
 0001:0008F8A4       ComCtrls.CalcSize
 0001:0007E2E8       ComCtrls.CheckCommonControl
 0003:00001B0C       ComCtrls.Codes
 0003:00001A7C       ComCtrls.Codes
 0004:00004D4C       ComCtrls.CoInitExProcLoaded
 0004:00004D48       ComCtrls.CoInitializeExProc
 0003:00001AE0       ComCtrls.ColumnClicks
 0003:00001B8C       ComCtrls.ComboBoxExStyles
 0003:00001B98       ComCtrls.ComboExStyles
 0004:00004D20       ComCtrls.ComCtlVersion
 0002:00000774       ComCtrls.ComCtrls
 0001:00090194       ComCtrls.ContainsActiveControl
 0003:000019F4       ComCtrls.ConversionFormatList
 0001:00089AE4       ComCtrls.ConvertFlags
 0001:0008994C       ComCtrls.ConvertMask
 0001:00089B08       ComCtrls.ConvertStates
 0003:00001B80       ComCtrls.CustomizeStyles
 0001:00087F94       ComCtrls.DefaultListViewSort
 0001:0007E390       ComCtrls.DefaultTreeViewSort
 0003:00001AF8       ComCtrls.Directions
 0001:00088CA0       ComCtrls.DoBufferedPaint
 0001:00088A50       ComCtrls.DoBufferedPaint
 0001:00080C2C       ComCtrls.DoBufferedPaint
 0003:00001B58       ComCtrls.DownMessage
 0003:00001A34       ComCtrls.DragStyles
 0003:00001A98       ComCtrls.EditStyles
 0003:00001A24       ComCtrls.EditStyles
 0003:00001A64       ComCtrls.Empty
 0001:000944A8       ComCtrls.Finalization
 0001:00091CB4       ComCtrls.FindButton
 0003:00001B70       ComCtrls.FlatOnXp
 0003:00001B68       ComCtrls.FlatStyles
 0004:00004D1C       ComCtrls.FRichEditModule
 0001:00087BD4       ComCtrls.GetByteLength
 0001:0007E310       ComCtrls.GetComCtlVersion
 0001:0008E9F4       ComCtrls.GetImageBitmap
 0001:0008ECB8       ComCtrls.HasDropDownButton
 0003:00001A68       ComCtrls.HideScrollBars
 0003:00001A70       ComCtrls.HideSelections
 0003:00001A2C       ComCtrls.HideSelections
 0003:00001AA8       ComCtrls.HideSelections
 0003:00001A54       ComCtrls.HotTrackStyles
 0003:00001B24       ComCtrls.IAlignment
 0001:0007E2BC       ComCtrls.InitCommonControl
 0003:00001B88       ComCtrls.InitDone
 0001:00092038       ComCtrls.InitToolMenuHooks
 0001:00092138       ComCtrls.InitToolMenuKeyHooks
 0001:00092544       ComCtrls.IsMenuBar
 0001:00090DFC       ComCtrls.IsToolButtonMouseMsg
 0004:00004D34       ComCtrls.LastMenuItem
 0004:00004D38       ComCtrls.LastMousePos
 0003:00001A0C       ComCtrls.LineStyles
 0003:00001A8C       ComCtrls.ListItemStreamVersion
 0003:00001B60       ComCtrls.ListStyles
 0004:00004D30       ComCtrls.MenuButtonIndex
 0004:00004D28       ComCtrls.MenuToolBar
 0004:00004D2C       ComCtrls.MenuToolBar2
 0003:00001AA0       ComCtrls.MultiSelections
 0001:000835E8       ComCtrls.NodeInList
 0003:00001A78       ComCtrls.Painting
 0001:00083750       ComCtrls.ProgressLimitError
 0001:0008841C       ComCtrls.ReadCols
 0001:00092070       ComCtrls.ReleaseToolMenuHooks
 0001:0009215C       ComCtrls.ReleaseToolMenuKeyHooks
 0003:00001A14       ComCtrls.RootStyles
 0003:00001A5C       ComCtrls.RowSelectStyles
 0003:000019DC       ComCtrls.RTFConversionFormat
 0003:00001A3C       ComCtrls.RTLStyles
 0001:00090EBC       ComCtrls.SendDropdownMsg
 0001:0007E348       ComCtrls.SetComCtlStyle
 0004:00004D18       ComCtrls.ShellModule
 0003:00001AD8       ComCtrls.ShowColumns
 0001:00083618       ComCtrls.SiblingNotInList
 0004:00004D40       ComCtrls.StillModal
 0001:00084CC4       ComCtrls.StreamLoad
 0001:00084C64       ComCtrls.StreamSave
 0001:000942AC       ComCtrls.TComboBoxExActionLink.AddItem
 0001:0009423C       ComCtrls.TComboBoxExActionLink.AddItem
 0001:000942E0       ComCtrls.TComboBoxExEnumerator.Clone
 0001:00094324       ComCtrls.TComboBoxExEnumerator.Create
 0001:00094360       ComCtrls.TComboBoxExEnumerator.GetCount
 0001:0009436C       ComCtrls.TComboBoxExEnumerator.GetString
 0001:00094390       ComCtrls.TComboBoxExEnumerator.Next
 0001:00094468       ComCtrls.TComboBoxExEnumerator.Reset
 0001:0009447C       ComCtrls.TComboBoxExEnumerator.Skip
 0001:00093D14       ComCtrls.TComboBoxExStrings.Add
 0001:00093D38       ComCtrls.TComboBoxExStrings.AddObject
 0001:00093D68       ComCtrls.TComboBoxExStrings.Clear
 0001:00093DD0       ComCtrls.TComboBoxExStrings.Create
 0001:00093E5C       ComCtrls.TComboBoxExStrings.Delete
 0001:00093E2C       ComCtrls.TComboBoxExStrings.Destroy
 0001:00093E68       ComCtrls.TComboBoxExStrings.Exchange
 0001:00093FB4       ComCtrls.TComboBoxExStrings.Get
 0001:00093FD8       ComCtrls.TComboBoxExStrings.GetCapacity
 0001:00093FE4       ComCtrls.TComboBoxExStrings.GetCount
 0001:00094150       ComCtrls.TComboBoxExStrings.GetItemClass
 0001:00094148       ComCtrls.TComboBoxExStrings.GetItemsClass
 0001:00093FF0       ComCtrls.TComboBoxExStrings.GetObject
 0001:00094008       ComCtrls.TComboBoxExStrings.IndexOf
 0001:000940AC       ComCtrls.TComboBoxExStrings.IndexOfName
 0001:000940B4       ComCtrls.TComboBoxExStrings.Insert
 0001:000940C8       ComCtrls.TComboBoxExStrings.Move
 0001:000940E8       ComCtrls.TComboBoxExStrings.PutObject
 0001:00094108       ComCtrls.TComboBoxExStrings.SetUpdateState
 0001:00092DA0       ComCtrls.TComboExItem.Assign
 0001:00092DF4       ComCtrls.TComboExItem.SetCaption
 0001:00092E28       ComCtrls.TComboExItem.SetData
 0001:00092E5C       ComCtrls.TComboExItem.SetDisplayName
 0001:00092E7C       ComCtrls.TComboExItem.SetImageIndex
 0001:00092EAC       ComCtrls.TComboExItem.SetIndex
 0001:00092EC8       ComCtrls.TComboExItem.SetOverlayImageIndex
 0001:00092EE4       ComCtrls.TComboExItem.SetSelectedImageIndex
 0001:00092F00       ComCtrls.TComboExItems.Add
 0001:00092F0C       ComCtrls.TComboExItems.AddItem
 0001:00092F74       ComCtrls.TComboExItems.GetComboItem
 0001:00092F88       ComCtrls.TComboExItems.Insert
 0001:00092FC0       ComCtrls.TComboExItems.Notify
 0001:00093030       ComCtrls.TComboExItems.SetItem
 0001:000845D4       ComCtrls.TConversion.ConvertReadStream
 0001:000845E8       ComCtrls.TConversion.ConvertWriteStream
 0001:00093A88       ComCtrls.TCustomComboBoxEx.ActionChange
 0001:000935CC       ComCtrls.TCustomComboBoxEx.CMColorChanged
 0001:000935A0       ComCtrls.TCustomComboBoxEx.CMParentColorChanged
 0001:000933A0       ComCtrls.TCustomComboBoxEx.CNNotify
 0001:000936A4       ComCtrls.TCustomComboBoxEx.ComboExWndProc
 0001:00093200       ComCtrls.TCustomComboBoxEx.Create
 0001:000933F0       ComCtrls.TCustomComboBoxEx.CreateParams
 0001:000936C4       ComCtrls.TCustomComboBoxEx.CreateWnd
 0001:00093328       ComCtrls.TCustomComboBoxEx.Destroy
 0001:00093B34       ComCtrls.TCustomComboBoxEx.DestroyWnd
 0001:00093B98       ComCtrls.TCustomComboBoxEx.Focused
 0001:00093A20       ComCtrls.TCustomComboBoxEx.GetActionLinkClass
 0001:00093A0C       ComCtrls.TCustomComboBoxEx.GetItemCount
 0001:00093B2C       ComCtrls.TCustomComboBoxEx.GetItemHt
 0001:00093A18       ComCtrls.TCustomComboBoxEx.GetItemsClass
 0001:000934FC       ComCtrls.TCustomComboBoxEx.ImageListChange
 0001:00093570       ComCtrls.TCustomComboBoxEx.Notification
 0001:00093AEC       ComCtrls.TCustomComboBoxEx.SetDropDownCount
 0001:00093468       ComCtrls.TCustomComboBoxEx.SetImages
 0001:00093A28       ComCtrls.TCustomComboBoxEx.SetStyleEx
 0001:00093BD4       ComCtrls.TCustomComboBoxEx.UpdateAutoComplete
 0001:00093CF4       ComCtrls.TCustomComboBoxEx.WMHelp
 0001:0009362C       ComCtrls.TCustomComboBoxEx.WMLButtonDown
 0001:00093528       ComCtrls.TCustomComboBoxEx.WndProc
 0001:0008C584       ComCtrls.TCustomListView.ActionChange
 0001:0008AA5C       ComCtrls.TCustomListView.AddItem
 0001:0008AFB0       ComCtrls.TCustomListView.AlphaSort
 0001:0008C1B0       ComCtrls.TCustomListView.AreItemsStored
 0001:0008B4F0       ComCtrls.TCustomListView.Arrange
 0001:0008AAC4       ComCtrls.TCustomListView.CanChange
 0001:0008AB7C       ComCtrls.TCustomListView.CanEdit
 0001:0008BB40       ComCtrls.TCustomListView.CanvasChanged
 0001:0008AB0C       ComCtrls.TCustomListView.Change
 0001:0008A978       ComCtrls.TCustomListView.ChangeScale
 0001:0008C524       ComCtrls.TCustomListView.Clear
 0001:0008C384       ComCtrls.TCustomListView.ClearSelection
 0001:000893F4       ComCtrls.TCustomListView.CMColorChanged
 0001:00089418       ComCtrls.TCustomListView.CMCtl3DChanged
 0001:0008ADD0       ComCtrls.TCustomListView.CMDrag
 0001:00089698       ComCtrls.TCustomListView.CMFontChanged
 0001:0008BFFC       ComCtrls.TCustomListView.CMHintShow
 0001:0008BA10       ComCtrls.TCustomListView.CNDrawItem
 0001:00089B54       ComCtrls.TCustomListView.CNNotify
 0001:0008A9EC       ComCtrls.TCustomListView.ColClick
 0001:0008AA0C       ComCtrls.TCustomListView.ColRightClick
 0001:00089680       ComCtrls.TCustomListView.ColumnsShowing
 0001:0008C3C0       ComCtrls.TCustomListView.CopySelection
 0001:00088000       ComCtrls.TCustomListView.Create
 0001:00089900       ComCtrls.TCustomListView.CreateListItem
 0001:0008993C       ComCtrls.TCustomListView.CreateListItems
 0001:000882FC       ComCtrls.TCustomListView.CreateParams
 0001:000884D0       ComCtrls.TCustomListView.CreateWnd
 0001:0008BC5C       ComCtrls.TCustomListView.CustomDraw
 0001:0008BCB4       ComCtrls.TCustomListView.CustomDrawItem
 0001:0008BD28       ComCtrls.TCustomListView.CustomDrawSubItem
 0001:0008AB44       ComCtrls.TCustomListView.Delete
 0001:0008C434       ComCtrls.TCustomListView.DeleteSelected
 0001:000881FC       ComCtrls.TCustomListView.Destroy
 0001:00088744       ComCtrls.TCustomListView.DestroyWnd
 0001:0008B848       ComCtrls.TCustomListView.DoAutoSize
 0001:0008AF08       ComCtrls.TCustomListView.DoDragOver
 0001:0008ADA4       ComCtrls.TCustomListView.DoEndDrag
 0001:0008C124       ComCtrls.TCustomListView.DoInfoTip
 0001:0008ACC4       ComCtrls.TCustomListView.DoStartDrag
 0001:0008BDA0       ComCtrls.TCustomListView.DrawItem
 0001:0008BE5C       ComCtrls.TCustomListView.DrawWorkAreas
 0001:0008ABA8       ComCtrls.TCustomListView.Edit
 0001:00088D28       ComCtrls.TCustomListView.EditWndProc
 0001:0008C57C       ComCtrls.TCustomListView.GetActionLinkClass
 0001:0008B22C       ComCtrls.TCustomListView.GetColumnFromIndex
 0001:0008C230       ComCtrls.TCustomListView.GetColumnFromTag
 0001:0008C4DC       ComCtrls.TCustomListView.GetCount
 0001:0008AC28       ComCtrls.TCustomListView.GetDragImages
 0001:0008B2B8       ComCtrls.TCustomListView.GetDropTarget
 0001:0008C180       ComCtrls.TCustomListView.GetHoverTime
 0001:0008B324       ComCtrls.TCustomListView.GetImageIndex
 0001:00089998       ComCtrls.TCustomListView.GetItem
 0001:0008B484       ComCtrls.TCustomListView.GetItemAt
 0001:00089804       ComCtrls.TCustomListView.GetItemIndex
 0001:0008B418       ComCtrls.TCustomListView.GetNearestItem
 0001:0008B344       ComCtrls.TCustomListView.GetNextItem
 0001:00089ACC       ComCtrls.TCustomListView.GetSelCount
 0001:0008B238       ComCtrls.TCustomListView.GetSelected
 0001:0008BE18       ComCtrls.TCustomListView.GetSubItemImage
 0001:0008B040       ComCtrls.TCustomListView.GetTopItem
 0001:0008B024       ComCtrls.TCustomListView.GetViewOrigin
 0001:00088AD8       ComCtrls.TCustomListView.HeaderWndProc
 0001:00088820       ComCtrls.TCustomListView.ImageListChange
 0001:0008AA3C       ComCtrls.TCustomListView.InsertItem
 0001:0008BB48       ComCtrls.TCustomListView.IsCustomDrawn
 0001:0008C1E8       ComCtrls.TCustomListView.MouseUp
 0001:00088894       ComCtrls.TCustomListView.Notification
 0001:0008982C       ComCtrls.TCustomListView.OwnerDataFetch
 0001:00089854       ComCtrls.TCustomListView.OwnerDataFind
 0001:000898A0       ComCtrls.TCustomListView.OwnerDataHint
 0001:000898C8       ComCtrls.TCustomListView.OwnerDataStateChange
 0001:00088F28       ComCtrls.TCustomListView.ResetExStyles
 0001:00089030       ComCtrls.TCustomListView.RestoreChecks
 0001:000890BC       ComCtrls.TCustomListView.SaveChecks
 0001:0008C4E8       ComCtrls.TCustomListView.SelectAll
 0001:000893BC       ComCtrls.TCustomListView.SetAllocBy
 0001:000892AC       ComCtrls.TCustomListView.SetBorderStyle
 0001:00089140       ComCtrls.TCustomListView.SetCheckboxes
 0001:000892C0       ComCtrls.TCustomListView.SetColumnClick
 0001:00089330       ComCtrls.TCustomListView.SetColumnHeaders
 0001:0008B2E0       ComCtrls.TCustomListView.SetDropTarget
 0001:00089284       ComCtrls.TCustomListView.SetFlatScrollBars
 0001:00089298       ComCtrls.TCustomListView.SetFullDrag
 0001:000891E0       ComCtrls.TCustomListView.SetGridLines
 0001:000896D8       ComCtrls.TCustomListView.SetHideSelection
 0001:000891F4       ComCtrls.TCustomListView.SetHotTrack
 0001:00089208       ComCtrls.TCustomListView.SetHotTrackStyles
 0001:0008C144       ComCtrls.TCustomListView.SetHoverTime
 0001:00089700       ComCtrls.TCustomListView.SetIconOptions
 0001:000887F0       ComCtrls.TCustomListView.SetImageList
 0001:000892D4       ComCtrls.TCustomListView.SetItemIndex
 0001:0008AF94       ComCtrls.TCustomListView.SetItems
 0001:0008B080       ComCtrls.TCustomListView.SetLargeImages
 0001:0008AFA0       ComCtrls.TCustomListView.SetListColumns
 0001:0008931C       ComCtrls.TCustomListView.SetMultiSelect
 0001:00089230       ComCtrls.TCustomListView.SetOwnerData
 0001:0008925C       ComCtrls.TCustomListView.SetOwnerDraw
 0001:000896EC       ComCtrls.TCustomListView.SetReadOnly
 0001:00089270       ComCtrls.TCustomListView.SetRowSelect
 0001:0008B250       ComCtrls.TCustomListView.SetSelected
 0001:0008BFEC       ComCtrls.TCustomListView.SetShowWorkAreas
 0001:0008B0F4       ComCtrls.TCustomListView.SetSmallImages
 0001:0008AFE8       ComCtrls.TCustomListView.SetSortType
 0001:0008B170       ComCtrls.TCustomListView.SetStateImages
 0001:00089370       ComCtrls.TCustomListView.SetTextBkColor
 0001:00089344       ComCtrls.TCustomListView.SetTextColor
 0001:00089730       ComCtrls.TCustomListView.SetViewStyle
 0001:0008B558       ComCtrls.TCustomListView.UpdateColumn
 0001:0008B518       ComCtrls.TCustomListView.UpdateColumns
 0001:00088F08       ComCtrls.TCustomListView.UpdateItems
 0001:0008968C       ComCtrls.TCustomListView.ValidHeaderHandle
 0001:0008C26C       ComCtrls.TCustomListView.WMContextMenu
 0001:0008C2F4       ComCtrls.TCustomListView.WMCtlColorEdit
 0001:0008B6C4       ComCtrls.TCustomListView.WMLButtonDown
 0001:0008943C       ComCtrls.TCustomListView.WMNotify
 0001:0008BFC4       ComCtrls.TCustomListView.WMPaint
 0001:000897B4       ComCtrls.TCustomListView.WMParentNotify
 0001:0008C5E8       ComCtrls.TCustomListView.WMVScroll
 0001:0008B9DC       ComCtrls.TCustomListView.WMWindowPosChanged
 0001:0008AC44       ComCtrls.TCustomListView.WndProc
 0001:000853C0       ComCtrls.TCustomRichEdit.Clear
 0001:00085944       ComCtrls.TCustomRichEdit.CMBiDiModeChanged
 0001:00085A50       ComCtrls.TCustomRichEdit.CMColorChanged
 0001:00085754       ComCtrls.TCustomRichEdit.CMFontChanged
 0001:00085DFC       ComCtrls.TCustomRichEdit.CNNotify
 0001:00085234       ComCtrls.TCustomRichEdit.Create
 0001:000853D8       ComCtrls.TCustomRichEdit.CreateParams
 0001:00085464       ComCtrls.TCustomRichEdit.CreateWnd
 0001:00085364       ComCtrls.TCustomRichEdit.Destroy
 0001:000855BC       ComCtrls.TCustomRichEdit.DestroyWnd
 0001:00085764       ComCtrls.TCustomRichEdit.DoSetMaxLength
 0001:00085784       ComCtrls.TCustomRichEdit.GetCaretPos
 0001:00085A38       ComCtrls.TCustomRichEdit.GetPlainText
 0001:00085830       ComCtrls.TCustomRichEdit.GetSelLength
 0001:00085858       ComCtrls.TCustomRichEdit.GetSelStart
 0001:00085900       ComCtrls.TCustomRichEdit.GetSelText
 0001:0008587C       ComCtrls.TCustomRichEdit.GetSelTextBuf
 0001:00085AB4       ComCtrls.TCustomRichEdit.Print
 0001:00085EA8       ComCtrls.TCustomRichEdit.ProtectChange
 0001:00085EF8       ComCtrls.TCustomRichEdit.RequestSize
 0001:00085E78       ComCtrls.TCustomRichEdit.SaveClipboard
 0001:00085ED8       ComCtrls.TCustomRichEdit.SelectionChange
 0001:000857E4       ComCtrls.TCustomRichEdit.SetCaretPos
 0001:00085998       ComCtrls.TCustomRichEdit.SetHideScrollBars
 0001:000859AC       ComCtrls.TCustomRichEdit.SetHideSelection
 0001:00085A44       ComCtrls.TCustomRichEdit.SetPlainText
 0001:00085A7C       ComCtrls.TCustomRichEdit.SetRichEditStrings
 0001:000859DC       ComCtrls.TCustomRichEdit.SetSelLength
 0001:00085A8C       ComCtrls.TCustomRichEdit.SetSelStart
 0001:000856C4       ComCtrls.TCustomRichEdit.WMNCDestroy
 0001:00085C8C       ComCtrls.TCustomRichEdit.WMPaint
 0001:000856DC       ComCtrls.TCustomRichEdit.WMRButtonUp
 0001:00085D50       ComCtrls.TCustomRichEdit.WMSetCursor
 0001:000856CC       ComCtrls.TCustomRichEdit.WMSetFont
 0001:000822CC       ComCtrls.TCustomTreeView.Added
 0001:00080F54       ComCtrls.TCustomTreeView.AlphaSort
 0001:00082250       ComCtrls.TCustomTreeView.CanChange
 0001:00082378       ComCtrls.TCustomTreeView.CanCollapse
 0001:000823A4       ComCtrls.TCustomTreeView.CanEdit
 0001:0008232C       ComCtrls.TCustomTreeView.CanExpand
 0001:00082A28       ComCtrls.TCustomTreeView.CanvasChanged
 0001:0008227C       ComCtrls.TCustomTreeView.Change
 0001:00082BA4       ComCtrls.TCustomTreeView.ClearSelection
 0001:00080E94       ComCtrls.TCustomTreeView.CMColorChanged
 0001:00080ED0       ComCtrls.TCustomTreeView.CMCtl3DChanged
 0001:0008212C       ComCtrls.TCustomTreeView.CMDrag
 0001:00080EEC       ComCtrls.TCustomTreeView.CMFontChanged
 0001:00080F2C       ComCtrls.TCustomTreeView.CMSysColorChange
 0001:000814DC       ComCtrls.TCustomTreeView.CNNotify
 0001:00082358       ComCtrls.TCustomTreeView.Collapse
 0001:00082BDC       ComCtrls.TCustomTreeView.ControlSelectNode
 0001:00082C40       ComCtrls.TCustomTreeView.ControlShiftSelectNode
 0001:00080438       ComCtrls.TCustomTreeView.Create
 0001:00082480       ComCtrls.TCustomTreeView.CreateNode
 0001:000824BC       ComCtrls.TCustomTreeView.CreateNodes
 0001:000806AC       ComCtrls.TCustomTreeView.CreateParams
 0001:000807C4       ComCtrls.TCustomTreeView.CreateWnd
 0001:00082AD0       ComCtrls.TCustomTreeView.CustomDraw
 0001:00082B28       ComCtrls.TCustomTreeView.CustomDrawItem
 0001:00080F60       ComCtrls.TCustomTreeView.CustomSort
 0001:000822EC       ComCtrls.TCustomTreeView.Delete
 0001:000835C4       ComCtrls.TCustomTreeView.Deselect
 0001:000805FC       ComCtrls.TCustomTreeView.Destroy
 0001:00080A50       ComCtrls.TCustomTreeView.DestroyWnd
 0001:000821B4       ComCtrls.TCustomTreeView.DoDragOver
 0001:0008210C       ComCtrls.TCustomTreeView.DoEndDrag
 0001:00082C5C       ComCtrls.TCustomTreeView.DoEnter
 0001:00082C70       ComCtrls.TCustomTreeView.DoExit
 0001:00082074       ComCtrls.TCustomTreeView.DoStartDrag
 0001:000823D0       ComCtrls.TCustomTreeView.Edit
 0001:00080CB4       ComCtrls.TCustomTreeView.EditWndProc
 0001:0008230C       ComCtrls.TCustomTreeView.Expand
 0001:00083680       ComCtrls.TCustomTreeView.FindNextToSelect
 0001:00082C84       ComCtrls.TCustomTreeView.FinishSelection
 0001:000812FC       ComCtrls.TCustomTreeView.FullExpand
 0001:0008143C       ComCtrls.TCustomTreeView.GetChangeDelay
 0001:00081FC0       ComCtrls.TCustomTreeView.GetDragImages
 0001:00081448       ComCtrls.TCustomTreeView.GetDropTarget
 0001:000811F0       ComCtrls.TCustomTreeView.GetHitTestInfoAt
 0001:00082210       ComCtrls.TCustomTreeView.GetImageIndex
 0001:000812E4       ComCtrls.TCustomTreeView.GetIndent
 0001:000811AC       ComCtrls.TCustomTreeView.GetNodeAt
 0001:000814B4       ComCtrls.TCustomTreeView.GetNodeFromItem
 0001:000813C4       ComCtrls.TCustomTreeView.GetSelected
 0001:00082230       ComCtrls.TCustomTreeView.GetSelectedIndex
 0001:00082E78       ComCtrls.TCustomTreeView.GetSelection
 0001:00082E6C       ComCtrls.TCustomTreeView.GetSelectionCount
 0001:0008370C       ComCtrls.TCustomTreeView.GetSelections
 0001:00081344       ComCtrls.TCustomTreeView.GetTopItem
 0001:000824FC       ComCtrls.TCustomTreeView.ImageListChange
 0001:00082E90       ComCtrls.TCustomTreeView.InvalidateSelectionsRects
 0001:00082A30       ComCtrls.TCustomTreeView.IsCustomDrawn
 0001:00081328       ComCtrls.TCustomTreeView.Loaded
 0001:00082EDC       ComCtrls.TCustomTreeView.MouseDown
 0001:00082F4C       ComCtrls.TCustomTreeView.NodeDeselect
 0001:00082F74       ComCtrls.TCustomTreeView.NodeSelect
 0001:00082558       ComCtrls.TCustomTreeView.Notification
 0001:0008139C       ComCtrls.TCustomTreeView.OnChangeTimer
 0001:000833C0       ComCtrls.TCustomTreeView.Select
 0001:00082F9C       ComCtrls.TCustomTreeView.Select
 0001:00083438       ComCtrls.TCustomTreeView.Select
 0001:00082FC4       ComCtrls.TCustomTreeView.SelectNode
 0001:0008101C       ComCtrls.TCustomTreeView.SetAutoExpand
 0001:000810CC       ComCtrls.TCustomTreeView.SetBorderStyle
 0001:00081108       ComCtrls.TCustomTreeView.SetButtonStyle
 0001:00081430       ComCtrls.TCustomTreeView.SetChangeDelay
[...]
   380 0001:000A6886   382 0001:000A6892   452 0001:000A6978   453 0001:000A698A
   455 0001:000A6999   459 0001:000A69C6   460 0001:000A69CE   758 0001:000A69D5

Line numbers for Lang(Lang.pas) segment .text

   123 0001:000A6A3C   124 0001:000A6A3F   125 0001:000A6A4F   164 0001:000A6A54
   165 0001:000A6A83   166 0001:000A6A99   167 0001:000A6AB9   168 0001:000A6AD9
   169 0001:000A6AF8   170 0001:000A6B21   171 0001:000A6B3B   174 0001:000A6B55
   175 0001:000A6B67   176 0001:000A6B71   177 0001:000A6B7B   178 0001:000A6B85
   179 0001:000A6B8C   180 0001:000A6B8F   181 0001:000A6B95   182 0001:000A6B9B
   183 0001:000A6BAA

Line numbers for Lang(Lang.pas) segment .itext

   470 0002:000007CC   471 0002:000007E6   472 0002:000007F7   473 0002:00000803
   474 0002:0000080C   475 0002:00000818   476 0002:00000829   477 0002:0000083A

Line numbers for DlgMes(DlgMes.pas) segment .text

    62 0001:000A6C8C    63 0001:000A6C95    64 0001:000A6CB1    78 0001:000A6CB8
    79 0001:000A6CC8

Line numbers for DlgMes(DlgMes.pas) segment .itext

   269 0002:00000854   270 0002:0000086E   271 0002:00000878   280 0002:00000896

Line numbers for VfsDebug(VfsDebug.pas) segment .text

    40 0001:000A6D64    42 0001:000A6D68    43 0001:000A6D72    44 0001:000A6D78
    45 0001:000A6D80    46 0001:000A6D8E    48 0001:000A6D98    51 0001:000A6DA0
    52 0001:000A6DA6    53 0001:000A6DBB    56 0001:000A6DC0    57 0001:000A6DC6
    59 0001:000A6DCF    61 0001:000A6DD9    62 0001:000A6DE2    65 0001:000A6DEA
    68 0001:000A6DF4    74 0001:000A6DF8    75 0001:000A6E24    87 0001:000A6E93
    89 0001:000A6EA0    91 0001:000A6EA8    92 0001:000A6EBD

Line numbers for VfsDebug(VfsDebug.pas) segment .itext

    95 0002:000008CC    96 0002:000008D5    97 0002:000008DF    98 0002:000008EA

Line numbers for VfsApiDigger(VfsApiDigger.pas) segment .text

    65 0001:000A6FFC    72 0001:000A7018    73 0001:000A7027    74 0001:000A702C
    75 0001:000A703A    77 0001:000A704B    78 0001:000A7055    79 0001:000A7061
    82 0001:000A7070    83 0001:000A707B    86 0001:000A7084    87 0001:000A708B
    89 0001:000A7096    92 0001:000A709A    93 0001:000A70A0    96 0001:000A70C1
    91 0001:000A70C2    99 0001:000A70CC    85 0001:000A70D0   103 0001:000A70D8
    72 0001:000A70DC   104 0001:000A70E5   113 0001:000A710C   114 0001:000A7112
   116 0001:000A712A   120 0001:000A712C   121 0001:000A7135   123 0001:000A713C
   124 0001:000A7148   126 0001:000A7157   127 0001:000A715C   129 0001:000A7168
   130 0001:000A7174   136 0001:000A7183   118 0001:000A7184   138 0001:000A7189
   144 0001:000A71F0   145 0001:000A71F6   146 0001:000A7204   149 0001:000A7206
   150 0001:000A720A   153 0001:000A7213   154 0001:000A7217   157 0001:000A7225
   158 0001:000A7229   160 0001:000A722E

Line numbers for VfsApiDigger(VfsApiDigger.pas) segment .itext

   162 0002:000008EC   163 0002:000008F5   164 0002:00000901

Line numbers for VfsOpenFiles(VfsOpenFiles.pas) segment .text

    68 0001:000A72D0    69 0001:000A72EB    70 0001:000A72F4    71 0001:000A7302
    74 0001:000A7324    75 0001:000A7335    76 0001:000A7340    87 0001:000A7354
    88 0001:000A73A1    90 0001:000A73A6    94 0001:000A73B3    95 0001:000A73C5
    96 0001:000A73E3    98 0001:000A73EF   100 0001:000A73F7    99 0001:000A741B
   103 0001:000A742D   107 0001:000A7438   109 0001:000A7446   110 0001:000A744E
   111 0001:000A7456   112 0001:000A746E   116 0001:000A7476   117 0001:000A7494
   118 0001:000A74A5   121 0001:000A74C0   122 0001:000A7507   126 0001:000A7522
   127 0001:000A752A   130 0001:000A7584   131 0001:000A758D   132 0001:000A759D
   138 0001:000A75A4   139 0001:000A75B0   140 0001:000A75B5   143 0001:000A75BD
   145 0001:000A75C7   147 0001:000A75D7   148 0001:000A75DD   151 0001:000A75EB
   153 0001:000A75F5   156 0001:000A75FC   158 0001:000A7608   159 0001:000A7612
   160 0001:000A7627   163 0001:000A7631   164 0001:000A7639   167 0001:000A7640
   169 0001:000A7647   170 0001:000A7651   171 0001:000A765E   173 0001:000A7668

Line numbers for VfsOpenFiles(VfsOpenFiles.pas) segment .itext

   175 0002:00000904   176 0002:0000090D   177 0002:00000917   178 0002:00000923

Line numbers for VfsPatching(VfsPatching.pas) segment .text

    41 0001:000A76C0    42 0001:000A76D0    43 0001:000A76F2    44 0001:000A7713
    46 0001:000A7718    47 0001:000A771C    48 0001:000A772A    50 0001:000A773D
    51 0001:000A7741    52 0001:000A774D    55 0001:000A776B    58 0001:000A7772
    65 0001:000A77DC    66 0001:000A77F6    67 0001:000A780E    69 0001:000A782C
    71 0001:000A782E    72 0001:000A7834    73 0001:000A784E    74 0001:000A785A
    76 0001:000A786E    89 0001:000A78FC    90 0001:000A7922    91 0001:000A793A
    92 0001:000A7952    99 0001:000A7967   100 0001:000A7974   101 0001:000A7981
   102 0001:000A79B8   105 0001:000A79C2   108 0001:000A79CE   111 0001:000A79E9
   114 0001:000A79EF   115 0001:000A79FD   116 0001:000A7A03   117 0001:000A7A2B
   118 0001:000A7A33   122 0001:000A7A41   123 0001:000A7A4E   126 0001:000A7A58
   129 0001:000A7A5E   130 0001:000A7A6C   132 0001:000A7A78   133 0001:000A7A7E
   134 0001:000A7A83   135 0001:000A7AA3   138 0001:000A7AB6   140 0001:000A7AC0
   141 0001:000A7AC8   144 0001:000A7B54   145 0001:000A7B57   146 0001:000A7B5D
   148 0001:000A7B6F   150 0001:000A7B9F

Line numbers for VfsHooks(VfsHooks.pas) segment .text

    49 0001:000A7B74    50 0001:000A7B80    51 0001:000A7B8B    59 0001:000A7B90
    60 0001:000A7BAE    61 0001:000A7BBC    63 0001:000A7BC4    64 0001:000A7BD4
    65 0001:000A7BDD    68 0001:000A7BF3    69 0001:000A7BFC    71 0001:000A7C0A
    72 0001:000A7C16    73 0001:000A7C29    75 0001:000A7C43    79 0001:000A7C53
    82 0001:000A7C5E    92 0001:000A7C8C    93 0001:000A7CE2    94 0001:000A7CEC
    97 0001:000A7D4F    98 0001:000A7D5E    99 0001:000A7D65   100 0001:000A7D70
   102 0001:000A7D78   103 0001:000A7D84   107 0001:000A7DA9   108 0001:000A7DB5
   109 0001:000A7DD4   110 0001:000A7DE8   111 0001:000A7DFA   112 0001:000A7E09
   113 0001:000A7E18   114 0001:000A7E21   116 0001:000A7E28   121 0001:000A7E31
   123 0001:000A7E3C   124 0001:000A7E48   125 0001:000A7E51   128 0001:000A7E61
   129 0001:000A7E66   130 0001:000A7E6A   133 0001:000A7E75   136 0001:000A7E83
   137 0001:000A7E91   139 0001:000A7F22   149 0001:000A8060   150 0001:000A80B6
   151 0001:000A80C0   154 0001:000A8123   155 0001:000A8132   156 0001:000A8139
   157 0001:000A8144   159 0001:000A814C   160 0001:000A8158   164 0001:000A817D
   165 0001:000A818D   166 0001:000A81AC   167 0001:000A81C0   168 0001:000A81D2
   169 0001:000A81E1   170 0001:000A81F0   171 0001:000A81FF   172 0001:000A820E
   173 0001:000A8217   174 0001:000A821F   176 0001:000A8226   181 0001:000A822F
   183 0001:000A823A   184 0001:000A8246   185 0001:000A824F   188 0001:000A825F
   189 0001:000A8264   190 0001:000A8268   193 0001:000A8273   196 0001:000A8281
   197 0001:000A828F   199 0001:000A8320   203 0001:000A8464   204 0001:000A847B
   205 0001:000A8485   208 0001:000A84AB   209 0001:000A84D5   219 0001:000A8518
   220 0001:000A854E   221 0001:000A8558   224 0001:000A85A7   225 0001:000A85B6
   226 0001:000A85BD   227 0001:000A85C8   229 0001:000A85D0   230 0001:000A85E8
   233 0001:000A8603   234 0001:000A860F   235 0001:000A861C   236 0001:000A8622
   239 0001:000A862F   240 0001:000A863B   241 0001:000A8644   244 0001:000A8654
   245 0001:000A8659   246 0001:000A865D   250 0001:000A8668   252 0001:000A8672
   254 0001:000A86A4   255 0001:000A86B6   258 0001:000A86E4   261 0001:000A86EE
   262 0001:000A86FC   263 0001:000A8714   265 0001:000A876E   268 0001:000A87B1
   271 0001:000A8914   272 0001:000A8930   273 0001:000A893A   277 0001:000A8964
   279 0001:000A896E   281 0001:000A8978   282 0001:000A897E   285 0001:000A8986
   288 0001:000A8990   289 0001:000A899A   291 0001:000A89C4   294 0001:000A8A4C
   295 0001:000A8A55   296 0001:000A8A79   310 0001:000A8A80   311 0001:000A8AA6
   312 0001:000A8AC0   313 0001:000A8AFF   315 0001:000A8B04   316 0001:000A8B0B
   317 0001:000A8B16   319 0001:000A8B22   320 0001:000A8B30   321 0001:000A8B34
   324 0001:000A8B39   326 0001:000A8B3D   327 0001:000A8B45   329 0001:000A8B49
   334 0001:000A8B53   335 0001:000A8B67   338 0001:000A8B75   341 0001:000A8B85
   344 0001:000A8BC4   345 0001:000A8C0E   347 0001:000A8C17   349 0001:000A8C2F
   350 0001:000A8C3A   380 0001:000A8D34   381 0001:000A8D51   382 0001:000A8D56
   383 0001:000A8D5B   384 0001:000A8D60   385 0001:000A8D65   388 0001:000A8D6A
   389 0001:000A8D70   390 0001:000A8D78   393 0001:000A8D7E   394 0001:000A8D88
   397 0001:000A8DF6   399 0001:000A8E00   400 0001:000A8E0B   402 0001:000A8E13
   403 0001:000A8E35   404 0001:000A8E3F   405 0001:000A8EBD   407 0001:000A8EF4
   408 0001:000A8EFC   410 0001:000A8F01   411 0001:000A8F07   414 0001:000A8F12
   416 0001:000A8F2E   419 0001:000A8F43   420 0001:000A8F49   422 0001:000A8F52
   426 0001:000A8F6D   427 0001:000A8F73   429 0001:000A8F7E   430 0001:000A8F84
   435 0001:000A8F8B   436 0001:000A8F91   438 0001:000A8FA1   439 0001:000A8FA7
   440 0001:000A8FB6   442 0001:000A8FBF   448 0001:000A8FC6   449 0001:000A8FD0
   450 0001:000A8FDA   453 0001:000A9028   454 0001:000A902E   458 0001:000A903A
   459 0001:000A9052   461 0001:000A9060   463 0001:000A906E   464 0001:000A9074
   466 0001:000A907A   469 0001:000A907E   471 0001:000A909E   472 0001:000A90AC
   473 0001:000A9119   476 0001:000A914D   477 0001:000A9153   478 0001:000A915A
   481 0001:000A9162   482 0001:000A9168   484 0001:000A9176   485 0001:000A917C
   487 0001:000A9185   488 0001:000A918B   489 0001:000A9191   490 0001:000A9198
   492 0001:000A91A3   494 0001:000A91B3   495 0001:000A91B9   496 0001:000A91BF
   498 0001:000A91D0   502 0001:000A91D9   503 0001:000A91E5   506 0001:000A91F0
   508 0001:000A91F6   509 0001:000A91FC   456 0001:000A9201   514 0001:000A921D
   516 0001:000A9225   520 0001:000A922F   521 0001:000A9239   523 0001:000A9298
   531 0001:000A94E8   533 0001:000A94EE   535 0001:000A94F8   536 0001:000A9505
   539 0001:000A950C   541 0001:000A9524   542 0001:000A952A   543 0001:000A9533
   545 0001:000A9544   550 0001:000A9553   551 0001:000A955D   554 0001:000A956D
   555 0001:000A957A   557 0001:000A9594   558 0001:000A95A3   565 0001:000A95C4
   566 0001:000A95D3   573 0001:000A95F4   574 0001:000A9603   581 0001:000A9624
   582 0001:000A9633   589 0001:000A9654   590 0001:000A9663   597 0001:000A9684
   598 0001:000A9693   605 0001:000A96B1   607 0001:000A96BB   612 0001:000A9968
   614 0001:000A9972   615 0001:000A997C   616 0001:000A9986   617 0001:000A9990
   618 0001:000A999A   619 0001:000A99A4   621 0001:000A99AE   623 0001:000A99B8
   628 0001:000A99BC   629 0001:000A99D5   630 0001:000A99DF   631 0001:000A99E4
   632 0001:000A99E9   634 0001:000A99F3

Line numbers for VfsHooks(VfsHooks.pas) segment .itext

   625 0002:00000924   626 0002:0000093E   627 0002:00000948

Line numbers for WinUtils(WinUtils.pas) segment .text

   220 0001:000A9A6C   222 0001:000A9A75   224 0001:000A9A7F   225 0001:000A9A8D
   226 0001:000A9A9C   228 0001:000A9ABC   229 0001:000A9AC2   231 0001:000A9AD1
   235 0001:000A9ADB   237 0001:000A9AE9   239 0001:000A9AF3   246 0001:000A9AF8
   247 0001:000A9B14   248 0001:000A9B1C   250 0001:000A9B30   251 0001:000A9B36
   252 0001:000A9B41   254 0001:000A9B5D   257 0001:000A9B64   258 0001:000A9B6D
   259 0001:000A9B84   264 0001:000A9B8C   265 0001:000A9BAF

Line numbers for WinUtils(WinUtils.pas) segment .itext

   261 0002:00000960   262 0002:00000969   263 0002:00000973

Line numbers for VfsControl(VfsControl.pas) segment .text

    26 0001:000A9BDC    28 0001:000A9BF5    30 0001:000A9BFF    32 0001:000A9C0A
    33 0001:000A9C10    36 0001:000A9C15    38 0001:000A9C1D    39 0001:000A9C29
    43 0001:000A9C31    45 0001:000A9C3B    47 0001:000A9C8F

Line numbers for VfsExport(VfsExport.pas) segment .text

    25 0001:000A9C64    26 0001:000A9C7B    27 0001:000A9CA8    32 0001:000A9D01

Line numbers for VfsTestHelper(VfsTestHelper.pas) segment .text

    30 0001:000A9CD4    31 0001:000A9CDA    32 0001:000A9CDF    33 0001:000A9CEA
    34 0001:000A9CF5    35 0001:000A9CFF    36 0001:000A9D09    37 0001:000A9D13
    38 0001:000A9D1D    39 0001:000A9D23    40 0001:000A9D29    41 0001:000A9D35
    42 0001:000A9D3B    43 0001:000A9D41    44 0001:000A9D47    45 0001:000A9D4D
    46 0001:000A9D5C    47 0001:000A9D67    53 0001:000A9D6C    54 0001:000A9D88
    55 0001:000A9D90    57 0001:000A9DB2    58 0001:000A9DC5    60 0001:000A9DE7
    61 0001:000A9DFE    63 0001:000A9E10    65 0001:000A9E20    67 0001:000A9F66

Line numbers for VfsMatchingTest(VfsMatchingTest.pas) segment .text

    19 0001:000AA0D4    20 0001:000AA0DC    21 0001:000AA0FA    22 0001:000AA118
    23 0001:000AA136    24 0001:000AA154    25 0001:000AA172    26 0001:000AA18A
    27 0001:000AA1A8    28 0001:000AA1C6    29 0001:000AA1E1    30 0001:000AA1FF
    31 0001:000AA21D

Line numbers for VfsMatchingTest(VfsMatchingTest.pas) segment .itext

    33 0002:00000974    34 0002:00000990    35 0002:000009A5

Line numbers for VfsDebugTest(VfsDebugTest.pas) segment .text

    25 0001:000AA668    26 0001:000AA672    29 0001:000AA674    30 0001:000AA677
    31 0001:000AA684    34 0001:000AA688    35 0001:000AA69D    36 0001:000AA6D3
    42 0001:000AA708    43 0001:000AA712    45 0001:000AA714    46 0001:000AA722
    48 0001:000AA751    51 0001:000AA758    52 0001:000AA767    58 0001:000AA814
    59 0001:000AA82F    61 0001:000AA836    62 0001:000AA844    63 0001:000AA849
    64 0001:000AA857    65 0001:000AA866    66 0001:000AA88A    68 0001:000AA893
    69 0001:000AA898    70 0001:000AA89F    71 0001:000AA8AE    72 0001:000AA8C9
    74 0001:000AA8DF    75 0001:000AA8E5    78 0001:000AA8F6

Line numbers for VfsDebugTest(VfsDebugTest.pas) segment .itext

    80 0002:000009C8    81 0002:000009E4    82 0002:000009F9

Line numbers for VfsUtilsTest(VfsUtilsTest.pas) segment .text

    24 0001:000AAC08    25 0001:000AAC24    26 0001:000AAC40    27 0001:000AAC5F
    28 0001:000AAC7E    29 0001:000AAC9D    32 0001:000AACF8    33 0001:000AAD1E
    34 0001:000AAD52    35 0001:000AAD6F    36 0001:000AADA9    37 0001:000AADEB
    46 0001:000AAED0    47 0001:000AAF10    49 0001:000AAF1C    51 0001:000AAF24
    53 0001:000AAF36    52 0001:000AAF52    57 0001:000AAF64    58 0001:000AAF6C
    59 0001:000AAF7C    61 0001:000AAFAF    62 0001:000AAFB7    70 0001:000AB070
    71 0001:000AB08F    72 0001:000AB09E    74 0001:000AB0AA    75 0001:000AB0B2
    77 0001:000AB0CF    78 0001:000AB0E3    80 0001:000AB126    81 0001:000AB12E
    82 0001:000AB136

Line numbers for VfsUtilsTest(VfsUtilsTest.pas) segment .itext

    84 0002:00000A1C    85 0002:00000A38    86 0002:00000A4D

Line numbers for VfsBaseTest(VfsBaseTest.pas) segment .text

    24 0001:000AB390    25 0001:000AB397    26 0001:000AB39C    29 0001:000AB3A0
    30 0001:000AB3A7    31 0001:000AB3AC    41 0001:000AB3B0    42 0001:000AB3F9
    43 0001:000AB408    45 0001:000AB40D    46 0001:000AB415    47 0001:000AB451
    48 0001:000AB48D    50 0001:000AB494    51 0001:000AB499    52 0001:000AB4B0
    53 0001:000AB4B8    55 0001:000AB4DB    56 0001:000AB4E2    57 0001:000AB4F9
    58 0001:000AB501    60 0001:000AB527    62 0001:000AB52F    63 0001:000AB547
    65 0001:000AB552    66 0001:000AB564    68 0001:000AB585    62 0001:000AB588
    70 0001:000AB58D    71 0001:000AB595

Line numbers for VfsBaseTest(VfsBaseTest.pas) segment .itext

    73 0002:00000A70    74 0002:00000A8C    75 0002:00000AA1

Line numbers for VfsApiDiggerTest(VfsApiDiggerTest.pas) segment .text

    31 0001:000AB8E8    32 0001:000AB907    33 0001:000AB913    35 0001:000AB91F
    36 0001:000AB927    37 0001:000AB934    39 0001:000AB941    40 0001:000AB949
    41 0001:000AB956    42 0001:000AB964    45 0001:000AB99F

Line numbers for VfsApiDiggerTest(VfsApiDiggerTest.pas) segment .itext

    47 0002:00000AC4    48 0002:00000AE0    49 0002:00000AF5

Line numbers for VfsOpenFilesTest(VfsOpenFilesTest.pas) segment .text

    26 0001:000ABC44    27 0001:000ABC4B    28 0001:000ABC50    31 0001:000ABC54
    32 0001:000ABC5B    33 0001:000ABC60    46 0001:000ABC64    47 0001:000ABC85
    49 0001:000ABC8A    50 0001:000ABC92    51 0001:000ABCBF    52 0001:000ABCEC
    54 0001:000ABCF3    55 0001:000ABD1E    56 0001:000ABD36    57 0001:000ABD43
    58 0001:000ABD5A    59 0001:000ABDA1    61 0001:000ABDA9    62 0001:000ABDC1
    63 0001:000ABDCE    64 0001:000ABDE5    65 0001:000ABE40    67 0001:000ABE48
    68 0001:000ABE60    69 0001:000ABE6D    70 0001:000ABE84    71 0001:000ABEDF
    73 0001:000ABEE7    74 0001:000ABEEF

Line numbers for VfsOpenFilesTest(VfsOpenFilesTest.pas) segment .itext

    76 0002:00000B18    77 0002:00000B34    78 0002:00000B49

Line numbers for DataFlows(DataFlows.pas) segment .text

   241 0001:00000000

Line numbers for FilesEx(FilesEx.pas) segment .text

   208 0001:00000000

Line numbers for ConsoleAPI(ConsoleApi.pas) segment .text

   467 0001:00000000

Line numbers for VfsIntegratedTest(VfsIntegratedTest.pas) segment .text

    30 0001:000AC3C8    31 0001:000AC3DD    32 0001:000AC42F    38 0001:000AC47C
    39 0001:000AC49D    40 0001:000AC4A5    41 0001:000AC4AA    42 0001:000AC4D7
    43 0001:000AC504    44 0001:000AC531    45 0001:000AC55E    46 0001:000AC58B
    47 0001:000AC595    48 0001:000AC59C    51 0001:000AC668    52 0001:000AC66F
    53 0001:000AC674    54 0001:000AC67B    64 0001:000AC680    65 0001:000AC68F
    66 0001:000AC6A0    68 0001:000AC6A8    69 0001:000AC6AE    70 0001:000AC6B4
    73 0001:000AC6C1    74 0001:000AC6CD    77 0001:000AC6D7    79 0001:000AC6E0
    80 0001:000AC701    81 0001:000AC709    82 0001:000AC752    83 0001:000AC79B
    84 0001:000AC7E4    85 0001:000AC82D    86 0001:000AC876    96 0001:000AC9B4
    97 0001:000AC9BD    99 0001:000AC9C4   100 0001:000AC9DC   102 0001:000AC9E2
   104 0001:000AC9EC   105 0001:000ACA0D   106 0001:000ACA15   107 0001:000ACA5A
   108 0001:000ACAA1   109 0001:000ACAE8   110 0001:000ACB2F   120 0001:000ACC44
   121 0001:000ACC4D   122 0001:000ACC5D   124 0001:000ACC64   125 0001:000ACC86
   126 0001:000ACC8E   128 0001:000ACC96   129 0001:000ACCA4   131 0001:000ACCD4
   133 0001:000ACD19   134 0001:000ACD4F   135 0001:000ACD63   136 0001:000ACDA1
   137 0001:000ACDAA   139 0001:000ACDC7   140 0001:000ACDD6   141 0001:000ACDEA
   142 0001:000ACE28   143 0001:000ACE31   145 0001:000ACE4E   146 0001:000ACE83
   147 0001:000ACE92   148 0001:000ACEA6   149 0001:000ACEE4   150 0001:000ACEED
   152 0001:000ACF0A   153 0001:000ACF2D   155 0001:000ACF4C   157 0001:000ACF5C
   177 0001:000AD4DC   178 0001:000AD504   180 0001:000AD510   182 0001:000AD528
   183 0001:000AD52E   186 0001:000AD54F   185 0001:000AD56E   189 0001:000AD582
   191 0001:000AD58B   197 0001:000AD5B8   198 0001:000AD5DE   200 0001:000AD5EA
   202 0001:000AD5FA   201 0001:000AD610   205 0001:000AD621   207 0001:000AD658
   208 0001:000AD679   209 0001:000AD67E   211 0001:000AD68D   212 0001:000AD695
   214 0001:000AD69D   215 0001:000AD6AB   216 0001:000AD6E1   217 0001:000AD6F1
   218 0001:000AD703   220 0001:000AD70B   221 0001:000AD71D   222 0001:000AD72D
   223 0001:000AD73F   225 0001:000AD747   226 0001:000AD77D   227 0001:000AD78D
   228 0001:000AD79F   230 0001:000AD7B4   231 0001:000AD7BC   232 0001:000AD7C4
   234 0001:000AD7D4

Line numbers for VfsIntegratedTest(VfsIntegratedTest.pas) segment .itext

   236 0002:00000B6C   237 0002:00000B88   238 0002:00000B9D

Line numbers for VfsTest(VfsTest.dpr) segment .itext

    12 0002:00000BC0    13 0002:00000BD0    14 0002:00000BD8    15 0002:00000BDD
    16 0002:00000BE7

Bound resource files

d:\soft\programming\delphi\lib\Controls.res
d:\soft\programming\delphi\lib\Buttons.res
d:\soft\programming\delphi\lib\ExtDlgs.res
d:\soft\programming\delphi\lib\GUITestRunner.DFM
VfsTest.drf


Program entry point at 0002:00000BC0
