
 Start         Length     Name                   Class
 0001:00401000 000AD54CH .text                   CODE
 0002:004AF000 00000BECH .itext                  ICODE
 0003:004B0000 00002884H .data                   DATA
 0004:004B3000 00004E88H .bss                    BSS
 0005:00000000 00000044H .tls                    TLS


Detailed map of segments

 0001:00000000 000063C9 C=CODE     S=.text    G=(none)   M=System   ACBP=A9
 0001:000063CC 00000105 C=CODE     S=.text    G=(none)   M=SysInit  ACBP=A9
 0001:000064D4 00000111 C=CODE     S=.text    G=(none)   M=Types    ACBP=A9
 0001:000065E8 00000D94 C=CODE     S=.text    G=(none)   M=Windows  ACBP=A9
 0001:0000737C 0000001E C=CODE     S=.text    G=(none)   M=ActiveX  ACBP=A9
 0001:0000739C 00000310 C=CODE     S=.text    G=(none)   M=SysConst ACBP=A9
 0001:000076AC 00006DD1 C=CODE     S=.text    G=(none)   M=SysUtils ACBP=A9
 0001:0000E480 000007EE C=CODE     S=.text    G=(none)   M=VarUtils ACBP=A9
 0001:0000EC70 00006634 C=CODE     S=.text    G=(none)   M=Variants ACBP=A9
 0001:000152A4 00000118 C=CODE     S=.text    G=(none)   M=RTLConsts ACBP=A9
 0001:000153BC 00000EDF C=CODE     S=.text    G=(none)   M=TypInfo  ACBP=A9
 0001:0001629C 0000DA91 C=CODE     S=.text    G=(none)   M=Classes  ACBP=A9
 0001:00023D30 0000211D C=CODE     S=.text    G=(none)   M=IniFiles ACBP=A9
 0001:00025E50 000021D5 C=CODE     S=.text    G=(none)   M=Registry ACBP=A9
 0001:00028028 00006D33 C=CODE     S=.text    G=(none)   M=TestFramework ACBP=A9
 0001:0002ED5C 00000025 C=CODE     S=.text    G=(none)   M=Math     ACBP=A9
 0001:0002ED84 00000191 C=CODE     S=.text    G=(none)   M=Contnrs  ACBP=A9
 0001:0002EF18 00001262 C=CODE     S=.text    G=(none)   M=HelpIntfs ACBP=A9
 0001:0003017C 00000772 C=CODE     S=.text    G=(none)   M=MultiMon ACBP=A9
 0001:000308F0 000003BE C=CODE     S=.text    G=(none)   M=CommCtrl ACBP=A9
 0001:00030CB0 00000308 C=CODE     S=.text    G=(none)   M=Consts   ACBP=A9
 0001:00030FB8 00008FFA C=CODE     S=.text    G=(none)   M=Graphics ACBP=A9
 0001:00039FB4 0000016A C=CODE     S=.text    G=(none)   M=SyncObjs ACBP=A9
 0001:0003A120 00000BB9 C=CODE     S=.text    G=(none)   M=UxTheme  ACBP=A9
 0001:0003ACDC 00000194 C=CODE     S=.text    G=(none)   M=DwmApi   ACBP=A9
 0001:0003AE70 00000033 C=CODE     S=.text    G=(none)   M=ShlObj   ACBP=A9
 0001:0003AEA4 00004025 C=CODE     S=.text    G=(none)   M=StdCtrls ACBP=A9
 0001:0003EECC 0000001E C=CODE     S=.text    G=(none)   M=WinSpool ACBP=A9
 0001:0003EEEC 0000100A C=CODE     S=.text    G=(none)   M=Printers ACBP=A9
 0001:0003FEF8 000000B0 C=CODE     S=.text    G=(none)   M=StrUtils ACBP=A9
 0001:0003FFA8 00001792 C=CODE     S=.text    G=(none)   M=GraphUtil ACBP=A9
 0001:0004173C 000025E6 C=CODE     S=.text    G=(none)   M=ExtCtrls ACBP=A9
 0001:00043D24 000006A4 C=CODE     S=.text    G=(none)   M=Dialogs  ACBP=A9
 0001:000443C8 000006DA C=CODE     S=.text    G=(none)   M=Clipbrd  ACBP=A9
 0001:00044AA4 0000012D C=CODE     S=.text    G=(none)   M=StdActns ACBP=A9
 0001:00044BD4 0000030E C=CODE     S=.text    G=(none)   M=FlatSB   ACBP=A9
 0001:00044EE4 00007AE1 C=CODE     S=.text    G=(none)   M=Menus    ACBP=A9
 0001:0004C9C8 00014418 C=CODE     S=.text    G=(none)   M=Controls ACBP=A9
 0001:00060DE0 00000C0E C=CODE     S=.text    G=(none)   M=Themes   ACBP=A9
 0001:000619F0 00001841 C=CODE     S=.text    G=(none)   M=ImgList  ACBP=A9
 0001:00063234 00001A42 C=CODE     S=.text    G=(none)   M=ActnList ACBP=A9
 0001:00064C78 0000F2AC C=CODE     S=.text    G=(none)   M=Forms    ACBP=A9
 0001:00073F24 00000AD6 C=CODE     S=.text    G=(none)   M=ToolWin  ACBP=A9
 0001:000749FC 000000CD C=CODE     S=.text    G=(none)   M=Buttons  ACBP=A9
 0001:00074ACC 0000007C C=CODE     S=.text    G=(none)   M=ExtDlgs  ACBP=A9
 0001:00074B48 00000062 C=CODE     S=.text    G=(none)   M=Mapi     ACBP=A9
 0001:00074BAC 0000004D C=CODE     S=.text    G=(none)   M=ExtActns ACBP=A9
 0001:00074BFC 00000038 C=CODE     S=.text    G=(none)   M=ComStrs  ACBP=A9
 0001:00074C34 000020A2 C=CODE     S=.text    G=(none)   M=ListActns ACBP=A9
 0001:00076CD8 0001D9AC C=CODE     S=.text    G=(none)   M=ComCtrls ACBP=A9
 0001:00094684 000061B6 C=CODE     S=.text    G=(none)   M=GUITestRunner ACBP=A9
 0001:0009A83C 000006F2 C=CODE     S=.text    G=(none)   M=Utils    ACBP=A9
 0001:0009AF30 00000A69 C=CODE     S=.text    G=(none)   M=StrLib   ACBP=A9
 0001:0009B99C 0000010C C=CODE     S=.text    G=(none)   M=Crypto   ACBP=A9
 0001:0009BAA8 00000350 C=CODE     S=.text    G=(none)   M=Alg      ACBP=A9
 0001:0009BDF8 00002234 C=CODE     S=.text    G=(none)   M=AssocArrays ACBP=A9
 0001:0009E02C 000016B8 C=CODE     S=.text    G=(none)   M=Lists    ACBP=A9
 0001:0009F6E4 00000480 C=CODE     S=.text    G=(none)   M=DataLib  ACBP=A9
 0001:0009FB64 000011A1 C=CODE     S=.text    G=(none)   M=WinNative ACBP=A9
 0001:000A0D08 00001378 C=CODE     S=.text    G=(none)   M=VfsUtils ACBP=A9
 0001:000A2080 00000356 C=CODE     S=.text    G=(none)   M=hde32    ACBP=A9
 0001:000A23D8 00001D8A C=CODE     S=.text    G=(none)   M=PatchForge ACBP=A9
 0001:000A4164 0000052E C=CODE     S=.text    G=(none)   M=VfsMatching ACBP=A9
 0001:000A4694 00000033 C=CODE     S=.text    G=(none)   M=Concur   ACBP=A9
 0001:000A46C8 00000D72 C=CODE     S=.text    G=(none)   M=VfsBase  ACBP=A9
 0001:000A543C 00000059 C=CODE     S=.text    G=(none)   M=DlgMesLng ACBP=A9
 0001:000A5498 0000004F C=CODE     S=.text    G=(none)   M=CLang    ACBP=A9
 0001:000A54E8 0000010A C=CODE     S=.text    G=(none)   M=CLngPack ACBP=A9
 0001:000A55F4 00000230 C=CODE     S=.text    G=(none)   M=CFiles   ACBP=A9
 0001:000A5824 0000042A C=CODE     S=.text    G=(none)   M=Log      ACBP=A9
 0001:000A5C50 0000003C C=CODE     S=.text    G=(none)   M=WinWrappers ACBP=A9
 0001:000A5C8C 0000099D C=CODE     S=.text    G=(none)   M=Files    ACBP=A9
 0001:000A662C 000002B4 C=CODE     S=.text    G=(none)   M=Lang     ACBP=A9
 0001:000A68E0 0000007A C=CODE     S=.text    G=(none)   M=DlgMes   ACBP=A9
 0001:000A695C 000002F2 C=CODE     S=.text    G=(none)   M=VfsDebug ACBP=A9
 0001:000A6C50 00000266 C=CODE     S=.text    G=(none)   M=VfsApiDigger ACBP=A9
 0001:000A6EB8 00000436 C=CODE     S=.text    G=(none)   M=VfsOpenFiles ACBP=A9
 0001:000A72F0 000004D5 C=CODE     S=.text    G=(none)   M=VfsPatching ACBP=A9
 0001:000A77C8 00001EF6 C=CODE     S=.text    G=(none)   M=VfsHooks ACBP=A9
 0001:000A96C0 00000155 C=CODE     S=.text    G=(none)   M=VfsControl ACBP=A9
 0001:000A9818 0000006F C=CODE     S=.text    G=(none)   M=VfsExport ACBP=A9
 0001:000A9888 0000008A C=CODE     S=.text    G=(none)   M=VfsTestHelper ACBP=A9
 0001:000A9914 0000058A C=CODE     S=.text    G=(none)   M=VfsMatchingTest ACBP=A9
 0001:000A9EA0 00000566 C=CODE     S=.text    G=(none)   M=VfsDebugTest ACBP=A9
 0001:000AA408 000000CA C=CODE     S=.text    G=(none)   M=WinUtils ACBP=A9
 0001:000AA4D4 000005CE C=CODE     S=.text    G=(none)   M=VfsUtilsTest ACBP=A9
 0001:000AAAA4 0000067A C=CODE     S=.text    G=(none)   M=VfsBaseTest ACBP=A9
 0001:000AB120 0000035E C=CODE     S=.text    G=(none)   M=VfsApiDiggerTest ACBP=A9
 0001:000AB480 00000722 C=CODE     S=.text    G=(none)   M=VfsOpenFilesTest ACBP=A9
 0001:000ABBA4 0000160E C=CODE     S=.text    G=(none)   M=VfsIntegratedTest ACBP=A9
 0001:000AD1B4 00000398 C=CODE     S=.text    G=(none)   M=VfsTest  ACBP=A9
 0002:00000000 00000095 C=ICODE    S=.itext   G=(none)   M=System   ACBP=A9
 0002:00000098 00000011 C=ICODE    S=.itext   G=(none)   M=Windows  ACBP=A9
 0002:000000AC 00000088 C=ICODE    S=.itext   G=(none)   M=SysUtils ACBP=A9
 0002:00000134 0000000F C=ICODE    S=.itext   G=(none)   M=VarUtils ACBP=A9
 0002:00000144 000000AA C=ICODE    S=.itext   G=(none)   M=Variants ACBP=A9
 0002:000001F0 00000008 C=ICODE    S=.itext   G=(none)   M=TypInfo  ACBP=A9
 0002:000001F8 00000092 C=ICODE    S=.itext   G=(none)   M=Classes  ACBP=A9
 0002:0000028C 00000008 C=ICODE    S=.itext   G=(none)   M=IniFiles ACBP=A9
 0002:00000294 00000008 C=ICODE    S=.itext   G=(none)   M=Registry ACBP=A9
 0002:0000029C 0000000C C=ICODE    S=.itext   G=(none)   M=TestFramework ACBP=A9
 0002:000002A8 00000008 C=ICODE    S=.itext   G=(none)   M=HelpIntfs ACBP=A9
 0002:000002B0 0000000F C=ICODE    S=.itext   G=(none)   M=MultiMon ACBP=A9
 0002:000002C0 000000FB C=ICODE    S=.itext   G=(none)   M=Graphics ACBP=A9
 0002:000003BC 0000001B C=ICODE    S=.itext   G=(none)   M=UxTheme  ACBP=A9
 0002:000003D8 00000008 C=ICODE    S=.itext   G=(none)   M=DwmApi   ACBP=A9
 0002:000003E0 00000008 C=ICODE    S=.itext   G=(none)   M=Printers ACBP=A9
 0002:000003E8 00000098 C=ICODE    S=.itext   G=(none)   M=GraphUtil ACBP=A9
 0002:00000480 00000044 C=ICODE    S=.itext   G=(none)   M=ExtCtrls ACBP=A9
 0002:000004C4 0000003D C=ICODE    S=.itext   G=(none)   M=Dialogs  ACBP=A9
 0002:00000504 00000058 C=ICODE    S=.itext   G=(none)   M=Clipbrd  ACBP=A9
 0002:0000055C 0000000F C=ICODE    S=.itext   G=(none)   M=FlatSB   ACBP=A9
 0002:0000056C 00000085 C=ICODE    S=.itext   G=(none)   M=Menus    ACBP=A9
 0002:000005F4 0000008F C=ICODE    S=.itext   G=(none)   M=Controls ACBP=A9
 0002:00000684 00000008 C=ICODE    S=.itext   G=(none)   M=Themes   ACBP=A9
 0002:0000068C 0000002A C=ICODE    S=.itext   G=(none)   M=ActnList ACBP=A9
 0002:000006B8 00000070 C=ICODE    S=.itext   G=(none)   M=Forms    ACBP=A9
 0002:00000728 00000025 C=ICODE    S=.itext   G=(none)   M=Buttons  ACBP=A9
 0002:00000750 00000014 C=ICODE    S=.itext   G=(none)   M=ExtDlgs  ACBP=A9
 0002:00000764 00000008 C=ICODE    S=.itext   G=(none)   M=Mapi     ACBP=A9
 0002:0000076C 00000008 C=ICODE    S=.itext   G=(none)   M=ExtActns ACBP=A9
 0002:00000774 00000008 C=ICODE    S=.itext   G=(none)   M=ComCtrls ACBP=A9
 0002:0000077C 00000008 C=ICODE    S=.itext   G=(none)   M=StrLib   ACBP=A9
 0002:00000784 00000022 C=ICODE    S=.itext   G=(none)   M=VfsBase  ACBP=A9
 0002:000007A8 00000008 C=ICODE    S=.itext   G=(none)   M=DlgMesLng ACBP=A9
 0002:000007B0 0000001B C=ICODE    S=.itext   G=(none)   M=Log      ACBP=A9
 0002:000007CC 00000085 C=ICODE    S=.itext   G=(none)   M=Lang     ACBP=A9
 0002:00000854 00000078 C=ICODE    S=.itext   G=(none)   M=DlgMes   ACBP=A9
 0002:000008CC 0000001F C=ICODE    S=.itext   G=(none)   M=VfsDebug ACBP=A9
 0002:000008EC 00000016 C=ICODE    S=.itext   G=(none)   M=VfsApiDigger ACBP=A9
 0002:00000904 00000020 C=ICODE    S=.itext   G=(none)   M=VfsOpenFiles ACBP=A9
 0002:00000924 0000003B C=ICODE    S=.itext   G=(none)   M=VfsHooks ACBP=A9
 0002:00000960 00000051 C=ICODE    S=.itext   G=(none)   M=VfsMatchingTest ACBP=A9
 0002:000009B4 00000051 C=ICODE    S=.itext   G=(none)   M=VfsDebugTest ACBP=A9
 0002:00000A08 00000014 C=ICODE    S=.itext   G=(none)   M=WinUtils ACBP=A9
 0002:00000A1C 00000051 C=ICODE    S=.itext   G=(none)   M=VfsUtilsTest ACBP=A9
 0002:00000A70 00000051 C=ICODE    S=.itext   G=(none)   M=VfsBaseTest ACBP=A9
 0002:00000AC4 00000051 C=ICODE    S=.itext   G=(none)   M=VfsApiDiggerTest ACBP=A9
 0002:00000B18 00000051 C=ICODE    S=.itext   G=(none)   M=VfsOpenFilesTest ACBP=A9
 0002:00000B6C 00000051 C=ICODE    S=.itext   G=(none)   M=VfsIntegratedTest ACBP=A9
 0002:00000BC0 0000002C C=ICODE    S=.itext   G=(none)   M=VfsTest  ACBP=A9
 0003:00000000 0000078C C=DATA     S=.data    G=DGROUP   M=System   ACBP=A9
 0003:0000078C 00000020 C=DATA     S=.data    G=DGROUP   M=SysInit  ACBP=A9
 0003:000007AC 0000024C C=DATA     S=.data    G=DGROUP   M=SysUtils ACBP=A9
 0003:000009F8 00000008 C=DATA     S=.data    G=DGROUP   M=VarUtils ACBP=A9
 0003:00000A00 00000136 C=DATA     S=.data    G=DGROUP   M=Variants ACBP=A9
 0003:00000B38 0000000C C=DATA     S=.data    G=DGROUP   M=TypInfo  ACBP=A9
 0003:00000B44 000000E4 C=DATA     S=.data    G=DGROUP   M=Classes  ACBP=A9
 0003:00000C28 00000008 C=DATA     S=.data    G=DGROUP   M=IniFiles ACBP=A9
 0003:00000C30 00000008 C=DATA     S=.data    G=DGROUP   M=Registry ACBP=A9
 0003:00000C38 00000014 C=DATA     S=.data    G=DGROUP   M=TestFramework ACBP=A9
 0003:00000C4C 0000030C C=DATA     S=.data    G=DGROUP   M=Graphics ACBP=A9
 0003:00000F58 00000010 C=DATA     S=.data    G=DGROUP   M=ShlObj   ACBP=A9
 0003:00000F68 00000088 C=DATA     S=.data    G=DGROUP   M=StdCtrls ACBP=A9
 0003:00000FF0 00000004 C=DATA     S=.data    G=DGROUP   M=Printers ACBP=A9
 0003:00000FF4 000004B8 C=DATA     S=.data    G=DGROUP   M=GraphUtil ACBP=A9
 0003:000014AC 00000020 C=DATA     S=.data    G=DGROUP   M=ExtCtrls ACBP=A9
 0003:000014CC 00000074 C=DATA     S=.data    G=DGROUP   M=Dialogs  ACBP=A9
 0003:00001540 0000012C C=DATA     S=.data    G=DGROUP   M=Menus    ACBP=A9
 0003:0000166C 00000140 C=DATA     S=.data    G=DGROUP   M=Controls ACBP=A9
 0003:000017AC 00000068 C=DATA     S=.data    G=DGROUP   M=Themes   ACBP=A9
 0003:00001814 00000020 C=DATA     S=.data    G=DGROUP   M=ImgList  ACBP=A9
 0003:00001834 0000013C C=DATA     S=.data    G=DGROUP   M=Forms    ACBP=A9
 0003:00001970 00000020 C=DATA     S=.data    G=DGROUP   M=ToolWin  ACBP=A9
 0003:00001990 0000002C C=DATA     S=.data    G=DGROUP   M=Buttons  ACBP=A9
 0003:000019BC 00000018 C=DATA     S=.data    G=DGROUP   M=ExtDlgs  ACBP=A9
 0003:000019D4 00000008 C=DATA     S=.data    G=DGROUP   M=Mapi     ACBP=A9
 0003:000019DC 000001D0 C=DATA     S=.data    G=DGROUP   M=ComCtrls ACBP=A9
 0003:00001BAC 00000034 C=DATA     S=.data    G=DGROUP   M=StrLib   ACBP=A9
 0003:00001BE0 00000500 C=DATA     S=.data    G=DGROUP   M=Crypto   ACBP=A9
 0003:000020E0 00000288 C=DATA     S=.data    G=DGROUP   M=PatchForge ACBP=A9
 0003:00002368 00000010 C=DATA     S=.data    G=DGROUP   M=VfsBase  ACBP=A9
 0003:00002378 00000004 C=DATA     S=.data    G=DGROUP   M=DlgMesLng ACBP=A9
 0003:0000237C 0000000C C=DATA     S=.data    G=DGROUP   M=Lang     ACBP=A9
 0003:00002388 00000004 C=DATA     S=.data    G=DGROUP   M=DlgMes   ACBP=A9
 0003:0000238C 00000001 C=DATA     S=.data    G=DGROUP   M=VfsDebug ACBP=A9
 0003:00002390 00000001 C=DATA     S=.data    G=DGROUP   M=VfsHooks ACBP=A9
 0003:00002394 00000008 C=DATA     S=.data    G=DGROUP   M=WinUtils ACBP=A9
 0004:00000000 000027EC C=BSS      S=.bss     G=DGROUP   M=System   ACBP=A9
 0004:000027EC 0000000C C=BSS      S=.bss     G=DGROUP   M=SysInit  ACBP=A9
 0004:000027F8 00000008 C=BSS      S=.bss     G=DGROUP   M=Windows  ACBP=A9
 0004:00002800 00002108 C=BSS      S=.bss     G=DGROUP   M=SysUtils ACBP=A9
 0004:00004908 0000005C C=BSS      S=.bss     G=DGROUP   M=VarUtils ACBP=A9
 0004:00004964 00000040 C=BSS      S=.bss     G=DGROUP   M=Variants ACBP=A9
 0004:000049A4 00000004 C=BSS      S=.bss     G=DGROUP   M=TypInfo  ACBP=A9
 0004:000049A8 00000040 C=BSS      S=.bss     G=DGROUP   M=Classes  ACBP=A9
 0004:000049E8 00000004 C=BSS      S=.bss     G=DGROUP   M=IniFiles ACBP=A9
 0004:000049EC 00000004 C=BSS      S=.bss     G=DGROUP   M=Registry ACBP=A9
 0004:000049F0 00000004 C=BSS      S=.bss     G=DGROUP   M=TestFramework ACBP=A9
 0004:000049F4 00000008 C=BSS      S=.bss     G=DGROUP   M=HelpIntfs ACBP=A9
 0004:000049FC 00000031 C=BSS      S=.bss     G=DGROUP   M=MultiMon ACBP=A9
 0004:00004A30 00000008 C=BSS      S=.bss     G=DGROUP   M=CommCtrl ACBP=A9
 0004:00004A38 00000060 C=BSS      S=.bss     G=DGROUP   M=Graphics ACBP=A9
 0004:00004A98 000000DC C=BSS      S=.bss     G=DGROUP   M=UxTheme  ACBP=A9
 0004:00004B74 00000010 C=BSS      S=.bss     G=DGROUP   M=DwmApi   ACBP=A9
 0004:00004B84 00000004 C=BSS      S=.bss     G=DGROUP   M=Printers ACBP=A9
 0004:00004B88 00000010 C=BSS      S=.bss     G=DGROUP   M=GraphUtil ACBP=A9
 0004:00004B98 00000008 C=BSS      S=.bss     G=DGROUP   M=ExtCtrls ACBP=A9
 0004:00004BA0 0000000C C=BSS      S=.bss     G=DGROUP   M=Dialogs  ACBP=A9
 0004:00004BAC 0000000C C=BSS      S=.bss     G=DGROUP   M=Clipbrd  ACBP=A9
 0004:00004BB8 00000034 C=BSS      S=.bss     G=DGROUP   M=FlatSB   ACBP=A9
 0004:00004BEC 00000010 C=BSS      S=.bss     G=DGROUP   M=Menus    ACBP=A9
 0004:00004BFC 00000088 C=BSS      S=.bss     G=DGROUP   M=Controls ACBP=A9
 0004:00004C84 0000000C C=BSS      S=.bss     G=DGROUP   M=Themes   ACBP=A9
 0004:00004C90 00000008 C=BSS      S=.bss     G=DGROUP   M=ImgList  ACBP=A9
 0004:00004C98 00000004 C=BSS      S=.bss     G=DGROUP   M=ActnList ACBP=A9
 0004:00004C9C 00000031 C=BSS      S=.bss     G=DGROUP   M=Forms    ACBP=A9
 0004:00004CD0 00000030 C=BSS      S=.bss     G=DGROUP   M=Buttons  ACBP=A9
 0004:00004D00 00000004 C=BSS      S=.bss     G=DGROUP   M=ExtDlgs  ACBP=A9
 0004:00004D04 00000004 C=BSS      S=.bss     G=DGROUP   M=Mapi     ACBP=A9
 0004:00004D08 00000009 C=BSS      S=.bss     G=DGROUP   M=ExtActns ACBP=A9
 0004:00004D14 00000039 C=BSS      S=.bss     G=DGROUP   M=ComCtrls ACBP=A9
 0004:00004D50 00000004 C=BSS      S=.bss     G=DGROUP   M=StrLib   ACBP=A9
 0004:00004D54 00000020 C=BSS      S=.bss     G=DGROUP   M=VfsBase  ACBP=A9
 0004:00004D74 00000004 C=BSS      S=.bss     G=DGROUP   M=DlgMesLng ACBP=A9
 0004:00004D78 00000008 C=BSS      S=.bss     G=DGROUP   M=Log      ACBP=A9
 0004:00004D80 00000014 C=BSS      S=.bss     G=DGROUP   M=Lang     ACBP=A9
 0004:00004D94 0000000C C=BSS      S=.bss     G=DGROUP   M=DlgMes   ACBP=A9
 0004:00004DA0 00000020 C=BSS      S=.bss     G=DGROUP   M=VfsDebug ACBP=A9
 0004:00004DC0 00000008 C=BSS      S=.bss     G=DGROUP   M=VfsApiDigger ACBP=A9
 0004:00004DC8 00000020 C=BSS      S=.bss     G=DGROUP   M=VfsOpenFiles ACBP=A9
 0004:00004DE8 00000064 C=BSS      S=.bss     G=DGROUP   M=VfsHooks ACBP=A9
 0004:00004E4C 00000004 C=BSS      S=.bss     G=DGROUP   M=VfsMatchingTest ACBP=A9
 0004:00004E50 00000008 C=BSS      S=.bss     G=DGROUP   M=VfsDebugTest ACBP=A9
 0004:00004E58 0000001C C=BSS      S=.bss     G=DGROUP   M=WinUtils ACBP=A9
 0004:00004E74 00000004 C=BSS      S=.bss     G=DGROUP   M=VfsUtilsTest ACBP=A9
 0004:00004E78 00000004 C=BSS      S=.bss     G=DGROUP   M=VfsBaseTest ACBP=A9
 0004:00004E7C 00000004 C=BSS      S=.bss     G=DGROUP   M=VfsApiDiggerTest ACBP=A9
 0004:00004E80 00000004 C=BSS      S=.bss     G=DGROUP   M=VfsOpenFilesTest ACBP=A9
 0004:00004E84 00000004 C=BSS      S=.bss     G=DGROUP   M=VfsIntegratedTest ACBP=A9
 0005:00000000 00000008 C=TLS      S=.tls     G=(none)   M=System   ACBP=A9
 0005:00000008 00000008 C=TLS      S=.tls     G=(none)   M=Classes  ACBP=A9
 0005:00000010 00000030 C=TLS      S=.tls     G=(none)   M=GraphUtil ACBP=A9
 0005:00000040 00000001 C=TLS      S=.tls     G=(none)   M=VfsBase  ACBP=A9


  Address             Publics by Name

 0001:0000738C       ActiveX.CoCreateInstance
 0001:0000737C       ActiveX.CoInitialize
 0001:00007394       ActiveX.CoTaskMemAlloc
 0001:00007384       ActiveX.CoUninitialize
 0004:00004C98       ActnList..9
 0001:000638C0       ActnList..TAction
 0001:00063BC8       ActnList..TActionLink
 0001:000634D0       ActnList..TActionList
 0001:00063234       ActnList..TContainedAction
 0001:000637B8       ActnList..TCustomAction
 0001:000633F0       ActnList..TCustomActionList
 0001:00063660       ActnList..TShortCutList
 0002:0000068C       ActnList.ActnList
 0001:00064C48       ActnList.Finalization
 0001:00064BC8       ActnList.TAction.Create
 0001:000642B8       ActnList.TActionLink.IsCaptionLinked
 0001:000642CC       ActnList.TActionLink.IsCheckedLinked
 0001:000642E0       ActnList.TActionLink.IsEnabledLinked
 0001:000642F4       ActnList.TActionLink.IsGroupIndexLinked
 0001:00064308       ActnList.TActionLink.IsHelpContextLinked
 0001:0006431C       ActnList.TActionLink.IsHelpLinked
 0001:00064330       ActnList.TActionLink.IsHintLinked
 0001:00064344       ActnList.TActionLink.IsImageIndexLinked
 0001:00064358       ActnList.TActionLink.IsShortCutLinked
 0001:0006436C       ActnList.TActionLink.IsVisibleLinked
 0001:00064380       ActnList.TActionLink.SetAutoCheck
 0001:00064384       ActnList.TActionLink.SetCaption
 0001:00064388       ActnList.TActionLink.SetChecked
 0001:0006438C       ActnList.TActionLink.SetEnabled
 0001:00064390       ActnList.TActionLink.SetGroupIndex
 0001:00064394       ActnList.TActionLink.SetHelpContext
 0001:00064398       ActnList.TActionLink.SetHelpKeyword
 0001:0006439C       ActnList.TActionLink.SetHelpType
 0001:000643A0       ActnList.TActionLink.SetHint
 0001:000643A4       ActnList.TActionLink.SetImageIndex
 0001:000643A8       ActnList.TActionLink.SetShortCut
 0001:000643AC       ActnList.TActionLink.SetVisible
 0001:00063C98       ActnList.TContainedAction.Destroy
 0001:00063E04       ActnList.TContainedAction.Execute
 0001:00063CCC       ActnList.TContainedAction.GetIndex
 0001:00063CE8       ActnList.TContainedAction.GetParentComponent
 0001:00063CF8       ActnList.TContainedAction.HasParent
 0001:00063CE4       ActnList.TContainedAction.IsCategoryStored
 0001:00063D08       ActnList.TContainedAction.ReadState
 0001:00063DB0       ActnList.TContainedAction.SetActionList
 0001:00063D84       ActnList.TContainedAction.SetCategory
 0001:00063D3C       ActnList.TContainedAction.SetIndex
 0001:00063DD8       ActnList.TContainedAction.SetParentComponent
 0001:00063E5C       ActnList.TContainedAction.Update
 0001:00064454       ActnList.TCustomAction.AssignTo
 0001:000643B0       ActnList.TCustomAction.Create
 0001:00064404       ActnList.TCustomAction.Destroy
 0001:00064A84       ActnList.TCustomAction.DoHint
 0001:00064AAC       ActnList.TCustomAction.Execute
 0001:00064B10       ActnList.TCustomAction.GetSecondaryShortCuts
 0001:00064B90       ActnList.TCustomAction.HandleShortCut
 0001:00064B6C       ActnList.TCustomAction.IsSecondaryShortCutsStored
 0001:00064504       ActnList.TCustomAction.SetAutoCheck
 0001:00064564       ActnList.TCustomAction.SetCaption
 0001:000645C4       ActnList.TCustomAction.SetChecked
 0001:000646CC       ActnList.TCustomAction.SetEnabled
 0001:00064748       ActnList.TCustomAction.SetGroupIndex
 0001:00064860       ActnList.TCustomAction.SetHelpContext
 0001:000647F8       ActnList.TCustomAction.SetHelpKeyword
 0001:000647A0       ActnList.TCustomAction.SetHelpType
 0001:000648B8       ActnList.TCustomAction.SetHint
 0001:00064918       ActnList.TCustomAction.SetImageIndex
 0001:00064A38       ActnList.TCustomAction.SetName
 0001:00064B38       ActnList.TCustomAction.SetSecondaryShortCuts
 0001:00064974       ActnList.TCustomAction.SetShortCut
 0001:000649D8       ActnList.TCustomAction.SetVisible
 0001:0006408C       ActnList.TCustomActionList.AddAction
 0001:000640C8       ActnList.TCustomActionList.Change
 0001:00063EB4       ActnList.TCustomActionList.Create
 0001:00063F20       ActnList.TCustomActionList.Destroy
 0001:000641D4       ActnList.TCustomActionList.ExecuteAction
 0001:00063FE8       ActnList.TCustomActionList.GetAction
 0001:00063FFC       ActnList.TCustomActionList.GetActionCount
 0001:00063F70       ActnList.TCustomActionList.GetChildren
 0001:00064038       ActnList.TCustomActionList.ImageListChange
 0001:00064130       ActnList.TCustomActionList.IsShortCut
 0001:00064044       ActnList.TCustomActionList.Notification
 0001:000640AC       ActnList.TCustomActionList.RemoveAction
 0001:00063FB8       ActnList.TCustomActionList.SetChildOrder
 0001:00064004       ActnList.TCustomActionList.SetImages
 0001:00064214       ActnList.TCustomActionList.SetState
 0001:000641F4       ActnList.TCustomActionList.UpdateAction
 0001:00064B9C       ActnList.TShortCutList.Add
 0001:00064C04       ActnList.TShortCutList.IndexOfShortCut
 0001:0009BC5C       Alg.CustomQuickSort
 0001:0009BC2C       Alg.ExchangeItems
 0001:0009BB5C       Alg.IntLog2
 0001:0009BAA8       Alg.IntRoundToBoundary
 0001:0009BBE8       Alg.IsCustomSortedArr
 0001:0009BB34       Alg.ToRange
 0001:0009BE98       AssocArrays..TAssocArray
 0001:0009BF88       AssocArrays..TObjArray
 0001:0009C5A0       AssocArrays.AssocArrayCompareNodes
 0001:0009C6B4       AssocArrays.InsertNode
 0001:0009D818       AssocArrays.InsertNode
 0001:0009C76C       AssocArrays.InsertNodeRange
 0001:0009D8D0       AssocArrays.InsertNodeRange
 0001:0009DE74       AssocArrays.NewAssocArr
 0001:0009DF58       AssocArrays.NewObjArr
 0001:0009D710       AssocArrays.ObjArrayCompareNodes
 0001:0009C2B0       AssocArrays.TAssocArray.Assign
 0001:0009CEC0       AssocArrays.TAssocArray.BeginIterate
 0001:0009C590       AssocArrays.TAssocArray.CalcCritDepth
 0001:0009C4C0       AssocArrays.TAssocArray.Clear
 0001:0009C124       AssocArrays.TAssocArray.CloneItem
 0001:0009C264       AssocArrays.TAssocArray.CloneNode
 0001:0009C5C0       AssocArrays.TAssocArray.ConvertToLinearNodeArray
 0001:0009BFF4       AssocArrays.TAssocArray.Create
 0001:0009C0FC       AssocArrays.TAssocArray.Destroy
 0001:0009CE38       AssocArrays.TAssocArray.EndIterate
 0001:0009C9D4       AssocArrays.TAssocArray.FindItem
 0001:0009C3B0       AssocArrays.TAssocArray.FreeItemValue
 0001:0009C458       AssocArrays.TAssocArray.FreeNode
 0001:0009C558       AssocArrays.TAssocArray.GetPreprocessedKey
 0001:0009CBCC       AssocArrays.TAssocArray.GetValue
 0001:0009C580       AssocArrays.TAssocArray.IsValidValue
 0001:0009CF98       AssocArrays.TAssocArray.IterateNext
 0001:0009C8A0       AssocArrays.TAssocArray.Rebuild
 0001:0009CC80       AssocArrays.TAssocArray.SetValue
 0001:0009D620       AssocArrays.TObjArray.Assign
 0001:0009D1E0       AssocArrays.TObjArray.CalcCritDepth
 0001:0009D464       AssocArrays.TObjArray.Clear
 0001:0009D4F8       AssocArrays.TObjArray.CloneNode
 0001:0009D730       AssocArrays.TObjArray.ConvertToLinearNodeArray
 0001:0009D0C8       AssocArrays.TObjArray.Create
 0001:0009DDB0       AssocArrays.TObjArray.DeleteItem
 0001:0009D1A0       AssocArrays.TObjArray.Destroy
 0001:0009DB30       AssocArrays.TObjArray.FindItem
 0001:0009D298       AssocArrays.TObjArray.FreeNode
 0001:0009D1F0       AssocArrays.TObjArray.FreeNodeValue
 0001:0009DC60       AssocArrays.TObjArray.GetValue
 0001:0009D1D0       AssocArrays.TObjArray.IsValidValue
 0001:0009D1C8       AssocArrays.TObjArray.KeyToHash
 0001:0009DA04       AssocArrays.TObjArray.Rebuild
 0001:0009D2D8       AssocArrays.TObjArray.RemoveNode
 0001:0009DC98       AssocArrays.TObjArray.SetValue
 0004:00004CD0       Buttons..5
 0003:00001990       Buttons.BitBtnCaptions
 0004:00004CD4       Buttons.BitBtnGlyphs
 0002:00000728       Buttons.Buttons
 0001:000749FC       Buttons.DestroyLocals
 0001:00074A94       Buttons.Finalization
 0001:000A55F4       CFiles..TAbstractFile
 0001:000A565C       CFiles.TAbstractFile.Read
 0001:000A575C       CFiles.TAbstractFile.ReadAllToStr
 0001:000A5718       CFiles.TAbstractFile.ReadStr
 0001:000A54CC       CLang.IsValidClientName
 0001:000A5498       CLang.IsValidLangName
 0004:000049B4       Classes..95
 0001:0001683C       Classes..EBitsError
 0001:0001672C       Classes..EClassNotFound
 0001:000168F4       Classes..EComponentError
 0001:00016570       Classes..EFCreateError
 0001:00016624       Classes..EFilerError
 0001:00016510       Classes..EFileStreamError
 0001:000165CC       Classes..EFOpenError
 0001:000169AC       Classes..EInvalidOperation
 0001:000167E4       Classes..EListError
 0001:00016950       Classes..EOutOfResources
 0001:0001667C       Classes..EReadError
 0001:00016788       Classes..EResNotFound
 0001:000164B4       Classes..EStreamError
 0001:00016894       Classes..EStringListError
 0001:0001798C       Classes..EThread
 0001:000166D4       Classes..EWriteError
 0001:00017CB4       Classes..TBasicAction
 0001:00017C34       Classes..TBasicActionLink
 0001:00016C74       Classes..TBits
 0001:000177B8       Classes..TClassFinder
 0001:00016F24       Classes..TCollection
 0001:00016E6C       Classes..TCollectionItem
 0001:00017AD4       Classes..TComponent
 0001:000174AC       Classes..TCustomMemoryStream
 0001:00017814       Classes..TFiler
 0001:00017424       Classes..TFileStream
 0001:000173AC       Classes..THandleStream
 0001:00018B78       Classes..TIntConst
 0001:00016DB8       Classes..TInterfacedPersistent
 0001:00016C18       Classes..TInterfaceList
 0001:00016A0C       Classes..TList
 0001:00017528       Classes..TMemoryStream
 0001:00016FF8       Classes..TOwnedCollection
 0001:00016CC8       Classes..TPersistent
 0001:0001D114       Classes..TPropFixup
 0001:0001D18C       Classes..TPropIntfFixup
 0001:00017878       Classes..TReader
 0001:00017E54       Classes..TRegGroup
 0001:00017EAC       Classes..TRegGroups
 0001:000175A4       Classes..TResourceStream
 0001:0001733C       Classes..TStream
 0001:00017730       Classes..TStreamAdapter
 0001:00017224       Classes..TStringList
 0001:000170EC       Classes..TStrings
 0001:00016A70       Classes..TThreadList
 0001:0001790C       Classes..TWriter
 0001:00018B1C       Classes.ActivateClassGroup
 0003:00000B44       Classes.AddDataModule
 0001:0001D3EC       Classes.AddFinished
 0001:0001D424       Classes.AddNotFinished
 0001:0001DF98       Classes.AddSubComponentsToLoaded
 0001:00023BA4       Classes.AllocateHWnd
 0001:00020ECC       Classes.AncestorIsValid
 0003:00000B54       Classes.ApplicationHandleException
 0003:00000B5C       Classes.ApplicationShowException
 0001:00018EF0       Classes.BeginGlobalLoading
 0001:00022748       Classes.BinToHex
 0003:00000BFC       Classes.BlockCode
 0001:00017DFC       Classes.Bounds
 0001:00023AE0       Classes.CalcJmpOffset
 0001:0001DFD4       Classes.CheckSubComponents
 0001:00022850       Classes.CheckSynchronize
 0002:000001F8       Classes.Classes
 0001:000188E0       Classes.ClassNotFound
 0001:000191B0       Classes.CollectionsEqual
 0001:0001E0B4       Classes.ComponentCreated
 0003:00000B88       Classes.Convert
 0003:00000B78       Classes.Convert
 0001:0001E134       Classes.CreateComponent
 0001:00023C58       Classes.DeallocateHWnd
 0001:00022810       Classes.DoneThreadSynchronization
 0001:0001B054       Classes.DoWrite
 0001:00018F78       Classes.EndGlobalLoading
 0001:0001CF4C       Classes.Error
 0001:00018480       Classes.Error
 0003:00000B6C       Classes.FilerSignature
 0001:00023C80       Classes.Finalization
 0001:000205B8       Classes.FindAncestor
 0001:000189A0       Classes.FindClass
 0001:0001E2E4       Classes.FindExistingComponent
 0001:00018E08       Classes.FindGlobalComponent
 0004:000049C0       Classes.FindGlobalComponentProcs
 0001:00018CB0       Classes.FindIdentToInt
 0001:00018C34       Classes.FindIntToIdent
 0001:00021358       Classes.FindMethodName
 0001:0001D320       Classes.FindNestedComponent
 0001:0001F288       Classes.FindUniqueName
 0001:00023A4C       Classes.FreeIntConstList
 0001:00023B80       Classes.FreeObjectInstance
 0001:0001894C       Classes.GetClass
 0001:00021A48       Classes.GetComponentValue
 0001:0001A5D4       Classes.GetDesigner
 0001:000188D4       Classes.GetFieldClassTable
 0004:000049C4       Classes.GlobalFixupList
 0001:0001D46C       Classes.GlobalFixupReferences
 0005:0000000C       Classes.GlobalLists
 0005:00000008       Classes.GlobalLoaded
 0004:000049A8       Classes.GlobalNameSpace
 0001:00018AC8       Classes.GroupDescendentsWith
 0001:0001EA58       Classes.HandleException
 0001:00022784       Classes.HexToBin
 0001:00018D2C       Classes.IdentToInt
 0001:00018FD4       Classes.InitComponent
 0001:0001907C       Classes.InitInheritedComponent
 0001:000227DC       Classes.InitThreadSynchronization
 0004:000049E0       Classes.InstBlockList
 0004:000049E4       Classes.InstFreeList
 0004:000049B8       Classes.IntConstList
 0001:00018E6C       Classes.InternalReadComponentRes
 0001:00018D6C       Classes.IntToIdent
 0001:00017E38       Classes.InvalidPoint
 0001:00017E24       Classes.InvalidPoint
 0001:000210D8       Classes.IsDefault
 0001:00020F54       Classes.IsDefaultFloatProp
 0001:00020FB0       Classes.IsDefaultInt64Prop
 0001:0002127C       Classes.IsDefaultInterfaceProp
 0001:000213C4       Classes.IsDefaultMethodProp
 0001:00021130       Classes.IsDefaultObjectProp
 0001:00020EFC       Classes.IsDefaultOrdProp
 0001:000214FC       Classes.IsDefaultPropertyValue
 0001:00021008       Classes.IsDefaultStrProp
 0001:000211B0       Classes.IsDefaultValue
 0001:00021464       Classes.IsDefaultVariantProp
 0001:00018E48       Classes.IsUniqueGlobalComponentName
 0004:000049AC       Classes.IsUniqueGlobalComponentNameProc
 0001:00023AE8       Classes.MakeObjectInstance
 0001:0001A1E0       Classes.Min
 0001:00023AB8       Classes.ModuleUnload
 0003:00000B70       Classes.NilMethod
 0001:0001A674       Classes.NotifyDesigner
 0001:00018F48       Classes.NotifyGlobalLoading
 0001:00021098       Classes.ObjectAncestorMatch
 0001:00021A30       Classes.OwnedBy
 0001:00017DAC       Classes.Point
 0001:0001820C       Classes.PointerInModule
 0001:0001D78C       Classes.PropertyNotFound
 0001:0001EB58       Classes.PropPathError
 0001:0001D780       Classes.PropValueError
 0001:0001C6D8       Classes.RaiseException
 0001:0001FE3C       Classes.ReadCustomVariant
 0001:0001D768       Classes.ReadError
 0001:0001E0D4       Classes.Recover
 0001:00017DD4       Classes.Rect
 0004:000049BC       Classes.RegGroups
 0001:000189C0       Classes.RegisterClass
 0001:00018DB0       Classes.RegisterFindGlobalComponentProc
 0001:00018C08       Classes.RegisterIntegerConsts
 0003:00000B4C       Classes.RemoveDataModule
 0001:0001D638       Classes.RemoveFixupReferences
 0001:0001D6E4       Classes.RemoveFixups
 0001:0001DA7C       Classes.RemoveGlobalFixup
 0001:00022828       Classes.ResetSyncEvent
 0001:0001B1B4       Classes.ReturnAddr
 0001:0001939C       Classes.ReturnAddr
 0001:0001E244       Classes.SetCompName
 0001:0001D7B8       Classes.SetElementValue
 0001:0001EEB0       Classes.SetInterfaceReference
 0001:0001EDCC       Classes.SetIntIdent
 0001:0001EE14       Classes.SetObjectIdent
 0001:0001E04C       Classes.SetSubComponentState
 0001:0001EE54       Classes.SetVariantReference
 0001:0001F95C       Classes.SkipBinary
 0001:0001F98C       Classes.SkipCollection
 0001:0001F934       Classes.SkipList
 0001:00017DC4       Classes.SmallPoint
 0001:00018A7C       Classes.StartClassGroup
 0001:00023AC0       Classes.StdWndProc
 0001:0001C4E8       Classes.StringListCompareStrings
 0004:000049B0       Classes.SyncEvent
 0003:00000BF8       Classes.SyncList
 0001:000234B8       Classes.TBasicAction.Change
 0001:0002334C       Classes.TBasicAction.Create
 0001:00023390       Classes.TBasicAction.Destroy
 0001:00023424       Classes.TBasicAction.Execute
 0001:000233F4       Classes.TBasicAction.ExecuteTarget
 0001:000233F0       Classes.TBasicAction.HandlesTarget
 0001:000233F8       Classes.TBasicAction.Notification
 0001:000234CC       Classes.TBasicAction.RegisterChanges
 0001:00023518       Classes.TBasicAction.SetActionComponent
 0001:0002345C       Classes.TBasicAction.SetOnExecute
 0001:000234D8       Classes.TBasicAction.UnRegisterChanges
 0001:00023440       Classes.TBasicAction.Update
 0001:00023420       Classes.TBasicAction.UpdateTarget
 0001:0002329C       Classes.TBasicActionLink.AssignClient
 0001:000232D4       Classes.TBasicActionLink.Change
 0001:00023258       Classes.TBasicActionLink.Create
 0001:000232A0       Classes.TBasicActionLink.Destroy
 0001:000232EC       Classes.TBasicActionLink.Execute
 0001:00023334       Classes.TBasicActionLink.IsOnExecuteLinked
 0001:00023308       Classes.TBasicActionLink.SetAction
 0001:00023338       Classes.TBasicActionLink.SetOnExecute
 0001:00023340       Classes.TBasicActionLink.Update
 0001:0001A198       Classes.TBits.Destroy
 0001:0001A1C8       Classes.TBits.Error
 0001:0001A2BC       Classes.TBits.GetBit
 0001:0001A2D4       Classes.TBits.OpenBit
 0001:0001A290       Classes.TBits.SetBit
 0001:0001A1EC       Classes.TBits.SetSize
 0001:000186F0       Classes.TClassFinder.Create
 0001:0001881C       Classes.TClassFinder.Destroy
 0001:0001884C       Classes.TClassFinder.GetClass
 0001:0001A954       Classes.TCollection.Add
 0001:0001ADE0       Classes.TCollection.Added
 0001:0001A974       Classes.TCollection.Assign
 0001:0001AA0C       Classes.TCollection.BeginUpdate
 0001:0001AA10       Classes.TCollection.Changed
 0001:0001AA20       Classes.TCollection.Clear
 0001:0001A8BC       Classes.TCollection.Create
 0001:0001ADA4       Classes.TCollection.Delete
 0001:0001ADE4       Classes.TCollection.Deleting
 0001:0001A908       Classes.TCollection.Destroy
 0001:0001AA88       Classes.TCollection.EndUpdate
 0001:0001AA98       Classes.TCollection.GetAttr
 0001:0001AA94       Classes.TCollection.GetAttrCount
 0001:0001AAC4       Classes.TCollection.GetCount
 0001:0001AACC       Classes.TCollection.GetItem
 0001:0001AAA4       Classes.TCollection.GetItemAttr
 0001:0001AAE0       Classes.TCollection.GetNamePath
 0001:0001ABA8       Classes.TCollection.GetPropName
 0001:0001ACC4       Classes.TCollection.Insert
 0001:0001ACE0       Classes.TCollection.InsertItem
 0001:0001ADE8       Classes.TCollection.Notify
 0001:0001ADD4       Classes.TCollection.Owner
 0001:0001AD48       Classes.TCollection.RemoveItem
 0001:0001AD9C       Classes.TCollection.SetItemName
 0001:0001ADA0       Classes.TCollection.Update
 0001:0001A740       Classes.TCollectionItem.Changed
 0001:0001A6D8       Classes.TCollectionItem.Create
 0001:0001A710       Classes.TCollectionItem.Destroy
 0001:0001A77C       Classes.TCollectionItem.GetDisplayName
 0001:0001A764       Classes.TCollectionItem.GetIndex
 0001:0001A7A4       Classes.TCollectionItem.GetNamePath
 0001:0001A858       Classes.TCollectionItem.GetOwner
 0001:0001A85C       Classes.TCollectionItem.SetCollection
 0001:0001A884       Classes.TCollectionItem.SetDisplayName
 0001:0001A88C       Classes.TCollectionItem.SetIndex
 0001:00022AF0       Classes.TComponent.BeforeDestruction
 0001:00023028       Classes.TComponent.ChangeName
 0001:00022A28       Classes.TComponent.Create
 0001:00022DB8       Classes.TComponent.DefineProperties
 0001:00022A74       Classes.TComponent.Destroy
 0001:00022C80       Classes.TComponent.DestroyComponents
 0001:00022CDC       Classes.TComponent.Destroying
 0001:00023164       Classes.TComponent.ExecuteAction
 0001:00022F48       Classes.TComponent.FindComponent
 0001:00022AFC       Classes.TComponent.FreeNotification
 0001:00022E4C       Classes.TComponent.GetChildOwner
 0001:00022E50       Classes.TComponent.GetChildParent
 0001:00022E44       Classes.TComponent.GetChildren
 0001:0002303C       Classes.TComponent.GetComponent
 0001:00023068       Classes.TComponent.GetComponentCount
 0001:00022E54       Classes.TComponent.GetNamePath
 0001:00022E68       Classes.TComponent.GetOwner
 0001:00022E70       Classes.TComponent.GetParentComponent
 0001:00022E40       Classes.TComponent.HasParent
 0001:00022B90       Classes.TComponent.Insert
 0001:00022BE4       Classes.TComponent.InsertComponent
 0001:00023254       Classes.TComponent.IntfGetComponent
 0001:00022E90       Classes.TComponent.Loaded
 0001:00022D58       Classes.TComponent.Notification
 0001:00022E9C       Classes.TComponent.PaletteCreated
 0001:000231D4       Classes.TComponent.QueryInterface
 0001:00022B50       Classes.TComponent.ReadLeft
 0001:00022EA0       Classes.TComponent.ReadState
 0001:00022B64       Classes.TComponent.ReadTop
 0001:00022BBC       Classes.TComponent.Remove
 0001:00022C48       Classes.TComponent.RemoveComponent
 0001:00022D3C       Classes.TComponent.RemoveFreeNotification
 0001:00022D18       Classes.TComponent.RemoveNotification
 0001:000231B4       Classes.TComponent.SafeCallException
 0001:00022E6C       Classes.TComponent.SetChildOrder
 0001:00023078       Classes.TComponent.SetComponentIndex
 0001:000230CC       Classes.TComponent.SetDesigning
 0001:00022F98       Classes.TComponent.SetName
 0001:00022E74       Classes.TComponent.SetParentComponent
 0001:0002311C       Classes.TComponent.SetReference
 0001:0002318C       Classes.TComponent.UpdateAction
 0001:00022E84       Classes.TComponent.Updated
 0001:000231CC       Classes.TComponent.UpdateRegistry
 0001:00022E78       Classes.TComponent.Updating
 0001:00022F30       Classes.TComponent.ValidateContainer
 0001:00022F44       Classes.TComponent.ValidateInsert
 0001:00022EB0       Classes.TComponent.ValidateRename
 0001:00022B78       Classes.TComponent.WriteLeft
 0001:00022EA8       Classes.TComponent.WriteState
 0001:00022B84       Classes.TComponent.WriteTop
 0001:00023214       Classes.TComponent._AddRef
 0001:00023234       Classes.TComponent._Release
 0001:0001CCF8       Classes.TCustomMemoryStream.Read
 0001:0001CD30       Classes.TCustomMemoryStream.Seek
 0001:0001CCF0       Classes.TCustomMemoryStream.SetPointer
 0001:0001D0A0       Classes.TFiler.Create
 0001:0001D0E8       Classes.TFiler.Destroy
 0001:0001D110       Classes.TFiler.SetRoot
 0001:0001CB04       Classes.TFileStream.Create
 0001:0001CB48       Classes.TFileStream.Create
 0001:0001CCBC       Classes.TFileStream.Destroy
 0001:0001CA40       Classes.THandleStream.Create
 0001:0001CA7C       Classes.THandleStream.Read
 0001:0001CA9C       Classes.THandleStream.Seek
 0001:0001CAC8       Classes.THandleStream.SetSize
 0001:0001CADC       Classes.THandleStream.SetSize
 0001:0001CA8C       Classes.THandleStream.Write
 0004:000049C8       Classes.ThreadLock
 0001:00018BD0       Classes.TIntConst.Create
 0001:0001A51C       Classes.TInterfacedPersistent.AfterConstruction
 0001:0001A5AC       Classes.TInterfacedPersistent.QueryInterface
 0001:0001A56C       Classes.TInterfacedPersistent._AddRef
 0001:0001A58C       Classes.TInterfacedPersistent._Release
 0001:00019E68       Classes.TInterfaceList.Add
 0001:00019C18       Classes.TInterfaceList.Clear
 0001:00019BA0       Classes.TInterfaceList.Create
 0001:00019C88       Classes.TInterfaceList.Delete
 0001:00019BE4       Classes.TInterfaceList.Destroy
 0001:0001A12C       Classes.TInterfaceList.Exchange
 0001:00019CE8       Classes.TInterfaceList.First
 0001:00019CFC       Classes.TInterfaceList.Get
 0001:00019D70       Classes.TInterfaceList.GetCapacity
 0001:00019DC0       Classes.TInterfaceList.GetCount
 0001:00019E10       Classes.TInterfaceList.IndexOf
 0001:00019ED8       Classes.TInterfaceList.Insert
 0001:00019F40       Classes.TInterfaceList.Last
 0001:0001A180       Classes.TInterfaceList.Lock
 0001:00019F9C       Classes.TInterfaceList.Put
 0001:0001A010       Classes.TInterfaceList.Remove
 0001:0001A08C       Classes.TInterfaceList.SetCapacity
 0001:0001A0DC       Classes.TInterfaceList.SetCount
 0001:0001A18C       Classes.TInterfaceList.Unlock
 0001:000192F4       Classes.TList.Add
 0001:0001970C       Classes.TList.Assign
 0001:00019328       Classes.TList.Clear
 0001:00019340       Classes.TList.Delete
 0001:000192D4       Classes.TList.Destroy
 0001:000193A0       Classes.TList.Error
 0001:000193D8       Classes.TList.Error
 0001:0001942C       Classes.TList.Exchange
 0001:0001947C       Classes.TList.Expand
 0001:00019494       Classes.TList.First
 0001:0001949C       Classes.TList.Get
 0001:000194C4       Classes.TList.Grow
 0001:000194F8       Classes.TList.IndexOf
 0001:00019518       Classes.TList.Insert
 0001:00019584       Classes.TList.Last
 0001:00019590       Classes.TList.Move
 0001:00019708       Classes.TList.Notify
 0001:000195E8       Classes.TList.Put
 0001:00019638       Classes.TList.Remove
 0001:00019658       Classes.TList.SetCapacity
 0001:00019694       Classes.TList.SetCount
 0001:0001CD80       Classes.TMemoryStream.Clear
 0001:0001CD54       Classes.TMemoryStream.Destroy
 0001:0001CD98       Classes.TMemoryStream.LoadFromStream
 0001:0001CE24       Classes.TMemoryStream.Realloc
 0001:0001CDD0       Classes.TMemoryStream.SetCapacity
 0001:0001CDF8       Classes.TMemoryStream.SetSize
 0001:0001CEA4       Classes.TMemoryStream.Write
 0001:0001AE0C       Classes.TOwnedCollection.Create
 0001:0001AE50       Classes.TOwnedCollection.GetOwner
 0001:0001A378       Classes.TPersistent.Assign
 0001:0001A38C       Classes.TPersistent.AssignError
 0001:0001A45C       Classes.TPersistent.AssignTo
 0001:0001A464       Classes.TPersistent.DefineProperties
 0001:0001A34C       Classes.TPersistent.Destroy
 0001:0001A468       Classes.TPersistent.GetNamePath
 0001:0001A518       Classes.TPersistent.GetOwner
 0001:0001D1EC       Classes.TPropFixup.Create
 0001:0001D244       Classes.TPropFixup.MakeGlobalReference
 0001:0001D28C       Classes.TPropFixup.ResolveReference
 0001:0001D29C       Classes.TPropIntfFixup.ResolveReference
 0001:0001D80C       Classes.TReader.CheckValue
 0001:0001D86C       Classes.TReader.DefineBinaryProperty
 0001:0001D830       Classes.TReader.DefineProperty
 0001:0001D7D0       Classes.TReader.Destroy
 0001:0001DAF8       Classes.TReader.DoFixupReferences
 0001:0001D954       Classes.TReader.EndOfList
 0001:0001D968       Classes.TReader.Error
 0001:0001FC88       Classes.TReader.FindAncestorComponent
 0001:0001FD80       Classes.TReader.FindComponentClass
 0001:0001DA14       Classes.TReader.FindMethod
 0001:0001D98C       Classes.TReader.FindMethodInstance
 0001:0001DC3C       Classes.TReader.FlushBuffer
 0001:0001DC60       Classes.TReader.FreeFixups
 0001:0001DC9C       Classes.TReader.GetFieldClass
 0001:0001DD34       Classes.TReader.GetPosition
 0001:0001DD4C       Classes.TReader.NextValue
 0001:0001DD5C       Classes.TReader.PropertyError
 0001:0001DD70       Classes.TReader.Read
 0001:0001DDF8       Classes.TReader.ReadBoolean
 0001:0001DDBC       Classes.TReader.ReadBuffer
 0001:0001DE0C       Classes.TReader.ReadChar
 0001:0001DEC8       Classes.TReader.ReadCollection
 0001:0001E388       Classes.TReader.ReadComponent
 0001:0001E7C8       Classes.TReader.ReadCurrency
 0001:0001E5C8       Classes.TReader.ReadData
 0001:0001E638       Classes.TReader.ReadDataInner
 0001:0001E818       Classes.TReader.ReadDate
 0001:0001E740       Classes.TReader.ReadDouble
 0001:0001E708       Classes.TReader.ReadFloat
 0001:0001E85C       Classes.TReader.ReadIdent
 0001:0001E9C4       Classes.TReader.ReadInt64
 0001:0001E958       Classes.TReader.ReadInteger
 0001:0001EA08       Classes.TReader.ReadListBegin
 0001:0001EA10       Classes.TReader.ReadListEnd
 0001:0001EA18       Classes.TReader.ReadPrefix
 0001:0001EB74       Classes.TReader.ReadProperty
 0001:0001EF70       Classes.TReader.ReadPropValue
 0001:0001F2E8       Classes.TReader.ReadRootComponent
 0001:0001F61C       Classes.TReader.ReadSet
 0001:0001F6D8       Classes.TReader.ReadSignature
 0001:0001E784       Classes.TReader.ReadSingle
 0001:0001F6FC       Classes.TReader.ReadStr
 0001:0001F738       Classes.TReader.ReadString
 0001:0001F8D8       Classes.TReader.ReadValue
 0001:00020004       Classes.TReader.ReadVariant
 0001:0001DE6C       Classes.TReader.ReadWideChar
 0001:0001F7F4       Classes.TReader.ReadWideString
 0001:0001FD40       Classes.TReader.ReferenceName
 0001:0001FD58       Classes.TReader.SetName
 0001:0001FDF4       Classes.TReader.SkipBytes
 0001:0001FBE0       Classes.TReader.SkipComponent
 0001:0001FB98       Classes.TReader.SkipProperty
 0001:0001F8EC       Classes.TReader.SkipSetBody
 0001:0001F9E8       Classes.TReader.SkipValue
 0001:00017F04       Classes.TRegGroup.AddClass
 0001:00017F10       Classes.TRegGroup.BestClass
 0001:00017F70       Classes.TRegGroup.BestGroup
 0001:00017FE0       Classes.TRegGroup.Create
 0001:0001803C       Classes.TRegGroup.Destroy
 0001:0001807C       Classes.TRegGroup.GetClass
 0001:000180E4       Classes.TRegGroup.InGroup
 0001:00018128       Classes.TRegGroup.RegisterClass
 0001:000181E8       Classes.TRegGroup.Registered
 0001:0001822C       Classes.TRegGroup.UnregisterModuleClasses
 0001:000182D8       Classes.TRegGroups.Activate
 0001:00018324       Classes.TRegGroups.Create
 0001:00018398       Classes.TRegGroups.Destroy
 0001:000183F8       Classes.TRegGroups.FindGroup
 0001:0001843C       Classes.TRegGroups.GetClass
 0001:00018510       Classes.TRegGroups.GroupWith
 0001:000185DC       Classes.TRegGroups.Lock
 0001:000185E8       Classes.TRegGroups.RegisterClass
 0001:00018600       Classes.TRegGroups.Registered
 0001:00018644       Classes.TRegGroups.StartGroup
 0001:00018694       Classes.TRegGroups.Unlock
 0001:000186A0       Classes.TRegGroups.UnregisterModuleClasses
 0001:0001CEF4       Classes.TResourceStream.Create
 0001:0001D058       Classes.TResourceStream.Destroy
 0001:0001CFEC       Classes.TResourceStream.Initialize
 0001:0001D088       Classes.TResourceStream.Write
 0001:0001C888       Classes.TStream.CopyFrom
 0001:0001C5EC       Classes.TStream.GetPosition
 0001:0001C620       Classes.TStream.GetSize
 0001:0001C818       Classes.TStream.ReadBuffer
 0001:0001C97C       Classes.TStream.ReadComponent
 0001:0001C724       Classes.TStream.Seek
 0001:0001C7A8       Classes.TStream.Seek
 0001:0001C60C       Classes.TStream.SetPosition
 0001:0001C66C       Classes.TStream.SetSize
 0001:0001C684       Classes.TStream.SetSize
 0001:0001C670       Classes.TStream.SetSize64
 0001:0001C850       Classes.TStream.WriteBuffer
 0001:0001C9DC       Classes.TStream.WriteComponent
 0001:0001C9E4       Classes.TStream.WriteDescendent
 0001:00023A34       Classes.TStreamAdapter.Clone
 0001:00023988       Classes.TStreamAdapter.Commit
 0001:00023780       Classes.TStreamAdapter.CopyTo
 0001:00023544       Classes.TStreamAdapter.Create
 0001:00023590       Classes.TStreamAdapter.Destroy
 0001:000239A0       Classes.TStreamAdapter.LockRegion
 0001:000235C8       Classes.TStreamAdapter.Read
 0001:00023994       Classes.TStreamAdapter.Revert
 0001:00023698       Classes.TStreamAdapter.Seek
 0001:0002371C       Classes.TStreamAdapter.SetSize
 0001:000239B8       Classes.TStreamAdapter.Stat
 0001:000239AC       Classes.TStreamAdapter.UnlockRegion
 0001:00023630       Classes.TStreamAdapter.Write
 0001:0001BF54       Classes.TStringList.Add
 0001:0001BF64       Classes.TStringList.AddObject
 0001:0001BFC8       Classes.TStringList.Changed
 0001:0001BFE4       Classes.TStringList.Changing
 0001:0001C000       Classes.TStringList.Clear
 0001:0001C550       Classes.TStringList.CompareStrings
 0001:0001C518       Classes.TStringList.CustomSort
 0001:0001C040       Classes.TStringList.Delete
 0001:0001BEF8       Classes.TStringList.Destroy
 0001:0001C0AC       Classes.TStringList.Exchange
 0001:0001C108       Classes.TStringList.ExchangeItems
 0001:0001C12C       Classes.TStringList.Find
 0001:0001C1B0       Classes.TStringList.Get
 0001:0001C1E4       Classes.TStringList.GetCapacity
 0001:0001C1E8       Classes.TStringList.GetCount
 0001:0001C1EC       Classes.TStringList.GetObject
 0001:0001C214       Classes.TStringList.Grow
 0001:0001C248       Classes.TStringList.IndexOf
 0001:0001C284       Classes.TStringList.Insert
 0001:0001C2E8       Classes.TStringList.InsertItem
 0001:0001C294       Classes.TStringList.InsertObject
 0001:0001C364       Classes.TStringList.Put
 0001:0001C3C0       Classes.TStringList.PutObject
 0001:0001C400       Classes.TStringList.QuickSort
 0001:0001C494       Classes.TStringList.SetCapacity
 0001:0001C5D4       Classes.TStringList.SetCaseSensitive
 0001:0001C4B0       Classes.TStringList.SetSorted
 0001:0001C4D0       Classes.TStringList.SetUpdateState
 0001:0001C508       Classes.TStringList.Sort
 0001:0001AE84       Classes.TStrings.Add
 0001:0001AEA8       Classes.TStrings.AddObject
 0001:0001AECC       Classes.TStrings.AddStrings
 0001:0001AF84       Classes.TStrings.Assign
 0001:0001B03C       Classes.TStrings.BeginUpdate
 0001:0001BE80       Classes.TStrings.CompareStrings
 0001:0001B0AC       Classes.TStrings.DefineProperties
 0001:0001AE54       Classes.TStrings.Destroy
 0001:0001B0F8       Classes.TStrings.EndUpdate
 0001:0001B10C       Classes.TStrings.Equals
 0001:0001B1F0       Classes.TStrings.Error
 0001:0001B1B8       Classes.TStrings.Error
 0001:0001B248       Classes.TStrings.Exchange
 0001:0001B334       Classes.TStrings.ExtractName
 0001:0001B3B0       Classes.TStrings.GetCapacity
 0001:0001BE20       Classes.TStrings.GetLineBreak
 0001:0001B3B8       Classes.TStrings.GetName
 0001:0001BEC4       Classes.TStrings.GetNameValueSeparator
 0001:0001B418       Classes.TStrings.GetObject
 0001:0001B41C       Classes.TStrings.GetText
 0001:0001B470       Classes.TStrings.GetTextStr
 0001:0001B5A8       Classes.TStrings.IndexOf
 0001:0001B634       Classes.TStrings.IndexOfName
 0001:0001B708       Classes.TStrings.IndexOfObject
 0001:0001B73C       Classes.TStrings.InsertObject
 0001:0001B76C       Classes.TStrings.LoadFromFile
 0001:0001B7C0       Classes.TStrings.LoadFromStream
 0001:0001B86C       Classes.TStrings.Move
 0001:0001B91C       Classes.TStrings.Put
 0001:0001B94C       Classes.TStrings.PutObject
 0001:0001B950       Classes.TStrings.ReadData
 0001:0001BA00       Classes.TStrings.SaveToFile
 0001:0001BA58       Classes.TStrings.SaveToStream
 0001:0001BAB8       Classes.TStrings.SetCapacity
 0001:0001BE54       Classes.TStrings.SetLineBreak
 0001:0001BEDC       Classes.TStrings.SetNameValueSeparator
 0001:0001BABC       Classes.TStrings.SetStringsAdapter
 0001:0001BAF0       Classes.TStrings.SetText
 0001:0001BB40       Classes.TStrings.SetTextStr
 0001:0001BCE4       Classes.TStrings.SetUpdateState
 0001:0001BCE8       Classes.TStrings.SetValue
 0001:0001BD9C       Classes.TStrings.WriteData
 0001:00019AA8       Classes.TThreadList.Add
 0001:000199D8       Classes.TThreadList.Create
 0001:00019A2C       Classes.TThreadList.Destroy
 0001:00019B30       Classes.TThreadList.LockList
 0001:00019B44       Classes.TThreadList.Remove
 0001:00019B94       Classes.TThreadList.UnlockList
 0001:00020250       Classes.TWriter.AddAncestor
 0001:00020284       Classes.TWriter.DefineBinaryProperty
 0001:0002025C       Classes.TWriter.DefineProperty
 0001:00020224       Classes.TWriter.Destroy
 0001:000202C0       Classes.TWriter.FindMethodName
 0001:0002031C       Classes.TWriter.FlushBuffer
 0001:00022724       Classes.TWriter.GetLookupInfo
 0001:000202B0       Classes.TWriter.GetPosition
 0001:00020324       Classes.TWriter.SetPosition
 0001:00020360       Classes.TWriter.SetRoot
 0001:00020378       Classes.TWriter.Write
 0001:000203C4       Classes.TWriter.WriteBinary
 0001:00020464       Classes.TWriter.WriteBoolean
 0001:0002044C       Classes.TWriter.WriteBuffer
 0001:00020478       Classes.TWriter.WriteChar
 0001:00020518       Classes.TWriter.WriteCollection
 0001:00020608       Classes.TWriter.WriteComponent
 0001:00020BD4       Classes.TWriter.WriteCurrency
 0001:0002075C       Classes.TWriter.WriteData
 0001:00020BF8       Classes.TWriter.WriteDate
 0001:00020B64       Classes.TWriter.WriteDescendent
 0001:00020B8C       Classes.TWriter.WriteFloat
 0001:00020C1C       Classes.TWriter.WriteIdent
 0001:00020D54       Classes.TWriter.WriteInteger
 0001:00020CE0       Classes.TWriter.WriteInteger
 0001:00020DAC       Classes.TWriter.WriteListBegin
 0001:00020DB4       Classes.TWriter.WriteListEnd
 0001:00022558       Classes.TWriter.WriteMinStr
 0001:00020DBC       Classes.TWriter.WritePrefix
 0001:00020E04       Classes.TWriter.WriteProperties
 0001:00021F54       Classes.TWriter.WriteProperty
 0001:000224A8       Classes.TWriter.WritePropName
 0001:000224FC       Classes.TWriter.WriteSignature
 0001:00020BB0       Classes.TWriter.WriteSingle
 0001:0002250C       Classes.TWriter.WriteStr
 0001:00022604       Classes.TWriter.WriteString
 0001:00022710       Classes.TWriter.WriteValue
 0001:000220AC       Classes.TWriter.WriteVariant
 0001:000204C8       Classes.TWriter.WriteWideChar
 0001:00022658       Classes.TWriter.WriteWideString
 0001:00018DF0       Classes.UnregisterFindGlobalComponentProc
 0001:00018A30       Classes.UnRegisterModuleClasses
 0003:00000C00       Classes.UtilWindowClass
 0001:00022834       Classes.WaitForSyncEvent
 0003:00000B64       Classes.WakeMainThread
 0001:00019144       Classes.WriteCollection
 0001:000217B8       Classes.WriteCollectionProp
 0001:00021954       Classes.WriteFloatProp
 0001:00021994       Classes.WriteInt64Prop
 0001:00021D84       Classes.WriteInterfaceProp
 0001:0002174C       Classes.WriteIntProp
 0001:00021E60       Classes.WriteMethodProp
 0001:00021B70       Classes.WriteObjectProp
 0001:0002185C       Classes.WriteOrdProp
 0001:00021664       Classes.WritePropPath
 0001:000216B8       Classes.WriteSet
 0001:000219D0       Classes.WriteStrProp
 0001:00021EF0       Classes.WriteVariantProp
 0004:00004BB0       Clipbrd..2
 0001:000443C8       Clipbrd..TClipboard
 0004:00004BAE       Clipbrd.CF_COMPONENT
 0004:00004BAC       Clipbrd.CF_PICTURE
 0001:000449B8       Clipbrd.Clipboard
 0002:00000504       Clipbrd.Clipbrd
 0004:00004BB4       Clipbrd.FClipboard
 0001:00044A68       Clipbrd.Finalization
 0001:000444A4       Clipbrd.TClipboard.Adding
 0001:0004496C       Clipbrd.TClipboard.Assign
 0001:000448E8       Clipbrd.TClipboard.AssignGraphic
 0001:00044864       Clipbrd.TClipboard.AssignPicture
 0001:000447FC       Clipbrd.TClipboard.AssignTo
 0001:00044730       Clipbrd.TClipboard.AssignToBitmap
 0001:00044798       Clipbrd.TClipboard.AssignToMetafile
 0001:00044678       Clipbrd.TClipboard.AssignToPicture
 0001:00044460       Clipbrd.TClipboard.Clear
 0001:000444C0       Clipbrd.TClipboard.Close
 0001:00044A34       Clipbrd.TClipboard.Destroy
 0001:000449D8       Clipbrd.TClipboard.MainWndProc
 0001:000444EC       Clipbrd.TClipboard.Open
 0001:0004464C       Clipbrd.TClipboard.SetAsText
 0001:00044568       Clipbrd.TClipboard.SetBuffer
 0001:00044548       Clipbrd.TClipboard.WndProc
 0001:000A54E8       CLngPack..TLngPackReader
 0001:000A5544       CLngPack.TLngPackReader.Create
 0001:000A55C0       CLngPack.TLngPackReader.Destroy
 0004:00004D14       ComCtrls..76
 0001:00076FC4       ComCtrls..ETreeViewError
 0001:0007E2F4       ComCtrls..TComboBoxExActionLink
 0001:00093300       ComCtrls..TComboBoxExEnumerator
 0001:0007DFE8       ComCtrls..TComboBoxExStrings
 0001:0007DE00       ComCtrls..TComboExItem
 0001:0007DF34       ComCtrls..TComboExItems
 0001:00078E88       ComCtrls..TConversion
 0001:0007E100       ComCtrls..TCustomComboBoxEx
 0001:0007AF14       ComCtrls..TCustomListView
 0001:00078F10       ComCtrls..TCustomRichEdit
 0001:00077578       ComCtrls..TCustomTreeView
 0001:0007A198       ComCtrls..TIconOptions
 0001:00079C6C       ComCtrls..TListColumn
 0001:00079E30       ComCtrls..TListColumns
 0001:00079EE4       ComCtrls..TListItem
 0001:00079F7C       ComCtrls..TListItems
 0001:0007B188       ComCtrls..TListView
 0001:0007C1BC       ComCtrls..TListViewActionLink
 0001:00078CBC       ComCtrls..TParaAttributes
 0001:000785C4       ComCtrls..TProgressBar
 0001:000790E0       ComCtrls..TRichEdit
 0001:00084760       ComCtrls..TRichEditStrings
 0001:00086984       ComCtrls..TSubItems
 0001:00078C28       ComCtrls..TTextAttributes
 0001:0007CF9C       ComCtrls..TToolBar
 0001:0007CF3C       ComCtrls..TToolBarEnumerator
 0001:0007C438       ComCtrls..TToolButton
 0001:0007C340       ComCtrls..TToolButtonActionLink
 0001:00076DD4       ComCtrls..TTreeNode
 0001:00076E70       ComCtrls..TTreeNodes
 0001:000777BC       ComCtrls..TTreeView
 0001:0007A008       ComCtrls..TWorkArea
 0001:0007A0B4       ComCtrls..TWorkAreas
 0001:00084D94       ComCtrls.AdjustLineBreaks
 0003:00001AB0       ComCtrls.Arrangements
 0003:00001AB8       ComCtrls.AutoArrange
 0003:00001A4C       ComCtrls.AutoExpandStyles
 0003:00001A90       ComCtrls.BorderStyles
 0003:00001A04       ComCtrls.BorderStyles
 0003:00001B3C       ComCtrls.ButtonStates
 0003:00001B4C       ComCtrls.ButtonStyles
 0003:00001A1C       ComCtrls.ButtonStyles
 0003:000019F8       ComCtrls.cAddMode
 0001:0008FA08       ComCtrls.CalcSize
 0001:0007E44C       ComCtrls.CheckCommonControl
 0003:00001B0C       ComCtrls.Codes
 0003:00001A7C       ComCtrls.Codes
 0004:00004D4C       ComCtrls.CoInitExProcLoaded
 0004:00004D48       ComCtrls.CoInitializeExProc
 0003:00001AE0       ComCtrls.ColumnClicks
 0003:00001B8C       ComCtrls.ComboBoxExStyles
 0003:00001B98       ComCtrls.ComboExStyles
 0004:00004D20       ComCtrls.ComCtlVersion
 0002:00000774       ComCtrls.ComCtrls
 0001:000902F8       ComCtrls.ContainsActiveControl
 0003:000019F4       ComCtrls.ConversionFormatList
 0001:00089C48       ComCtrls.ConvertFlags
 0001:00089AB0       ComCtrls.ConvertMask
 0001:00089C6C       ComCtrls.ConvertStates
 0003:00001B80       ComCtrls.CustomizeStyles
 0001:000880F8       ComCtrls.DefaultListViewSort
 0001:0007E4F4       ComCtrls.DefaultTreeViewSort
 0003:00001AF8       ComCtrls.Directions
 0001:00088E04       ComCtrls.DoBufferedPaint
 0001:00088BB4       ComCtrls.DoBufferedPaint
 0001:00080D90       ComCtrls.DoBufferedPaint
 0003:00001B58       ComCtrls.DownMessage
 0003:00001A34       ComCtrls.DragStyles
 0003:00001A98       ComCtrls.EditStyles
 0003:00001A24       ComCtrls.EditStyles
 0003:00001A64       ComCtrls.Empty
 0001:0009460C       ComCtrls.Finalization
 0001:00091E18       ComCtrls.FindButton
 0003:00001B70       ComCtrls.FlatOnXp
 0003:00001B68       ComCtrls.FlatStyles
 0004:00004D1C       ComCtrls.FRichEditModule
 0001:00087D38       ComCtrls.GetByteLength
 0001:0007E474       ComCtrls.GetComCtlVersion
 0001:0008EB58       ComCtrls.GetImageBitmap
 0001:0008EE1C       ComCtrls.HasDropDownButton
 0003:00001A68       ComCtrls.HideScrollBars
 0003:00001A70       ComCtrls.HideSelections
 0003:00001A2C       ComCtrls.HideSelections
 0003:00001AA8       ComCtrls.HideSelections
 0003:00001A54       ComCtrls.HotTrackStyles
 0003:00001B24       ComCtrls.IAlignment
 0001:0007E420       ComCtrls.InitCommonControl
 0003:00001B88       ComCtrls.InitDone
 0001:0009219C       ComCtrls.InitToolMenuHooks
 0001:0009229C       ComCtrls.InitToolMenuKeyHooks
 0001:000926A8       ComCtrls.IsMenuBar
 0001:00090F60       ComCtrls.IsToolButtonMouseMsg
 0004:00004D34       ComCtrls.LastMenuItem
 0004:00004D38       ComCtrls.LastMousePos
 0003:00001A0C       ComCtrls.LineStyles
 0003:00001A8C       ComCtrls.ListItemStreamVersion
 0003:00001B60       ComCtrls.ListStyles
 0004:00004D30       ComCtrls.MenuButtonIndex
 0004:00004D28       ComCtrls.MenuToolBar
 0004:00004D2C       ComCtrls.MenuToolBar2
 0003:00001AA0       ComCtrls.MultiSelections
 0001:0008374C       ComCtrls.NodeInList
 0003:00001A78       ComCtrls.Painting
 0001:000838B4       ComCtrls.ProgressLimitError
 0001:00088580       ComCtrls.ReadCols
 0001:000921D4       ComCtrls.ReleaseToolMenuHooks
 0001:000922C0       ComCtrls.ReleaseToolMenuKeyHooks
 0003:00001A14       ComCtrls.RootStyles
 0003:00001A5C       ComCtrls.RowSelectStyles
 0003:000019DC       ComCtrls.RTFConversionFormat
 0003:00001A3C       ComCtrls.RTLStyles
 0001:00091020       ComCtrls.SendDropdownMsg
 0001:0007E4AC       ComCtrls.SetComCtlStyle
 0004:00004D18       ComCtrls.ShellModule
 0003:00001AD8       ComCtrls.ShowColumns
 0001:0008377C       ComCtrls.SiblingNotInList
 0004:00004D40       ComCtrls.StillModal
 0001:00084E28       ComCtrls.StreamLoad
 0001:00084DC8       ComCtrls.StreamSave
 0001:00094410       ComCtrls.TComboBoxExActionLink.AddItem
 0001:000943A0       ComCtrls.TComboBoxExActionLink.AddItem
 0001:00094444       ComCtrls.TComboBoxExEnumerator.Clone
 0001:00094488       ComCtrls.TComboBoxExEnumerator.Create
 0001:000944C4       ComCtrls.TComboBoxExEnumerator.GetCount
 0001:000944D0       ComCtrls.TComboBoxExEnumerator.GetString
 0001:000944F4       ComCtrls.TComboBoxExEnumerator.Next
 0001:000945CC       ComCtrls.TComboBoxExEnumerator.Reset
 0001:000945E0       ComCtrls.TComboBoxExEnumerator.Skip
 0001:00093E78       ComCtrls.TComboBoxExStrings.Add
 0001:00093E9C       ComCtrls.TComboBoxExStrings.AddObject
 0001:00093ECC       ComCtrls.TComboBoxExStrings.Clear
 0001:00093F34       ComCtrls.TComboBoxExStrings.Create
 0001:00093FC0       ComCtrls.TComboBoxExStrings.Delete
 0001:00093F90       ComCtrls.TComboBoxExStrings.Destroy
 0001:00093FCC       ComCtrls.TComboBoxExStrings.Exchange
 0001:00094118       ComCtrls.TComboBoxExStrings.Get
 0001:0009413C       ComCtrls.TComboBoxExStrings.GetCapacity
 0001:00094148       ComCtrls.TComboBoxExStrings.GetCount
 0001:000942B4       ComCtrls.TComboBoxExStrings.GetItemClass
 0001:000942AC       ComCtrls.TComboBoxExStrings.GetItemsClass
 0001:00094154       ComCtrls.TComboBoxExStrings.GetObject
 0001:0009416C       ComCtrls.TComboBoxExStrings.IndexOf
 0001:00094210       ComCtrls.TComboBoxExStrings.IndexOfName
 0001:00094218       ComCtrls.TComboBoxExStrings.Insert
 0001:0009422C       ComCtrls.TComboBoxExStrings.Move
 0001:0009424C       ComCtrls.TComboBoxExStrings.PutObject
 0001:0009426C       ComCtrls.TComboBoxExStrings.SetUpdateState
 0001:00092F04       ComCtrls.TComboExItem.Assign
 0001:00092F58       ComCtrls.TComboExItem.SetCaption
 0001:00092F8C       ComCtrls.TComboExItem.SetData
 0001:00092FC0       ComCtrls.TComboExItem.SetDisplayName
 0001:00092FE0       ComCtrls.TComboExItem.SetImageIndex
 0001:00093010       ComCtrls.TComboExItem.SetIndex
 0001:0009302C       ComCtrls.TComboExItem.SetOverlayImageIndex
 0001:00093048       ComCtrls.TComboExItem.SetSelectedImageIndex
 0001:00093064       ComCtrls.TComboExItems.Add
 0001:00093070       ComCtrls.TComboExItems.AddItem
 0001:000930D8       ComCtrls.TComboExItems.GetComboItem
 0001:000930EC       ComCtrls.TComboExItems.Insert
 0001:00093124       ComCtrls.TComboExItems.Notify
 0001:00093194       ComCtrls.TComboExItems.SetItem
 0001:00084738       ComCtrls.TConversion.ConvertReadStream
 0001:0008474C       ComCtrls.TConversion.ConvertWriteStream
 0001:00093BEC       ComCtrls.TCustomComboBoxEx.ActionChange
 0001:00093730       ComCtrls.TCustomComboBoxEx.CMColorChanged
 0001:00093704       ComCtrls.TCustomComboBoxEx.CMParentColorChanged
 0001:00093504       ComCtrls.TCustomComboBoxEx.CNNotify
 0001:00093808       ComCtrls.TCustomComboBoxEx.ComboExWndProc
 0001:00093364       ComCtrls.TCustomComboBoxEx.Create
 0001:00093554       ComCtrls.TCustomComboBoxEx.CreateParams
 0001:00093828       ComCtrls.TCustomComboBoxEx.CreateWnd
 0001:0009348C       ComCtrls.TCustomComboBoxEx.Destroy
 0001:00093C98       ComCtrls.TCustomComboBoxEx.DestroyWnd
 0001:00093CFC       ComCtrls.TCustomComboBoxEx.Focused
 0001:00093B84       ComCtrls.TCustomComboBoxEx.GetActionLinkClass
 0001:00093B70       ComCtrls.TCustomComboBoxEx.GetItemCount
 0001:00093C90       ComCtrls.TCustomComboBoxEx.GetItemHt
 0001:00093B7C       ComCtrls.TCustomComboBoxEx.GetItemsClass
 0001:00093660       ComCtrls.TCustomComboBoxEx.ImageListChange
 0001:000936D4       ComCtrls.TCustomComboBoxEx.Notification
 0001:00093C50       ComCtrls.TCustomComboBoxEx.SetDropDownCount
 0001:000935CC       ComCtrls.TCustomComboBoxEx.SetImages
 0001:00093B8C       ComCtrls.TCustomComboBoxEx.SetStyleEx
 0001:00093D38       ComCtrls.TCustomComboBoxEx.UpdateAutoComplete
 0001:00093E58       ComCtrls.TCustomComboBoxEx.WMHelp
 0001:00093790       ComCtrls.TCustomComboBoxEx.WMLButtonDown
 0001:0009368C       ComCtrls.TCustomComboBoxEx.WndProc
 0001:0008C6E8       ComCtrls.TCustomListView.ActionChange
 0001:0008ABC0       ComCtrls.TCustomListView.AddItem
 0001:0008B114       ComCtrls.TCustomListView.AlphaSort
 0001:0008C314       ComCtrls.TCustomListView.AreItemsStored
 0001:0008B654       ComCtrls.TCustomListView.Arrange
 0001:0008AC28       ComCtrls.TCustomListView.CanChange
 0001:0008ACE0       ComCtrls.TCustomListView.CanEdit
 0001:0008BCA4       ComCtrls.TCustomListView.CanvasChanged
 0001:0008AC70       ComCtrls.TCustomListView.Change
 0001:0008AADC       ComCtrls.TCustomListView.ChangeScale
 0001:0008C688       ComCtrls.TCustomListView.Clear
 0001:0008C4E8       ComCtrls.TCustomListView.ClearSelection
 0001:00089558       ComCtrls.TCustomListView.CMColorChanged
 0001:0008957C       ComCtrls.TCustomListView.CMCtl3DChanged
 0001:0008AF34       ComCtrls.TCustomListView.CMDrag
 0001:000897FC       ComCtrls.TCustomListView.CMFontChanged
 0001:0008C160       ComCtrls.TCustomListView.CMHintShow
 0001:0008BB74       ComCtrls.TCustomListView.CNDrawItem
 0001:00089CB8       ComCtrls.TCustomListView.CNNotify
 0001:0008AB50       ComCtrls.TCustomListView.ColClick
 0001:0008AB70       ComCtrls.TCustomListView.ColRightClick
 0001:000897E4       ComCtrls.TCustomListView.ColumnsShowing
 0001:0008C524       ComCtrls.TCustomListView.CopySelection
 0001:00088164       ComCtrls.TCustomListView.Create
 0001:00089A64       ComCtrls.TCustomListView.CreateListItem
 0001:00089AA0       ComCtrls.TCustomListView.CreateListItems
 0001:00088460       ComCtrls.TCustomListView.CreateParams
 0001:00088634       ComCtrls.TCustomListView.CreateWnd
 0001:0008BDC0       ComCtrls.TCustomListView.CustomDraw
 0001:0008BE18       ComCtrls.TCustomListView.CustomDrawItem
 0001:0008BE8C       ComCtrls.TCustomListView.CustomDrawSubItem
 0001:0008ACA8       ComCtrls.TCustomListView.Delete
 0001:0008C598       ComCtrls.TCustomListView.DeleteSelected
 0001:00088360       ComCtrls.TCustomListView.Destroy
 0001:000888A8       ComCtrls.TCustomListView.DestroyWnd
 0001:0008B9AC       ComCtrls.TCustomListView.DoAutoSize
 0001:0008B06C       ComCtrls.TCustomListView.DoDragOver
 0001:0008AF08       ComCtrls.TCustomListView.DoEndDrag
 0001:0008C288       ComCtrls.TCustomListView.DoInfoTip
 0001:0008AE28       ComCtrls.TCustomListView.DoStartDrag
 0001:0008BF04       ComCtrls.TCustomListView.DrawItem
 0001:0008BFC0       ComCtrls.TCustomListView.DrawWorkAreas
 0001:0008AD0C       ComCtrls.TCustomListView.Edit
 0001:00088E8C       ComCtrls.TCustomListView.EditWndProc
 0001:0008C6E0       ComCtrls.TCustomListView.GetActionLinkClass
 0001:0008B390       ComCtrls.TCustomListView.GetColumnFromIndex
 0001:0008C394       ComCtrls.TCustomListView.GetColumnFromTag
 0001:0008C640       ComCtrls.TCustomListView.GetCount
 0001:0008AD8C       ComCtrls.TCustomListView.GetDragImages
 0001:0008B41C       ComCtrls.TCustomListView.GetDropTarget
 0001:0008C2E4       ComCtrls.TCustomListView.GetHoverTime
 0001:0008B488       ComCtrls.TCustomListView.GetImageIndex
 0001:00089AFC       ComCtrls.TCustomListView.GetItem
 0001:0008B5E8       ComCtrls.TCustomListView.GetItemAt
 0001:00089968       ComCtrls.TCustomListView.GetItemIndex
 0001:0008B57C       ComCtrls.TCustomListView.GetNearestItem
 0001:0008B4A8       ComCtrls.TCustomListView.GetNextItem
 0001:00089C30       ComCtrls.TCustomListView.GetSelCount
 0001:0008B39C       ComCtrls.TCustomListView.GetSelected
 0001:0008BF7C       ComCtrls.TCustomListView.GetSubItemImage
 0001:0008B1A4       ComCtrls.TCustomListView.GetTopItem
 0001:0008B188       ComCtrls.TCustomListView.GetViewOrigin
 0001:00088C3C       ComCtrls.TCustomListView.HeaderWndProc
 0001:00088984       ComCtrls.TCustomListView.ImageListChange
 0001:0008ABA0       ComCtrls.TCustomListView.InsertItem
 0001:0008BCAC       ComCtrls.TCustomListView.IsCustomDrawn
 0001:0008C34C       ComCtrls.TCustomListView.MouseUp
 0001:000889F8       ComCtrls.TCustomListView.Notification
 0001:00089990       ComCtrls.TCustomListView.OwnerDataFetch
 0001:000899B8       ComCtrls.TCustomListView.OwnerDataFind
 0001:00089A04       ComCtrls.TCustomListView.OwnerDataHint
 0001:00089A2C       ComCtrls.TCustomListView.OwnerDataStateChange
 0001:0008908C       ComCtrls.TCustomListView.ResetExStyles
 0001:00089194       ComCtrls.TCustomListView.RestoreChecks
 0001:00089220       ComCtrls.TCustomListView.SaveChecks
 0001:0008C64C       ComCtrls.TCustomListView.SelectAll
 0001:00089520       ComCtrls.TCustomListView.SetAllocBy
 0001:00089410       ComCtrls.TCustomListView.SetBorderStyle
 0001:000892A4       ComCtrls.TCustomListView.SetCheckboxes
 0001:00089424       ComCtrls.TCustomListView.SetColumnClick
 0001:00089494       ComCtrls.TCustomListView.SetColumnHeaders
 0001:0008B444       ComCtrls.TCustomListView.SetDropTarget
 0001:000893E8       ComCtrls.TCustomListView.SetFlatScrollBars
 0001:000893FC       ComCtrls.TCustomListView.SetFullDrag
 0001:00089344       ComCtrls.TCustomListView.SetGridLines
 0001:0008983C       ComCtrls.TCustomListView.SetHideSelection
 0001:00089358       ComCtrls.TCustomListView.SetHotTrack
 0001:0008936C       ComCtrls.TCustomListView.SetHotTrackStyles
 0001:0008C2A8       ComCtrls.TCustomListView.SetHoverTime
 0001:00089864       ComCtrls.TCustomListView.SetIconOptions
 0001:00088954       ComCtrls.TCustomListView.SetImageList
 0001:00089438       ComCtrls.TCustomListView.SetItemIndex
 0001:0008B0F8       ComCtrls.TCustomListView.SetItems
 0001:0008B1E4       ComCtrls.TCustomListView.SetLargeImages
 0001:0008B104       ComCtrls.TCustomListView.SetListColumns
 0001:00089480       ComCtrls.TCustomListView.SetMultiSelect
 0001:00089394       ComCtrls.TCustomListView.SetOwnerData
 0001:000893C0       ComCtrls.TCustomListView.SetOwnerDraw
 0001:00089850       ComCtrls.TCustomListView.SetReadOnly
 0001:000893D4       ComCtrls.TCustomListView.SetRowSelect
 0001:0008B3B4       ComCtrls.TCustomListView.SetSelected
 0001:0008C150       ComCtrls.TCustomListView.SetShowWorkAreas
 0001:0008B258       ComCtrls.TCustomListView.SetSmallImages
 0001:0008B14C       ComCtrls.TCustomListView.SetSortType
 0001:0008B2D4       ComCtrls.TCustomListView.SetStateImages
 0001:000894D4       ComCtrls.TCustomListView.SetTextBkColor
 0001:000894A8       ComCtrls.TCustomListView.SetTextColor
 0001:00089894       ComCtrls.TCustomListView.SetViewStyle
 0001:0008B6BC       ComCtrls.TCustomListView.UpdateColumn
 0001:0008B67C       ComCtrls.TCustomListView.UpdateColumns
 0001:0008906C       ComCtrls.TCustomListView.UpdateItems
 0001:000897F0       ComCtrls.TCustomListView.ValidHeaderHandle
 0001:0008C3D0       ComCtrls.TCustomListView.WMContextMenu
 0001:0008C458       ComCtrls.TCustomListView.WMCtlColorEdit
 0001:0008B828       ComCtrls.TCustomListView.WMLButtonDown
 0001:000895A0       ComCtrls.TCustomListView.WMNotify
 0001:0008C128       ComCtrls.TCustomListView.WMPaint
 0001:00089918       ComCtrls.TCustomListView.WMParentNotify
 0001:0008C74C       ComCtrls.TCustomListView.WMVScroll
 0001:0008BB40       ComCtrls.TCustomListView.WMWindowPosChanged
 0001:0008ADA8       ComCtrls.TCustomListView.WndProc
 0001:00085524       ComCtrls.TCustomRichEdit.Clear
 0001:00085AA8       ComCtrls.TCustomRichEdit.CMBiDiModeChanged
 0001:00085BB4       ComCtrls.TCustomRichEdit.CMColorChanged
 0001:000858B8       ComCtrls.TCustomRichEdit.CMFontChanged
 0001:00085F60       ComCtrls.TCustomRichEdit.CNNotify
 0001:00085398       ComCtrls.TCustomRichEdit.Create
 0001:0008553C       ComCtrls.TCustomRichEdit.CreateParams
 0001:000855C8       ComCtrls.TCustomRichEdit.CreateWnd
 0001:000854C8       ComCtrls.TCustomRichEdit.Destroy
 0001:00085720       ComCtrls.TCustomRichEdit.DestroyWnd
 0001:000858C8       ComCtrls.TCustomRichEdit.DoSetMaxLength
 0001:000858E8       ComCtrls.TCustomRichEdit.GetCaretPos
 0001:00085B9C       ComCtrls.TCustomRichEdit.GetPlainText
 0001:00085994       ComCtrls.TCustomRichEdit.GetSelLength
 0001:000859BC       ComCtrls.TCustomRichEdit.GetSelStart
 0001:00085A64       ComCtrls.TCustomRichEdit.GetSelText
 0001:000859E0       ComCtrls.TCustomRichEdit.GetSelTextBuf
 0001:00085C18       ComCtrls.TCustomRichEdit.Print
 0001:0008600C       ComCtrls.TCustomRichEdit.ProtectChange
 0001:0008605C       ComCtrls.TCustomRichEdit.RequestSize
 0001:00085FDC       ComCtrls.TCustomRichEdit.SaveClipboard
 0001:0008603C       ComCtrls.TCustomRichEdit.SelectionChange
 0001:00085948       ComCtrls.TCustomRichEdit.SetCaretPos
 0001:00085AFC       ComCtrls.TCustomRichEdit.SetHideScrollBars
 0001:00085B10       ComCtrls.TCustomRichEdit.SetHideSelection
 0001:00085BA8       ComCtrls.TCustomRichEdit.SetPlainText
 0001:00085BE0       ComCtrls.TCustomRichEdit.SetRichEditStrings
 0001:00085B40       ComCtrls.TCustomRichEdit.SetSelLength
 0001:00085BF0       ComCtrls.TCustomRichEdit.SetSelStart
 0001:00085828       ComCtrls.TCustomRichEdit.WMNCDestroy
 0001:00085DF0       ComCtrls.TCustomRichEdit.WMPaint
 0001:00085840       ComCtrls.TCustomRichEdit.WMRButtonUp
 0001:00085EB4       ComCtrls.TCustomRichEdit.WMSetCursor
 0001:00085830       ComCtrls.TCustomRichEdit.WMSetFont
 0001:00082430       ComCtrls.TCustomTreeView.Added
 0001:000810B8       ComCtrls.TCustomTreeView.AlphaSort
 0001:000823B4       ComCtrls.TCustomTreeView.CanChange
 0001:000824DC       ComCtrls.TCustomTreeView.CanCollapse
 0001:00082508       ComCtrls.TCustomTreeView.CanEdit
 0001:00082490       ComCtrls.TCustomTreeView.CanExpand
 0001:00082B8C       ComCtrls.TCustomTreeView.CanvasChanged
 0001:000823E0       ComCtrls.TCustomTreeView.Change
 0001:00082D08       ComCtrls.TCustomTreeView.ClearSelection
 0001:00080FF8       ComCtrls.TCustomTreeView.CMColorChanged
 0001:00081034       ComCtrls.TCustomTreeView.CMCtl3DChanged
 0001:00082290       ComCtrls.TCustomTreeView.CMDrag
 0001:00081050       ComCtrls.TCustomTreeView.CMFontChanged
 0001:00081090       ComCtrls.TCustomTreeView.CMSysColorChange
 0001:00081640       ComCtrls.TCustomTreeView.CNNotify
 0001:000824BC       ComCtrls.TCustomTreeView.Collapse
 0001:00082D40       ComCtrls.TCustomTreeView.ControlSelectNode
 0001:00082DA4       ComCtrls.TCustomTreeView.ControlShiftSelectNode
 0001:0008059C       ComCtrls.TCustomTreeView.Create
 0001:000825E4       ComCtrls.TCustomTreeView.CreateNode
 0001:00082620       ComCtrls.TCustomTreeView.CreateNodes
 0001:00080810       ComCtrls.TCustomTreeView.CreateParams
 0001:00080928       ComCtrls.TCustomTreeView.CreateWnd
 0001:00082C34       ComCtrls.TCustomTreeView.CustomDraw
 0001:00082C8C       ComCtrls.TCustomTreeView.CustomDrawItem
 0001:000810C4       ComCtrls.TCustomTreeView.CustomSort
 0001:00082450       ComCtrls.TCustomTreeView.Delete
 0001:00083728       ComCtrls.TCustomTreeView.Deselect
 0001:00080760       ComCtrls.TCustomTreeView.Destroy
 0001:00080BB4       ComCtrls.TCustomTreeView.DestroyWnd
 0001:00082318       ComCtrls.TCustomTreeView.DoDragOver
 0001:00082270       ComCtrls.TCustomTreeView.DoEndDrag
 0001:00082DC0       ComCtrls.TCustomTreeView.DoEnter
 0001:00082DD4       ComCtrls.TCustomTreeView.DoExit
 0001:000821D8       ComCtrls.TCustomTreeView.DoStartDrag
 0001:00082534       ComCtrls.TCustomTreeView.Edit
 0001:00080E18       ComCtrls.TCustomTreeView.EditWndProc
 0001:00082470       ComCtrls.TCustomTreeView.Expand
 0001:000837E4       ComCtrls.TCustomTreeView.FindNextToSelect
 0001:00082DE8       ComCtrls.TCustomTreeView.FinishSelection
 0001:00081460       ComCtrls.TCustomTreeView.FullExpand
 0001:000815A0       ComCtrls.TCustomTreeView.GetChangeDelay
 0001:00082124       ComCtrls.TCustomTreeView.GetDragImages
 0001:000815AC       ComCtrls.TCustomTreeView.GetDropTarget
 0001:00081354       ComCtrls.TCustomTreeView.GetHitTestInfoAt
 0001:00082374       ComCtrls.TCustomTreeView.GetImageIndex
 0001:00081448       ComCtrls.TCustomTreeView.GetIndent
 0001:00081310       ComCtrls.TCustomTreeView.GetNodeAt
 0001:00081618       ComCtrls.TCustomTreeView.GetNodeFromItem
 0001:00081528       ComCtrls.TCustomTreeView.GetSelected
 0001:00082394       ComCtrls.TCustomTreeView.GetSelectedIndex
 0001:00082FDC       ComCtrls.TCustomTreeView.GetSelection
 0001:00082FD0       ComCtrls.TCustomTreeView.GetSelectionCount
 0001:00083870       ComCtrls.TCustomTreeView.GetSelections
 0001:000814A8       ComCtrls.TCustomTreeView.GetTopItem
 0001:00082660       ComCtrls.TCustomTreeView.ImageListChange
 0001:00082FF4       ComCtrls.TCustomTreeView.InvalidateSelectionsRects
 0001:00082B94       ComCtrls.TCustomTreeView.IsCustomDrawn
 0001:0008148C       ComCtrls.TCustomTreeView.Loaded
 0001:00083040       ComCtrls.TCustomTreeView.MouseDown
 0001:000830B0       ComCtrls.TCustomTreeView.NodeDeselect
 0001:000830D8       ComCtrls.TCustomTreeView.NodeSelect
 0001:000826BC       ComCtrls.TCustomTreeView.Notification
 0001:00081500       ComCtrls.TCustomTreeView.OnChangeTimer
 0001:00083524       ComCtrls.TCustomTreeView.Select
 0001:00083100       ComCtrls.TCustomTreeView.Select
 0001:0008359C       ComCtrls.TCustomTreeView.Select
 0001:00083128       ComCtrls.TCustomTreeView.SelectNode
 0001:00081180       ComCtrls.TCustomTreeView.SetAutoExpand
 0001:00081230       ComCtrls.TCustomTreeView.SetBorderStyle
 0001:0008126C       ComCtrls.TCustomTreeView.SetButtonStyle
 0001:00081594       ComCtrls.TCustomTreeView.SetChangeDelay
[...]
   351 0001:000A6309   354 0001:000A6343   355 0001:000A6348   356 0001:000A634D
   358 0001:000A6359   364 0001:000A6440   365 0001:000A645C   366 0001:000A6474
   367 0001:000A647B   368 0001:000A647F   369 0001:000A648B   371 0001:000A6491
   372 0001:000A6495   373 0001:000A6498   376 0001:000A649D   377 0001:000A64A1
   380 0001:000A64DA   382 0001:000A64E6   452 0001:000A65CC   453 0001:000A65DE
   455 0001:000A65ED   459 0001:000A661A   460 0001:000A6622   758 0001:000A6629

Line numbers for Lang(Lang.pas) segment .text

   123 0001:000A6690   124 0001:000A6693   125 0001:000A66A3   164 0001:000A66A8
   165 0001:000A66D7   166 0001:000A66ED   167 0001:000A670D   168 0001:000A672D
   169 0001:000A674C   170 0001:000A6775   171 0001:000A678F   174 0001:000A67A9
   175 0001:000A67BB   176 0001:000A67C5   177 0001:000A67CF   178 0001:000A67D9
   179 0001:000A67E0   180 0001:000A67E3   181 0001:000A67E9   182 0001:000A67EF
   183 0001:000A67FE

Line numbers for Lang(Lang.pas) segment .itext

   470 0002:000007CC   471 0002:000007E6   472 0002:000007F7   473 0002:00000803
   474 0002:0000080C   475 0002:00000818   476 0002:00000829   477 0002:0000083A

Line numbers for DlgMes(DlgMes.pas) segment .text

    62 0001:000A68E0    63 0001:000A68E9    64 0001:000A6905    78 0001:000A690C
    79 0001:000A691C

Line numbers for DlgMes(DlgMes.pas) segment .itext

   269 0002:00000854   270 0002:0000086E   271 0002:00000878   280 0002:00000896

Line numbers for VfsDebug(VfsDebug.pas) segment .text

    40 0001:000A69B8    42 0001:000A69BC    43 0001:000A69C6    44 0001:000A69CC
    45 0001:000A69D4    46 0001:000A69E2    48 0001:000A69EC    51 0001:000A69F4
    52 0001:000A69FA    53 0001:000A6A0F    56 0001:000A6A14    57 0001:000A6A1A
    59 0001:000A6A23    61 0001:000A6A2D    62 0001:000A6A36    65 0001:000A6A3E
    68 0001:000A6A48    74 0001:000A6A4C    75 0001:000A6A78    87 0001:000A6AE7
    89 0001:000A6AF4    91 0001:000A6AFC    92 0001:000A6B11

Line numbers for VfsDebug(VfsDebug.pas) segment .itext

    95 0002:000008CC    96 0002:000008D5    97 0002:000008DF    98 0002:000008EA

Line numbers for VfsApiDigger(VfsApiDigger.pas) segment .text

    65 0001:000A6C50    72 0001:000A6C6C    73 0001:000A6C7B    74 0001:000A6C80
    75 0001:000A6C8E    77 0001:000A6C9F    78 0001:000A6CA9    79 0001:000A6CB5
    82 0001:000A6CC4    83 0001:000A6CCF    86 0001:000A6CD8    87 0001:000A6CDF
    89 0001:000A6CEA    92 0001:000A6CEE    93 0001:000A6CF4    96 0001:000A6D15
    91 0001:000A6D16    99 0001:000A6D20    85 0001:000A6D24   103 0001:000A6D2C
    72 0001:000A6D30   104 0001:000A6D39   113 0001:000A6D60   114 0001:000A6D66
   116 0001:000A6D7E   120 0001:000A6D80   121 0001:000A6D89   123 0001:000A6D90
   124 0001:000A6D9C   126 0001:000A6DAB   127 0001:000A6DB0   129 0001:000A6DBC
   130 0001:000A6DC8   136 0001:000A6DD7   118 0001:000A6DD8   138 0001:000A6DDD
   144 0001:000A6E44   145 0001:000A6E4A   146 0001:000A6E58   149 0001:000A6E5A
   150 0001:000A6E5E   153 0001:000A6E67   154 0001:000A6E6B   157 0001:000A6E79
   158 0001:000A6E7D   160 0001:000A6E82

Line numbers for VfsApiDigger(VfsApiDigger.pas) segment .itext

   162 0002:000008EC   163 0002:000008F5   164 0002:00000901

Line numbers for VfsOpenFiles(VfsOpenFiles.pas) segment .text

    69 0001:000A6F24    70 0001:000A6F3F    71 0001:000A6F48    72 0001:000A6F56
    75 0001:000A6F78    76 0001:000A6F89    77 0001:000A6F94    88 0001:000A6FA8
    89 0001:000A6FF5    91 0001:000A6FFA    95 0001:000A7007    96 0001:000A7019
    97 0001:000A7037    99 0001:000A7043   101 0001:000A704B   100 0001:000A706F
   104 0001:000A7081   108 0001:000A708C   110 0001:000A709A   111 0001:000A70A2
   112 0001:000A70AA   113 0001:000A70C2   117 0001:000A70CA   118 0001:000A70E8
   119 0001:000A70F9   122 0001:000A7114   123 0001:000A7150   127 0001:000A716B
   128 0001:000A7173   131 0001:000A71D8   132 0001:000A71E1   133 0001:000A71F1
   139 0001:000A71F8   140 0001:000A7204   141 0001:000A7209   144 0001:000A7211
   146 0001:000A721B   148 0001:000A722B   149 0001:000A7231   152 0001:000A723F
   154 0001:000A7249   157 0001:000A7250   159 0001:000A725C   160 0001:000A7266
   161 0001:000A727B   164 0001:000A7285   165 0001:000A728D   168 0001:000A7294
   170 0001:000A729B   171 0001:000A72A5   172 0001:000A72B2   174 0001:000A72BC

Line numbers for VfsOpenFiles(VfsOpenFiles.pas) segment .itext

   176 0002:00000904   177 0002:0000090D   178 0002:00000917   179 0002:00000923

Line numbers for VfsPatching(VfsPatching.pas) segment .text

    41 0001:000A7314    42 0001:000A7324    43 0001:000A7346    44 0001:000A7367
    46 0001:000A736C    47 0001:000A7370    48 0001:000A737E    50 0001:000A7391
    51 0001:000A7395    52 0001:000A73A1    55 0001:000A73BF    58 0001:000A73C6
    65 0001:000A7430    66 0001:000A744A    67 0001:000A7462    69 0001:000A7480
    71 0001:000A7482    72 0001:000A7488    73 0001:000A74A2    74 0001:000A74AE
    76 0001:000A74C2    89 0001:000A7550    90 0001:000A7576    91 0001:000A758E
    92 0001:000A75A6    99 0001:000A75BB   100 0001:000A75C8   101 0001:000A75D5
   102 0001:000A760C   105 0001:000A7616   108 0001:000A7622   111 0001:000A763D
   114 0001:000A7643   115 0001:000A7651   116 0001:000A7657   117 0001:000A767F
   118 0001:000A7687   122 0001:000A7695   123 0001:000A76A2   126 0001:000A76AC
   129 0001:000A76B2   130 0001:000A76C0   132 0001:000A76CC   133 0001:000A76D2
   134 0001:000A76D7   135 0001:000A76F7   138 0001:000A770A   140 0001:000A7714
   141 0001:000A771C   144 0001:000A77A8   145 0001:000A77AB   146 0001:000A77B1
   148 0001:000A77C3   150 0001:000A77F3

Line numbers for VfsHooks(VfsHooks.pas) segment .text

    49 0001:000A77C8    50 0001:000A77D4    51 0001:000A77DF    59 0001:000A77E4
    60 0001:000A7802    61 0001:000A7810    63 0001:000A7818    64 0001:000A7828
    65 0001:000A7831    68 0001:000A7847    69 0001:000A7850    71 0001:000A785E
    72 0001:000A786A    73 0001:000A787D    75 0001:000A7897    79 0001:000A78A7
    82 0001:000A78B2    92 0001:000A78E0    93 0001:000A7936    94 0001:000A7940
    97 0001:000A79A3    98 0001:000A79B2    99 0001:000A79B9   100 0001:000A79C4
   102 0001:000A79CC   103 0001:000A79D8   107 0001:000A79FD   108 0001:000A7A09
   109 0001:000A7A28   110 0001:000A7A3C   111 0001:000A7A4E   112 0001:000A7A5D
   113 0001:000A7A6C   114 0001:000A7A75   116 0001:000A7A7C   121 0001:000A7A85
   123 0001:000A7A90   124 0001:000A7A9C   125 0001:000A7AA5   128 0001:000A7AB5
   129 0001:000A7ABA   130 0001:000A7ABE   133 0001:000A7AC9   136 0001:000A7AD7
   137 0001:000A7AE5   139 0001:000A7B76   149 0001:000A7CB4   150 0001:000A7D0A
   151 0001:000A7D14   154 0001:000A7D77   155 0001:000A7D86   156 0001:000A7D8D
   157 0001:000A7D98   159 0001:000A7DA0   160 0001:000A7DAC   164 0001:000A7DD1
   165 0001:000A7DE1   166 0001:000A7E00   167 0001:000A7E14   168 0001:000A7E26
   169 0001:000A7E35   170 0001:000A7E44   171 0001:000A7E53   172 0001:000A7E62
   173 0001:000A7E6B   174 0001:000A7E73   176 0001:000A7E7A   181 0001:000A7E83
   183 0001:000A7E8E   184 0001:000A7E9A   185 0001:000A7EA3   188 0001:000A7EB3
   189 0001:000A7EB8   190 0001:000A7EBC   193 0001:000A7EC7   196 0001:000A7ED5
   197 0001:000A7EE3   199 0001:000A7F74   203 0001:000A80B8   204 0001:000A80CF
   205 0001:000A80D9   208 0001:000A80FF   209 0001:000A8129   219 0001:000A816C
   220 0001:000A81A2   221 0001:000A81AC   224 0001:000A81FB   225 0001:000A820A
   226 0001:000A8211   227 0001:000A821C   229 0001:000A8224   230 0001:000A823C
   233 0001:000A8257   234 0001:000A8263   235 0001:000A8270   236 0001:000A8276
   239 0001:000A8283   240 0001:000A828F   241 0001:000A8298   244 0001:000A82A8
   245 0001:000A82AD   246 0001:000A82B1   250 0001:000A82BC   252 0001:000A82C6
   254 0001:000A82F8   255 0001:000A830A   258 0001:000A8338   261 0001:000A8342
   262 0001:000A8350   263 0001:000A8368   265 0001:000A83C2   268 0001:000A8405
   271 0001:000A8568   272 0001:000A8584   273 0001:000A858E   277 0001:000A85B8
   279 0001:000A85C2   281 0001:000A85CC   282 0001:000A85D2   285 0001:000A85DA
   288 0001:000A85E4   289 0001:000A85EE   291 0001:000A8618   294 0001:000A86A0
   295 0001:000A86A9   296 0001:000A86CD   310 0001:000A86D4   311 0001:000A86FA
   312 0001:000A8714   313 0001:000A8753   315 0001:000A8758   316 0001:000A875F
   317 0001:000A876A   319 0001:000A8776   320 0001:000A8784   321 0001:000A8788
   324 0001:000A878D   326 0001:000A8791   327 0001:000A8799   329 0001:000A879D
   334 0001:000A87A7   335 0001:000A87BB   338 0001:000A87C9   341 0001:000A87D9
   344 0001:000A8818   345 0001:000A8862   347 0001:000A886B   349 0001:000A8883
   350 0001:000A888E   380 0001:000A8988   381 0001:000A89A5   382 0001:000A89AA
   383 0001:000A89AF   384 0001:000A89B4   385 0001:000A89B9   388 0001:000A89BE
   389 0001:000A89C4   390 0001:000A89CC   393 0001:000A89D2   394 0001:000A89DC
   397 0001:000A8A4A   399 0001:000A8A54   400 0001:000A8A5F   402 0001:000A8A67
   403 0001:000A8A89   404 0001:000A8A93   405 0001:000A8B11   407 0001:000A8B48
   408 0001:000A8B50   410 0001:000A8B55   411 0001:000A8B5B   414 0001:000A8B66
   416 0001:000A8B82   419 0001:000A8B97   420 0001:000A8B9D   422 0001:000A8BA6
   426 0001:000A8BC1   427 0001:000A8BC7   429 0001:000A8BD2   430 0001:000A8BD8
   435 0001:000A8BDF   436 0001:000A8BE5   438 0001:000A8BF5   439 0001:000A8BFB
   440 0001:000A8C0A   442 0001:000A8C13   448 0001:000A8C1A   449 0001:000A8C24
   450 0001:000A8C2E   453 0001:000A8C7C   454 0001:000A8C82   458 0001:000A8C8E
   459 0001:000A8CA6   461 0001:000A8CB4   463 0001:000A8CC2   464 0001:000A8CC8
   466 0001:000A8CCE   469 0001:000A8CD2   471 0001:000A8CF2   472 0001:000A8D00
   473 0001:000A8D6D   476 0001:000A8DA1   477 0001:000A8DA7   478 0001:000A8DAE
   481 0001:000A8DB6   482 0001:000A8DBC   484 0001:000A8DCA   485 0001:000A8DD0
   487 0001:000A8DD9   488 0001:000A8DDF   489 0001:000A8DE5   490 0001:000A8DEC
   492 0001:000A8DF7   494 0001:000A8E07   495 0001:000A8E0D   496 0001:000A8E13
   498 0001:000A8E24   502 0001:000A8E2D   503 0001:000A8E39   506 0001:000A8E44
   508 0001:000A8E4A   509 0001:000A8E50   456 0001:000A8E55   514 0001:000A8E71
   516 0001:000A8E79   520 0001:000A8E83   521 0001:000A8E8D   523 0001:000A8EEC
   531 0001:000A913C   533 0001:000A9142   535 0001:000A914C   536 0001:000A9159
   539 0001:000A9160   541 0001:000A9178   542 0001:000A917E   543 0001:000A9187
   545 0001:000A9198   550 0001:000A91A7   551 0001:000A91B1   554 0001:000A91C1
   555 0001:000A91CE   557 0001:000A91E8   558 0001:000A91F7   565 0001:000A9218
   566 0001:000A9227   573 0001:000A9248   574 0001:000A9257   581 0001:000A9278
   582 0001:000A9287   589 0001:000A92A8   590 0001:000A92B7   597 0001:000A92D8
   598 0001:000A92E7   605 0001:000A9305   607 0001:000A930F   612 0001:000A95BC
   614 0001:000A95C6   615 0001:000A95D0   616 0001:000A95DA   617 0001:000A95E4
   618 0001:000A95EE   619 0001:000A95F8   621 0001:000A9602   623 0001:000A960C
   628 0001:000A9610   629 0001:000A9629   630 0001:000A9633   631 0001:000A9638
   632 0001:000A963D   634 0001:000A9647

Line numbers for VfsHooks(VfsHooks.pas) segment .itext

   625 0002:00000924   626 0002:0000093E   627 0002:00000948

Line numbers for VfsControl(VfsControl.pas) segment .text

    27 0001:000A96C0    28 0001:000A96DC    29 0001:000A96E4    31 0001:000A96F8
    32 0001:000A96FE    33 0001:000A9709    35 0001:000A9725    41 0001:000A972C
    42 0001:000A9748    43 0001:000A9755    44 0001:000A976C    50 0001:000A9790
    52 0001:000A97A9    54 0001:000A97B3    56 0001:000A97BE    57 0001:000A97C4
    60 0001:000A97C9    62 0001:000A97D1    63 0001:000A97DD    67 0001:000A97E5
    69 0001:000A97EF    71 0001:000A9843

Line numbers for VfsExport(VfsExport.pas) segment .text

    25 0001:000A9818    26 0001:000A982F    27 0001:000A985C    32 0001:000A98B5

Line numbers for VfsTestHelper(VfsTestHelper.pas) segment .text

    27 0001:000A9888    28 0001:000A988D    29 0001:000A9892    30 0001:000A989D
    31 0001:000A98A8    32 0001:000A98B1    33 0001:000A98BA    34 0001:000A98C1
    35 0001:000A98C8    36 0001:000A98CF    37 0001:000A98D6    38 0001:000A98E0
    39 0001:000A98E6    40 0001:000A98ED    41 0001:000A98F4    42 0001:000A98FB
    43 0001:000A9904    44 0001:000A990C    46 0001:000A9940

Line numbers for VfsMatchingTest(VfsMatchingTest.pas) segment .text

    19 0001:000A9AB0    20 0001:000A9AB8    21 0001:000A9AD6    22 0001:000A9AF4
    23 0001:000A9B12    24 0001:000A9B30    25 0001:000A9B4E    26 0001:000A9B66
    27 0001:000A9B84    28 0001:000A9BA2    29 0001:000A9BBD    30 0001:000A9BDB
    31 0001:000A9BF9

Line numbers for VfsMatchingTest(VfsMatchingTest.pas) segment .itext

    33 0002:00000960    34 0002:0000097C    35 0002:00000991

Line numbers for VfsDebugTest(VfsDebugTest.pas) segment .text

    25 0001:000AA044    26 0001:000AA04E    29 0001:000AA050    30 0001:000AA053
    31 0001:000AA060    34 0001:000AA064    35 0001:000AA079    36 0001:000AA0AF
    42 0001:000AA0E4    43 0001:000AA0EE    45 0001:000AA0F0    46 0001:000AA0FE
    48 0001:000AA12D    51 0001:000AA134    52 0001:000AA143    58 0001:000AA1F0
    59 0001:000AA20B    61 0001:000AA212    62 0001:000AA220    63 0001:000AA225
    64 0001:000AA233    65 0001:000AA242    66 0001:000AA266    68 0001:000AA26F
    69 0001:000AA274    70 0001:000AA27B    71 0001:000AA28A    72 0001:000AA2A5
    74 0001:000AA2BB    75 0001:000AA2C1    78 0001:000AA2D2

Line numbers for VfsDebugTest(VfsDebugTest.pas) segment .itext

    80 0002:000009B4    81 0002:000009D0    82 0002:000009E5

Line numbers for WinUtils(WinUtils.pas) segment .text

   218 0001:000AA408   220 0001:000AA40B   222 0001:000AA415   223 0001:000AA423
   224 0001:000AA432   226 0001:000AA44F   227 0001:000AA453   229 0001:000AA460
   233 0001:000AA46A   235 0001:000AA477   237 0001:000AA481   242 0001:000AA484
   243 0001:000AA4A7

Line numbers for WinUtils(WinUtils.pas) segment .itext

   239 0002:00000A08   240 0002:00000A11   241 0002:00000A1B

Line numbers for VfsUtilsTest(VfsUtilsTest.pas) segment .text

    28 0001:000AA688    29 0001:000AA6DD    31 0001:000AA6E9    33 0001:000AA723
    35 0001:000AA746    34 0001:000AA762    39 0001:000AA774    40 0001:000AA77C
    41 0001:000AA78C    43 0001:000AA7BE    44 0001:000AA7C6    52 0001:000AA8B0
    53 0001:000AA8D1    54 0001:000AA8E0    56 0001:000AA8EC    57 0001:000AA91A
    59 0001:000AA937    60 0001:000AA956    62 0001:000AA998    63 0001:000AA9A0
    64 0001:000AA9A8

Line numbers for VfsUtilsTest(VfsUtilsTest.pas) segment .itext

    66 0002:00000A1C    67 0002:00000A38    68 0002:00000A4D

Line numbers for VfsBaseTest(VfsBaseTest.pas) segment .text

    24 0001:000AAC38    25 0001:000AAC3F    26 0001:000AAC44    29 0001:000AAC48
    30 0001:000AAC4F    31 0001:000AAC54    41 0001:000AAC58    42 0001:000AAC8A
    43 0001:000AAC99    45 0001:000AAC9E    46 0001:000AACDE    47 0001:000AAD27
    48 0001:000AAD70    50 0001:000AAD77    51 0001:000AAD7C    52 0001:000AADA4
    53 0001:000AADAC    55 0001:000AADF8    56 0001:000AADFF    57 0001:000AAE27
    58 0001:000AAE2F    60 0001:000AAE84    62 0001:000AAE8C    63 0001:000AAEA4
    65 0001:000AAEAF    66 0001:000AAEC1    68 0001:000AAEE6    62 0001:000AAEE9
    70 0001:000AAEEE    71 0001:000AAEF6

Line numbers for VfsBaseTest(VfsBaseTest.pas) segment .itext

    73 0002:00000A70    74 0002:00000A8C    75 0002:00000AA1

Line numbers for VfsApiDiggerTest(VfsApiDiggerTest.pas) segment .text

    31 0001:000AB2C4    32 0001:000AB2E3    33 0001:000AB2EF    35 0001:000AB2FB
    36 0001:000AB303    37 0001:000AB310    39 0001:000AB31D    40 0001:000AB325
    41 0001:000AB332    42 0001:000AB340    45 0001:000AB37B

Line numbers for VfsApiDiggerTest(VfsApiDiggerTest.pas) segment .itext

    47 0002:00000AC4    48 0002:00000AE0    49 0002:00000AF5

Line numbers for VfsOpenFilesTest(VfsOpenFilesTest.pas) segment .text

    25 0001:000AB620    26 0001:000AB627    27 0001:000AB62C    30 0001:000AB630
    31 0001:000AB637    32 0001:000AB63C    45 0001:000AB640    46 0001:000AB661
    48 0001:000AB666    49 0001:000AB694    50 0001:000AB6CB    51 0001:000AB702
    53 0001:000AB709    54 0001:000AB731    55 0001:000AB749    56 0001:000AB756
    57 0001:000AB76D    58 0001:000AB7B4    60 0001:000AB7BC    61 0001:000AB7DF
    62 0001:000AB7EC    63 0001:000AB803    64 0001:000AB83F    66 0001:000AB847
    67 0001:000AB86A    68 0001:000AB877    69 0001:000AB88E    70 0001:000AB8CA
    72 0001:000AB8D2    73 0001:000AB8DA

Line numbers for VfsOpenFilesTest(VfsOpenFilesTest.pas) segment .itext

    75 0002:00000B18    76 0002:00000B34    77 0002:00000B49

Line numbers for DataFlows(DataFlows.pas) segment .text

   241 0001:00000000

Line numbers for FilesEx(FilesEx.pas) segment .text

   208 0001:00000000

Line numbers for ConsoleAPI(ConsoleApi.pas) segment .text

   467 0001:00000000

Line numbers for VfsIntegratedTest(VfsIntegratedTest.pas) segment .text

    33 0001:000ABD9C    34 0001:000ABDB1    35 0001:000ABE03    38 0001:000ABE50
    39 0001:000ABE70    40 0001:000ABEBE    46 0001:000ABF10    47 0001:000ABF31
    48 0001:000ABF3C    49 0001:000ABF41    50 0001:000ABF78    51 0001:000ABFAF
    52 0001:000ABFE6    53 0001:000AC01D    54 0001:000AC054    55 0001:000AC05E
    56 0001:000AC065    59 0001:000AC168    60 0001:000AC16F    61 0001:000AC174
    62 0001:000AC17B    72 0001:000AC180    73 0001:000AC18F    74 0001:000AC1A0
    76 0001:000AC1A8    77 0001:000AC1AE    78 0001:000AC1B4    81 0001:000AC1C1
    82 0001:000AC1CD    85 0001:000AC1D7    87 0001:000AC1E0    88 0001:000AC1FE
    89 0001:000AC209    90 0001:000AC239    91 0001:000AC269    92 0001:000AC299
    93 0001:000AC2C9    94 0001:000AC2F9   104 0001:000AC3CC   105 0001:000AC3D5
   107 0001:000AC3DC   108 0001:000AC3F4   110 0001:000AC3FA   112 0001:000AC404
   113 0001:000AC421   114 0001:000AC42C   115 0001:000AC458   116 0001:000AC486
   117 0001:000AC4B4   118 0001:000AC4E2   128 0001:000AC59C   129 0001:000AC5A5
   130 0001:000AC5B5   132 0001:000AC5BC   133 0001:000AC5DD   134 0001:000AC5E5
   136 0001:000AC5F0   137 0001:000AC5FE   139 0001:000AC615   141 0001:000AC641
   142 0001:000AC65E   143 0001:000AC672   144 0001:000AC6AD   145 0001:000AC6B6
   147 0001:000AC6D3   148 0001:000AC6E2   149 0001:000AC6F6   150 0001:000AC731
   151 0001:000AC73A   153 0001:000AC757   154 0001:000AC77E   155 0001:000AC78D
   156 0001:000AC7A1   157 0001:000AC7DC   158 0001:000AC7E5   160 0001:000AC802
   161 0001:000AC825   163 0001:000AC844   165 0001:000AC854   185 0001:000ACDA8
   186 0001:000ACDD0   188 0001:000ACDDC   190 0001:000ACDF4   191 0001:000ACDFA
   194 0001:000ACE1B   193 0001:000ACE3A   197 0001:000ACE4E   199 0001:000ACE57
   205 0001:000ACE84   206 0001:000ACEAA   208 0001:000ACEB6   210 0001:000ACEC6
   209 0001:000ACEDC   213 0001:000ACEED   215 0001:000ACF24   216 0001:000ACF46
   217 0001:000ACF4B   219 0001:000ACF5A   220 0001:000ACF62   222 0001:000ACF6D
   223 0001:000ACF7B   224 0001:000ACF98   225 0001:000ACFA8   226 0001:000ACFBA
   228 0001:000ACFC2   229 0001:000ACFDF   230 0001:000ACFEF   231 0001:000AD001
   233 0001:000AD009   234 0001:000AD026   235 0001:000AD036   236 0001:000AD048
   238 0001:000AD05D   239 0001:000AD065   240 0001:000AD06D   242 0001:000AD07D

Line numbers for VfsIntegratedTest(VfsIntegratedTest.pas) segment .itext

   244 0002:00000B6C   245 0002:00000B88   246 0002:00000B9D

Line numbers for VfsTest(VfsTest.dpr) segment .itext

    12 0002:00000BC0    13 0002:00000BD0    14 0002:00000BD8    15 0002:00000BDD
    16 0002:00000BE7

Bound resource files

d:\soft\programming\delphi\lib\Controls.res
d:\soft\programming\delphi\lib\Buttons.res
d:\soft\programming\delphi\lib\ExtDlgs.res
d:\soft\programming\delphi\lib\GUITestRunner.DFM
VfsTest.drf


Program entry point at 0002:00000BC0
